Archive member included to satisfy reference by file (symbol)

/home/ben/ros2_ws/src/spot_micro/pico/sdk/micro_ros_raspberrypi_pico_sdk/libmicroros/libmicroros.a(librclc-executor.c.obj)
                              CMakeFiles/pico_9685_subscriber.dir/src/pico_9685_subscriber.cpp.obj (rclc_executor_init)
/home/ben/ros2_ws/src/spot_micro/pico/sdk/micro_ros_raspberrypi_pico_sdk/libmicroros/libmicroros.a(librclc-executor_handle.c.obj)
                              /home/ben/ros2_ws/src/spot_micro/pico/sdk/micro_ros_raspberrypi_pico_sdk/libmicroros/libmicroros.a(librclc-executor.c.obj) (rclc_executor_handle_counters_zero_init)
/home/ben/ros2_ws/src/spot_micro/pico/sdk/micro_ros_raspberrypi_pico_sdk/libmicroros/libmicroros.a(librclc-init.c.obj)
                              CMakeFiles/pico_9685_subscriber.dir/src/pico_9685_subscriber.cpp.obj (rclc_support_init)
/home/ben/ros2_ws/src/spot_micro/pico/sdk/micro_ros_raspberrypi_pico_sdk/libmicroros/libmicroros.a(librclc-node.c.obj)
                              CMakeFiles/pico_9685_subscriber.dir/src/pico_9685_subscriber.cpp.obj (rclc_node_init_default)
/home/ben/ros2_ws/src/spot_micro/pico/sdk/micro_ros_raspberrypi_pico_sdk/libmicroros/libmicroros.a(librclc-sleep.c.obj)
                              /home/ben/ros2_ws/src/spot_micro/pico/sdk/micro_ros_raspberrypi_pico_sdk/libmicroros/libmicroros.a(librclc-executor.c.obj) (rclc_sleep_ms)
/home/ben/ros2_ws/src/spot_micro/pico/sdk/micro_ros_raspberrypi_pico_sdk/libmicroros/libmicroros.a(librclc-subscription.c.obj)
                              CMakeFiles/pico_9685_subscriber.dir/src/pico_9685_subscriber.cpp.obj (rclc_subscription_init_default)
/home/ben/ros2_ws/src/spot_micro/pico/sdk/micro_ros_raspberrypi_pico_sdk/libmicroros/libmicroros.a(librcutils-allocator.c.obj)
                              CMakeFiles/pico_9685_subscriber.dir/src/pico_9685_subscriber.cpp.obj (rcutils_get_default_allocator)
/home/ben/ros2_ws/src/spot_micro/pico/sdk/micro_ros_raspberrypi_pico_sdk/libmicroros/libmicroros.a(librcutils-error_handling.c.obj)
                              /home/ben/ros2_ws/src/spot_micro/pico/sdk/micro_ros_raspberrypi_pico_sdk/libmicroros/libmicroros.a(librclc-executor.c.obj) (rcutils_reset_error)
/home/ben/ros2_ws/src/spot_micro/pico/sdk/micro_ros_raspberrypi_pico_sdk/libmicroros/libmicroros.a(librcutils-time_unix.c.obj)
                              /home/ben/ros2_ws/src/spot_micro/pico/sdk/micro_ros_raspberrypi_pico_sdk/libmicroros/libmicroros.a(librclc-executor.c.obj) (rcutils_system_time_now)
/home/ben/ros2_ws/src/spot_micro/pico/sdk/micro_ros_raspberrypi_pico_sdk/libmicroros/libmicroros.a(librmw_microxrcedds-custom_transport.c.obj)
                              CMakeFiles/pico_9685_subscriber.dir/src/pico_9685_subscriber.cpp.obj (rmw_uros_set_custom_transport)
/home/ben/ros2_ws/src/spot_micro/pico/sdk/micro_ros_raspberrypi_pico_sdk/libmicroros/libmicroros.a(librmw_microxrcedds-ping.c.obj)
                              CMakeFiles/pico_9685_subscriber.dir/src/pico_9685_subscriber.cpp.obj (rmw_uros_ping_agent)
/home/ben/ros2_ws/src/spot_micro/pico/sdk/micro_ros_raspberrypi_pico_sdk/libmicroros/libmicroros.a(librmw_microxrcedds-rmw_uxrce_transports.c.obj)
                              /home/ben/ros2_ws/src/spot_micro/pico/sdk/micro_ros_raspberrypi_pico_sdk/libmicroros/libmicroros.a(librmw_microxrcedds-ping.c.obj) (rmw_uxrce_transport_init)
/home/ben/ros2_ws/src/spot_micro/pico/sdk/micro_ros_raspberrypi_pico_sdk/libmicroros/libmicroros.a(librmw_microxrcedds-types.c.obj)
                              /home/ben/ros2_ws/src/spot_micro/pico/sdk/micro_ros_raspberrypi_pico_sdk/libmicroros/libmicroros.a(librmw_microxrcedds-ping.c.obj) (session_memory)
/home/ben/ros2_ws/src/spot_micro/pico/sdk/micro_ros_raspberrypi_pico_sdk/libmicroros/libmicroros.a(libstd_msgs__rosidl_typesupport_c-int16_multi_array__type_support.cpp.obj)
                              CMakeFiles/pico_9685_subscriber.dir/src/pico_9685_subscriber.cpp.obj (rosidl_typesupport_c__get_message_type_support_handle__std_msgs__msg__Int16MultiArray)
/home/ben/ros2_ws/src/spot_micro/pico/sdk/micro_ros_raspberrypi_pico_sdk/libmicroros/libmicroros.a(libstd_msgs__rosidl_typesupport_introspection_c-int16_multi_array__type_support.c.obj)
                              /home/ben/ros2_ws/src/spot_micro/pico/sdk/micro_ros_raspberrypi_pico_sdk/libmicroros/libmicroros.a(libstd_msgs__rosidl_typesupport_c-int16_multi_array__type_support.cpp.obj) (rosidl_typesupport_introspection_c__get_message_type_support_handle__std_msgs__msg__Int16MultiArray)
/home/ben/ros2_ws/src/spot_micro/pico/sdk/micro_ros_raspberrypi_pico_sdk/libmicroros/libmicroros.a(libstd_msgs__rosidl_typesupport_introspection_c-multi_array_layout__type_support.c.obj)
[...]
Memory Configuration

Name             Origin             Length             Attributes
FLASH            0x0000000010000000 0x0000000000200000 xr
RAM              0x0000000020000000 0x0000000000040000 xrw
SCRATCH_X        0x0000000020040000 0x0000000000001000 xrw
SCRATCH_Y        0x0000000020041000 0x0000000000001000 xrw
*default*        0x0000000000000000 0xffffffffffffffff

Linker script and memory map

LOAD /usr/lib/gcc/arm-none-eabi/10.3.1/thumb/v6-m/nofp/crti.o
LOAD /usr/lib/gcc/arm-none-eabi/10.3.1/thumb/v6-m/nofp/crtbegin.o
LOAD /usr/lib/gcc/arm-none-eabi/10.3.1/../../../arm-none-eabi/lib/thumb/v6-m/nofp/crt0.o

.flash_begin    0x0000000010000000        0x0
                0x0000000010000000                __flash_binary_start = .

.boot2          0x0000000010000000      0x100
                0x0000000010000000                __boot2_start__ = .
 *(.boot2)
 .boot2         0x0000000010000000      0x100 /tmp/ccV1fR3J.o
                0x0000000010000100                __boot2_end__ = .
                0x0000000000000001                ASSERT (((__boot2_end__ - __boot2_start__) == 0x100), ERROR: Pico second stage bootloader must be 256 bytes in size)

.text           0x0000000010000100    0x13dd0
                0x0000000010000100                __logical_binary_start = .
 *(.vectors)
 .vectors       0x0000000010000100       0xd4 CMakeFiles/pico_9685_subscriber.dir/home/ben/pico-sdk/src/rp2_common/pico_standard_link/crt0.S.obj
                0x0000000010000100                __vectors
                0x0000000010000100                __VECTOR_TABLE
                0x00000000100001c0                isr_invalid
                0x00000000100001c0                __default_isrs_start
                0x00000000100001c2                isr_nmi
                0x00000000100001c4                isr_hardfault
                0x00000000100001c6                isr_svcall
                0x00000000100001c8                isr_pendsv
                0x00000000100001ca                isr_systick
                0x00000000100001cc                isr_irq30
                0x00000000100001cc                __unhandled_user_irq
                0x00000000100001cc                isr_irq13
                0x00000000100001cc                isr_irq27
                0x00000000100001cc                isr_irq31
                0x00000000100001cc                isr_irq5
                0x00000000100001cc                isr_irq11
                0x00000000100001cc                isr_irq23
                0x00000000100001cc                isr_irq18
                0x00000000100001cc                isr_irq28
                0x00000000100001cc                isr_irq19
                0x00000000100001cc                isr_irq0
                0x00000000100001cc                isr_irq6
                0x00000000100001cc                isr_irq22
                0x00000000100001cc                isr_irq17
                0x00000000100001cc                isr_irq14
                0x00000000100001cc                isr_irq2
                0x00000000100001cc                isr_irq10
                0x00000000100001cc                isr_irq8
                0x00000000100001cc                isr_irq24
                0x00000000100001cc                isr_irq1
                0x00000000100001cc                isr_irq7
                0x00000000100001cc                isr_irq21
                0x00000000100001cc                isr_irq20
                0x00000000100001cc                isr_irq15
                0x00000000100001cc                isr_irq25
                0x00000000100001cc                isr_irq4
                0x00000000100001cc                isr_irq16
                0x00000000100001cc                isr_irq29
                0x00000000100001cc                isr_irq26
                0x00000000100001cc                __default_isrs_end
                0x00000000100001cc                isr_irq3
                0x00000000100001cc                isr_irq12
                0x00000000100001cc                isr_irq9
                0x00000000100001d2                unhandled_user_irq_num_in_r0
 *(.binary_info_header)
 .binary_info_header
                0x00000000100001d4       0x14 CMakeFiles/pico_9685_subscriber.dir/home/ben/pico-sdk/src/rp2_common/pico_standard_link/crt0.S.obj
                0x00000000100001e8                __binary_info_header_end = .
 *(.reset)
 .reset         0x00000000100001e8       0xa8 CMakeFiles/pico_9685_subscriber.dir/home/ben/pico-sdk/src/rp2_common/pico_standard_link/crt0.S.obj
                0x00000000100001e8                _entry_point
                0x0000000010000266                __get_current_exception
 .reset         0x0000000010000290       0x30 CMakeFiles/pico_9685_subscriber.dir/home/ben/pico-sdk/src/rp2_common/pico_standard_link/binary_info.c.obj
 *(.init)
 .init          0x00000000100002c0        0x4 /usr/lib/gcc/arm-none-eabi/10.3.1/thumb/v6-m/nofp/crti.o
                0x00000000100002c0                _init
 *(EXCLUDE_FILE(*libm.a: *libc.a:*lib_a-mem*.o *libgcc.a:) .text*)
 .text          0x00000000100002c4       0x98 /usr/lib/gcc/arm-none-eabi/10.3.1/thumb/v6-m/nofp/crtbegin.o
 .text._Z21subscription_callbackPKv
                0x000000001000035c       0x58 CMakeFiles/pico_9685_subscriber.dir/src/pico_9685_subscriber.cpp.obj
                0x000000001000035c                subscription_callback(void const*)
 .text._Z20PCA9685_setFrequencyt
                0x00000000100003b4       0xb0 CMakeFiles/pico_9685_subscriber.dir/src/pico_9685_subscriber.cpp.obj
                0x00000000100003b4                PCA9685_setFrequency(unsigned short)
 .text._Z13PCA9685_beginv
                0x0000000010000464       0x84 CMakeFiles/pico_9685_subscriber.dir/src/pico_9685_subscriber.cpp.obj
                0x0000000010000464                PCA9685_begin()
 .text.startup.main
                0x00000000100004e8       0xf8 CMakeFiles/pico_9685_subscriber.dir/src/pico_9685_subscriber.cpp.obj
                0x00000000100004e8                main
 .text.clock_gettime
                0x00000000100005e0       0x3c CMakeFiles/pico_9685_subscriber.dir/sdk/micro_ros_raspberrypi_pico_sdk/pico_uart_transport.c.obj
                0x00000000100005e0                clock_gettime
 .text.gpio_set_function
                0x000000001000061c       0x30 CMakeFiles/pico_9685_subscriber.dir/home/ben/pico-sdk/src/rp2_common/hardware_gpio/gpio.c.obj
                0x000000001000061c                gpio_set_function
 .text.gpio_set_pulls
                0x000000001000064c       0x30 CMakeFiles/pico_9685_subscriber.dir/home/ben/pico-sdk/src/rp2_common/hardware_gpio/gpio.c.obj
                0x000000001000064c                gpio_set_pulls
 .text.gpio_init
                0x000000001000067c       0x3c CMakeFiles/pico_9685_subscriber.dir/home/ben/pico-sdk/src/rp2_common/hardware_gpio/gpio.c.obj
                0x000000001000067c                gpio_init
 .text.hw_claim_or_assert
                0x00000000100006b8       0x44 CMakeFiles/pico_9685_subscriber.dir/home/ben/pico-sdk/src/rp2_common/hardware_claim/claim.c.obj
                0x00000000100006b8                hw_claim_or_assert
 .text.running_on_fpga
                0x00000000100006fc       0x10 CMakeFiles/pico_9685_subscriber.dir/home/ben/pico-sdk/src/rp2_common/pico_platform/platform.c.obj
                0x00000000100006fc                running_on_fpga
 .text.spin_locks_reset
                0x000000001000070c       0x1c CMakeFiles/pico_9685_subscriber.dir/home/ben/pico-sdk/src/rp2_common/hardware_sync/sync.c.obj
                0x000000001000070c                spin_locks_reset
 .text.next_striped_spin_lock_num
                0x0000000010000728       0x18 CMakeFiles/pico_9685_subscriber.dir/home/ben/pico-sdk/src/rp2_common/hardware_sync/sync.c.obj
                0x0000000010000728                next_striped_spin_lock_num
 .text.irq_set_enabled
                0x0000000010000740       0x24 CMakeFiles/pico_9685_subscriber.dir/home/ben/pico-sdk/src/rp2_common/hardware_irq/irq.c.obj
                0x0000000010000740                irq_set_enabled
 .text.irq_get_vtable_handler
                0x0000000010000764       0x10 CMakeFiles/pico_9685_subscriber.dir/home/ben/pico-sdk/src/rp2_common/hardware_irq/irq.c.obj
                0x0000000010000764                irq_get_vtable_handler
 .text.irq_set_exclusive_handler
                0x0000000010000774       0x54 CMakeFiles/pico_9685_subscriber.dir/home/ben/pico-sdk/src/rp2_common/hardware_irq/irq.c.obj
                0x0000000010000774                irq_set_exclusive_handler
 .text.irq_remove_handler
                0x00000000100007c8      0x1b4 CMakeFiles/pico_9685_subscriber.dir/home/ben/pico-sdk/src/rp2_common/hardware_irq/irq.c.obj
                0x00000000100007c8                irq_remove_handler
 .text.irq_add_tail_to_free_list
                0x000000001000097c       0xb4 CMakeFiles/pico_9685_subscriber.dir/home/ben/pico-sdk/src/rp2_common/hardware_irq/irq.c.obj
                0x000000001000097c                irq_add_tail_to_free_list
 .text.irq_init_priorities
                0x0000000010000a30       0x24 CMakeFiles/pico_9685_subscriber.dir/home/ben/pico-sdk/src/rp2_common/hardware_irq/irq.c.obj
                0x0000000010000a30                irq_init_priorities
 .text.lock_init
                0x0000000010000a54       0x10 CMakeFiles/pico_9685_subscriber.dir/home/ben/pico-sdk/src/common/pico_sync/lock_core.c.obj
                0x0000000010000a54                lock_init
 .text.timer_pool_entry_comparator
                0x0000000010000a64       0x34 CMakeFiles/pico_9685_subscriber.dir/home/ben/pico-sdk/src/common/pico_time/time.c.obj
                0x0000000010000a64                timer_pool_entry_comparator
 .text.sleep_until_callback
                0x0000000010000a98       0x30 CMakeFiles/pico_9685_subscriber.dir/home/ben/pico-sdk/src/common/pico_time/time.c.obj
 .text.add_alarm_under_lock.isra.0
                0x0000000010000ac8      0x100 CMakeFiles/pico_9685_subscriber.dir/home/ben/pico-sdk/src/common/pico_time/time.c.obj
 .text.alarm_pool_alarm_callback
                0x0000000010000bc8      0x1c8 CMakeFiles/pico_9685_subscriber.dir/home/ben/pico-sdk/src/common/pico_time/time.c.obj
 .text.alarm_pool_add_alarm_at.constprop.0
                0x0000000010000d90      0x11c CMakeFiles/pico_9685_subscriber.dir/home/ben/pico-sdk/src/common/pico_time/time.c.obj
 .text.alarm_pool_init_default
                0x0000000010000eac       0x64 CMakeFiles/pico_9685_subscriber.dir/home/ben/pico-sdk/src/common/pico_time/time.c.obj
                0x0000000010000eac                alarm_pool_init_default
 .text.sleep_until
                0x0000000010000f10       0xac CMakeFiles/pico_9685_subscriber.dir/home/ben/pico-sdk/src/common/pico_time/time.c.obj
                0x0000000010000f10                sleep_until
 .text.sleep_us
                0x0000000010000fbc       0x30 CMakeFiles/pico_9685_subscriber.dir/home/ben/pico-sdk/src/common/pico_time/time.c.obj
                0x0000000010000fbc                sleep_us
 .text.sleep_ms
                0x0000000010000fec       0x38 CMakeFiles/pico_9685_subscriber.dir/home/ben/pico-sdk/src/common/pico_time/time.c.obj
                0x0000000010000fec                sleep_ms
 .text.hardware_alarm_irq_handler
                0x0000000010001024       0xb8 CMakeFiles/pico_9685_subscriber.dir/home/ben/pico-sdk/src/rp2_common/hardware_timer/timer.c.obj
 .text.hardware_alarm_claim
                0x00000000100010dc       0x18 CMakeFiles/pico_9685_subscriber.dir/home/ben/pico-sdk/src/rp2_common/hardware_timer/timer.c.obj
                0x00000000100010dc                hardware_alarm_claim
 .text.time_us_64
                0x00000000100010f4       0x14 CMakeFiles/pico_9685_subscriber.dir/home/ben/pico-sdk/src/rp2_common/hardware_timer/timer.c.obj
                0x00000000100010f4                time_us_64
 .text.busy_wait_us
                0x0000000010001108       0x54 CMakeFiles/pico_9685_subscriber.dir/home/ben/pico-sdk/src/rp2_common/hardware_timer/timer.c.obj
                0x0000000010001108                busy_wait_us
 .text.busy_wait_until
                0x000000001000115c       0x20 CMakeFiles/pico_9685_subscriber.dir/home/ben/pico-sdk/src/rp2_common/hardware_timer/timer.c.obj
                0x000000001000115c                busy_wait_until
 .text.hardware_alarm_set_callback
                0x000000001000117c       0x8c CMakeFiles/pico_9685_subscriber.dir/home/ben/pico-sdk/src/rp2_common/hardware_timer/timer.c.obj
                0x000000001000117c                hardware_alarm_set_callback
 .text.hardware_alarm_set_target
                0x0000000010001208       0xe0 CMakeFiles/pico_9685_subscriber.dir/home/ben/pico-sdk/src/rp2_common/hardware_timer/timer.c.obj
                0x0000000010001208                hardware_alarm_set_target
 .text.hardware_alarm_cancel
                0x00000000100012e8       0x3c CMakeFiles/pico_9685_subscriber.dir/home/ben/pico-sdk/src/rp2_common/hardware_timer/timer.c.obj
                0x00000000100012e8                hardware_alarm_cancel
 .text.ph_merge_nodes
                0x0000000010001324       0x68 CMakeFiles/pico_9685_subscriber.dir/home/ben/pico-sdk/src/common/pico_util/pheap.c.obj
 .text.ph_post_alloc_init
                0x000000001000138c       0x3c CMakeFiles/pico_9685_subscriber.dir/home/ben/pico-sdk/src/common/pico_util/pheap.c.obj
                0x000000001000138c                ph_post_alloc_init
 .text.ph_merge_two_pass
                0x00000000100013c8       0x90 CMakeFiles/pico_9685_subscriber.dir/home/ben/pico-sdk/src/common/pico_util/pheap.c.obj
                0x00000000100013c8                ph_merge_two_pass
 .text.ph_remove_any_head
                0x0000000010001458       0xf8 CMakeFiles/pico_9685_subscriber.dir/home/ben/pico-sdk/src/common/pico_util/pheap.c.obj
 .text.ph_remove_head
                0x0000000010001550       0xfc CMakeFiles/pico_9685_subscriber.dir/home/ben/pico-sdk/src/common/pico_util/pheap.c.obj
                0x0000000010001550                ph_remove_head
 .text.ph_remove_and_free_node
                0x000000001000164c       0x7c CMakeFiles/pico_9685_subscriber.dir/home/ben/pico-sdk/src/common/pico_util/pheap.c.obj
                0x000000001000164c                ph_remove_and_free_node
 .text.mutex_init
                0x00000000100016c8       0x1c CMakeFiles/pico_9685_subscriber.dir/home/ben/pico-sdk/src/common/pico_sync/mutex.c.obj
                0x00000000100016c8                mutex_init
 .text.recursive_mutex_init
                0x00000000100016e4       0x1c CMakeFiles/pico_9685_subscriber.dir/home/ben/pico-sdk/src/common/pico_sync/mutex.c.obj
                0x00000000100016e4                recursive_mutex_init
 .text.runtime_init
                0x0000000010001700       0xf0 CMakeFiles/pico_9685_subscriber.dir/home/ben/pico-sdk/src/rp2_common/pico_runtime/runtime.c.obj
                0x0000000010001700                runtime_init
 .text._sbrk    0x00000000100017f0       0x34 CMakeFiles/pico_9685_subscriber.dir/home/ben/pico-sdk/src/rp2_common/pico_runtime/runtime.c.obj
                0x00000000100017f0                _sbrk
 .text.exit     0x0000000010001824        0x4 CMakeFiles/pico_9685_subscriber.dir/home/ben/pico-sdk/src/rp2_common/pico_runtime/runtime.c.obj
                0x0000000010001824                exit
 .text.panic    0x0000000010001828       0x30 CMakeFiles/pico_9685_subscriber.dir/home/ben/pico-sdk/src/rp2_common/pico_runtime/runtime.c.obj
                0x0000000010001828                panic
 .text.hard_assertion_failure
                0x0000000010001858        0xc CMakeFiles/pico_9685_subscriber.dir/home/ben/pico-sdk/src/rp2_common/pico_runtime/runtime.c.obj
                0x0000000010001858                hard_assertion_failure
 .text.clocks_init
                0x0000000010001864      0x2bc CMakeFiles/pico_9685_subscriber.dir/home/ben/pico-sdk/src/rp2_common/hardware_clocks/clocks.c.obj
                0x0000000010001864                clocks_init
 .text.clock_get_hz
                0x0000000010001b20        0xc CMakeFiles/pico_9685_subscriber.dir/home/ben/pico-sdk/src/rp2_common/hardware_clocks/clocks.c.obj
                0x0000000010001b20                clock_get_hz
 .text.pll_init
                0x0000000010001b2c       0xb0 CMakeFiles/pico_9685_subscriber.dir/home/ben/pico-sdk/src/rp2_common/hardware_pll/pll.c.obj
                0x0000000010001b2c                pll_init
 .text.watchdog_start_tick
                0x0000000010001bdc       0x10 CMakeFiles/pico_9685_subscriber.dir/home/ben/pico-sdk/src/rp2_common/hardware_watchdog/watchdog.c.obj
                0x0000000010001bdc                watchdog_start_tick
 .text.xosc_init
                0x0000000010001bec       0x28 CMakeFiles/pico_9685_subscriber.dir/home/ben/pico-sdk/src/rp2_common/hardware_xosc/xosc.c.obj
                0x0000000010001bec                xosc_init
 .text._out_buffer
                0x0000000010001c14        0x8 CMakeFiles/pico_9685_subscriber.dir/home/ben/pico-sdk/src/rp2_common/pico_printf/printf.c.obj
 .text._out_null
                0x0000000010001c1c        0x4 CMakeFiles/pico_9685_subscriber.dir/home/ben/pico-sdk/src/rp2_common/pico_printf/printf.c.obj
 .text._out_rev
                0x0000000010001c20       0x9c CMakeFiles/pico_9685_subscriber.dir/home/ben/pico-sdk/src/rp2_common/pico_printf/printf.c.obj
 .text._ntoa_format
                0x0000000010001cbc      0x1cc CMakeFiles/pico_9685_subscriber.dir/home/ben/pico-sdk/src/rp2_common/pico_printf/printf.c.obj
 .text._out_char
                0x0000000010001e88       0x10 CMakeFiles/pico_9685_subscriber.dir/home/ben/pico-sdk/src/rp2_common/pico_printf/printf.c.obj
 .text._etoa    0x0000000010001e98      0x44c CMakeFiles/pico_9685_subscriber.dir/home/ben/pico-sdk/src/rp2_common/pico_printf/printf.c.obj
 .text._ftoa    0x00000000100022e4      0x398 CMakeFiles/pico_9685_subscriber.dir/home/ben/pico-sdk/src/rp2_common/pico_printf/printf.c.obj
 .text._vsnprintf
                0x000000001000267c      0xb04 CMakeFiles/pico_9685_subscriber.dir/home/ben/pico-sdk/src/rp2_common/pico_printf/printf.c.obj
 .text.__wrap_snprintf
                0x0000000010003180       0x28 CMakeFiles/pico_9685_subscriber.dir/home/ben/pico-sdk/src/rp2_common/pico_printf/printf.c.obj
                0x0000000010003180                __wrap_snprintf
 .text.__wrap_vsnprintf
                0x00000000100031a8       0x1c CMakeFiles/pico_9685_subscriber.dir/home/ben/pico-sdk/src/rp2_common/pico_printf/printf.c.obj
                0x00000000100031a8                __wrap_vsnprintf
 .text.weak_raw_vprintf
                0x00000000100031c4       0x30 CMakeFiles/pico_9685_subscriber.dir/home/ben/pico-sdk/src/rp2_common/pico_printf/printf.c.obj
                0x00000000100031c4                weak_raw_vprintf
 .text          0x00000000100031f4       0x10 CMakeFiles/pico_9685_subscriber.dir/home/ben/pico-sdk/src/rp2_common/pico_bit_ops/bit_ops_aeabi.S.obj
 .text.rom_func_lookup
                0x0000000010003204       0x10 CMakeFiles/pico_9685_subscriber.dir/home/ben/pico-sdk/src/rp2_common/pico_bootrom/bootrom.c.obj
                0x0000000010003204                rom_func_lookup
 .text.rom_data_lookup
                0x0000000010003214       0x10 CMakeFiles/pico_9685_subscriber.dir/home/ben/pico-sdk/src/rp2_common/pico_bootrom/bootrom.c.obj
                0x0000000010003214                rom_data_lookup
 .text.rom_funcs_lookup
                0x0000000010003224       0x44 CMakeFiles/pico_9685_subscriber.dir/home/ben/pico-sdk/src/rp2_common/pico_bootrom/bootrom.c.obj
                0x0000000010003224                rom_funcs_lookup
 .text.__wrap___aeabi_idiv
                0x0000000010003268       0x50 CMakeFiles/pico_9685_subscriber.dir/home/ben/pico-sdk/src/rp2_common/pico_divider/divider.S.obj
                0x0000000010003268                __wrap___aeabi_idivmod
                0x0000000010003268                divmod_s32s32
                0x0000000010003268                div_s32s32
                0x0000000010003268                __wrap___aeabi_idiv
                0x0000000010003270                divmod_s32s32_unsafe
                0x000000001000329c                divmod_s32s32_savestate
 .text.__wrap___aeabi_uidiv
                0x00000000100032b8       0x4c CMakeFiles/pico_9685_subscriber.dir/home/ben/pico-sdk/src/rp2_common/pico_divider/divider.S.obj
                0x00000000100032b8                __wrap___aeabi_uidiv
                0x00000000100032b8                __wrap___aeabi_uidivmod
                0x00000000100032b8                div_u32u32
                0x00000000100032b8                divmod_u32u32
                0x00000000100032c0                divmod_u32u32_unsafe
                0x00000000100032e8                divmod_u32u32_savestate
 .text.__wrap___aeabi_ldiv
                0x0000000010003304      0x434 CMakeFiles/pico_9685_subscriber.dir/home/ben/pico-sdk/src/rp2_common/pico_divider/divider.S.obj
                0x0000000010003304                div_s64s64
                0x0000000010003304                divmod_s64s64
                0x0000000010003304                __wrap___aeabi_ldivmod
                0x000000001000333c                div_u64u64
                0x000000001000333c                divmod_u64u64
                0x000000001000333c                __wrap___aeabi_uldivmod
                0x000000001000334c                divmod_u64u64_savestate
                0x0000000010003374                divmod_s64s64_unsafe
                0x00000000100033fc                divmod_u64u64_unsafe
 .text.__wrap___aeabi_darithmetic
                0x0000000010003738       0x80 CMakeFiles/pico_9685_subscriber.dir/home/ben/pico-sdk/src/rp2_common/pico_double/double_aeabi.S.obj
                0x0000000010003738                __wrap___aeabi_drsub
                0x000000001000373e                __wrap___aeabi_dsub
                0x0000000010003750                __wrap___aeabi_dadd
                0x0000000010003762                __wrap___aeabi_ddiv
                0x000000001000379e                __wrap___aeabi_dmul
 .text.__wrap___aeabi_cdcmple
                0x00000000100037b8       0x6c CMakeFiles/pico_9685_subscriber.dir/home/ben/pico-sdk/src/rp2_common/pico_double/double_aeabi.S.obj
                0x00000000100037b8                __wrap___aeabi_cdrcmple
                0x00000000100037c8                __wrap___aeabi_cdcmple
                0x00000000100037c8                __wrap___aeabi_cdcmpeq
 .text.__wrap___aeabi_dcmplt
                0x0000000010003824        0xc CMakeFiles/pico_9685_subscriber.dir/home/ben/pico-sdk/src/rp2_common/pico_double/double_aeabi.S.obj
                0x0000000010003824                __wrap___aeabi_dcmplt
 .text.__wrap___aeabi_dcmple
                0x0000000010003830       0x10 CMakeFiles/pico_9685_subscriber.dir/home/ben/pico-sdk/src/rp2_common/pico_double/double_aeabi.S.obj
                0x0000000010003830                __wrap___aeabi_dcmple
 .text.__wrap___aeabi_dcmpge
                0x0000000010003840       0x10 CMakeFiles/pico_9685_subscriber.dir/home/ben/pico-sdk/src/rp2_common/pico_double/double_aeabi.S.obj
                0x0000000010003840                __wrap___aeabi_dcmpge
 .text.__wrap___aeabi_dcmpgt
                0x0000000010003850        0xa CMakeFiles/pico_9685_subscriber.dir/home/ben/pico-sdk/src/rp2_common/pico_double/double_aeabi.S.obj
                0x0000000010003850                __wrap___aeabi_dcmpgt
 .text.__wrap___aeabi_dcmpun
                0x000000001000385a       0x1c CMakeFiles/pico_9685_subscriber.dir/home/ben/pico-sdk/src/rp2_common/pico_double/double_aeabi.S.obj
                0x000000001000385a                __wrap___aeabi_dcmpun
 *fill*         0x0000000010003876        0x2 
 .text.__wrap___aeabi_i2d
                0x0000000010003878       0x38 CMakeFiles/pico_9685_subscriber.dir/home/ben/pico-sdk/src/rp2_common/pico_double/double_aeabi.S.obj
                0x0000000010003878                __wrap___aeabi_ui2d
                0x0000000010003880                __wrap___aeabi_i2d
 .text.__wrap___aeabi_d2iz
                0x00000000100038b0       0x48 CMakeFiles/pico_9685_subscriber.dir/home/ben/pico-sdk/src/rp2_common/pico_double/double_aeabi.S.obj
                0x00000000100038b0                __wrap___aeabi_d2iz
                0x00000000100038b0                double2int_z
 .text.__wrap___aeabi_d2uiz
                0x00000000100038f8       0x18 CMakeFiles/pico_9685_subscriber.dir/home/ben/pico-sdk/src/rp2_common/pico_double/double_aeabi.S.obj
                0x00000000100038f8                double2uint
                0x00000000100038f8                __wrap___aeabi_d2uiz
 .text.__aeabi_double_init
                0x0000000010003910       0x94 CMakeFiles/pico_9685_subscriber.dir/home/ben/pico-sdk/src/rp2_common/pico_double/double_init_rom.c.obj
                0x0000000010003910                __aeabi_double_init
 .text.double_table_shim_on_use_helper
                0x00000000100039a4       0x2c CMakeFiles/pico_9685_subscriber.dir/home/ben/pico-sdk/src/rp2_common/pico_double/double_v1_rom_shim.S.obj
                0x00000000100039a4                double_table_shim_on_use_helper
 .text.__wrap___aeabi_dsub
                0x00000000100039d0       0x10 CMakeFiles/pico_9685_subscriber.dir/home/ben/pico-sdk/src/rp2_common/pico_double/double_v1_rom_shim.S.obj
                0x00000000100039d0                drsub_shim
                0x00000000100039d6                dsub_shim
 .text.dadd_shim
                0x00000000100039e0      0x15c CMakeFiles/pico_9685_subscriber.dir/home/ben/pico-sdk/src/rp2_common/pico_double/double_v1_rom_shim.S.obj
                0x00000000100039e0                dadd_shim
 .text.dmul_shim
                0x0000000010003b3c      0x15c CMakeFiles/pico_9685_subscriber.dir/home/ben/pico-sdk/src/rp2_common/pico_double/double_v1_rom_shim.S.obj
                0x0000000010003b3c                dmul_shim
 .text.ddiv_shim
                0x0000000010003c98      0x1b0 CMakeFiles/pico_9685_subscriber.dir/home/ben/pico-sdk/src/rp2_common/pico_double/double_v1_rom_shim.S.obj
                0x0000000010003c98                ddiv_shim
 .text.double2uint_shim
                0x0000000010003e48        0xe CMakeFiles/pico_9685_subscriber.dir/home/ben/pico-sdk/src/rp2_common/pico_double/double_v1_rom_shim.S.obj
                0x0000000010003e48                double2uint_shim
                0x0000000010003e4a                double2ufix_shim
 *fill*         0x0000000010003e56        0x2 
 .text.double2uint64_shim
                0x0000000010003e58       0x70 CMakeFiles/pico_9685_subscriber.dir/home/ben/pico-sdk/src/rp2_common/pico_double/double_v1_rom_shim.S.obj
                0x0000000010003e58                double2uint64_shim
                0x0000000010003e5a                double2ufix64_shim
                0x0000000010003e7a                d2fix_a
 .text.dunpacks
                0x0000000010003ec8       0x3c CMakeFiles/pico_9685_subscriber.dir/home/ben/pico-sdk/src/rp2_common/pico_double/double_v1_rom_shim.S.obj
                0x0000000010003ec8                dunpacks
 .text.__aeabi_lmul
                0x0000000010003f04       0x32 CMakeFiles/pico_9685_subscriber.dir/home/ben/pico-sdk/src/rp2_common/pico_int64_ops/pico_int64_ops_aeabi.S.obj
                0x0000000010003f04                __wrap___aeabi_lmul
 *fill*         0x0000000010003f36        0x2 
 .text.__wrap___aeabi_farithmetic
                0x0000000010003f38       0x48 CMakeFiles/pico_9685_subscriber.dir/home/ben/pico-sdk/src/rp2_common/pico_float/float_aeabi.S.obj
                0x0000000010003f38                __wrap___aeabi_frsub
                0x0000000010003f3e                __wrap___aeabi_fsub
                0x0000000010003f44                __wrap___aeabi_fadd
                0x0000000010003f4a                __wrap___aeabi_fdiv
                0x0000000010003f72                __wrap___aeabi_fmul
 .text.__wrap___aeabi_ui2f
                0x0000000010003f80        0xa CMakeFiles/pico_9685_subscriber.dir/home/ben/pico-sdk/src/rp2_common/pico_float/float_aeabi.S.obj
                0x0000000010003f80                __wrap___aeabi_ui2f
 *fill*         0x0000000010003f8a        0x2 
 .text.__wrap___aeabi_i2f
                0x0000000010003f8c       0x44 CMakeFiles/pico_9685_subscriber.dir/home/ben/pico-sdk/src/rp2_common/pico_float/float_aeabi.S.obj
                0x0000000010003f8c                __wrap___aeabi_i2f
 .text.__wrap___aeabi_f2iz
                0x0000000010003fd0       0x4e CMakeFiles/pico_9685_subscriber.dir/home/ben/pico-sdk/src/rp2_common/pico_float/float_aeabi.S.obj
                0x0000000010003fd0                __wrap___aeabi_f2iz
                0x0000000010003fd0                float2int_z
 *fill*         0x000000001000401e        0x2 
 .text.float2int
                0x0000000010004020       0x14 CMakeFiles/pico_9685_subscriber.dir/home/ben/pico-sdk/src/rp2_common/pico_float/float_aeabi.S.obj
                0x0000000010004020                float2int
 .text.__wrap___aeabi_f2uiz
                0x0000000010004034        0xc CMakeFiles/pico_9685_subscriber.dir/home/ben/pico-sdk/src/rp2_common/pico_float/float_aeabi.S.obj
                0x0000000010004034                __wrap___aeabi_f2uiz
 .text.__aeabi_float_init
                0x0000000010004040       0x64 CMakeFiles/pico_9685_subscriber.dir/home/ben/pico-sdk/src/rp2_common/pico_float/float_init_rom.c.obj
                0x0000000010004040                __aeabi_float_init
 .text.float_table_shim_on_use_helper
                0x00000000100040a4       0x2c CMakeFiles/pico_9685_subscriber.dir/home/ben/pico-sdk/src/rp2_common/pico_float/float_v1_rom_shim.S.obj
                0x00000000100040a4                float_table_shim_on_use_helper
 .text.float232_shims
                0x00000000100040d0       0x18 CMakeFiles/pico_9685_subscriber.dir/home/ben/pico-sdk/src/rp2_common/pico_float/float_v1_rom_shim.S.obj
                0x00000000100040d0                float2int_shim
                0x00000000100040d2                float2fix_shim
 .text.__wrap_malloc
                0x00000000100040e8       0x24 CMakeFiles/pico_9685_subscriber.dir/home/ben/pico-sdk/src/rp2_common/pico_malloc/pico_malloc.c.obj
                0x00000000100040e8                __wrap_malloc
 .text.__wrap_calloc
                0x000000001000410c       0x24 CMakeFiles/pico_9685_subscriber.dir/home/ben/pico-sdk/src/rp2_common/pico_malloc/pico_malloc.c.obj
                0x000000001000410c                __wrap_calloc
 .text.__wrap_realloc
                0x0000000010004130       0x24 CMakeFiles/pico_9685_subscriber.dir/home/ben/pico-sdk/src/rp2_common/pico_malloc/pico_malloc.c.obj
                0x0000000010004130                __wrap_realloc
 .text.__wrap_free
                0x0000000010004154        0x8 CMakeFiles/pico_9685_subscriber.dir/home/ben/pico-sdk/src/rp2_common/pico_malloc/pico_malloc.c.obj
                0x0000000010004154                __wrap_free
 .text          0x000000001000415c       0x10 CMakeFiles/pico_9685_subscriber.dir/home/ben/pico-sdk/src/rp2_common/pico_mem_ops/mem_ops_aeabi.S.obj
                0x000000001000415c                __aeabi_mem_init
 .text.memset   0x000000001000416c        0xc CMakeFiles/pico_9685_subscriber.dir/home/ben/pico-sdk/src/rp2_common/pico_mem_ops/mem_ops_aeabi.S.obj
                0x000000001000416c                __wrap_memset
 .text.memcpy   0x0000000010004178        0xc CMakeFiles/pico_9685_subscriber.dir/home/ben/pico-sdk/src/rp2_common/pico_mem_ops/mem_ops_aeabi.S.obj
                0x0000000010004178                __wrap___aeabi_memcpy
                0x0000000010004178                __wrap_memcpy
 .text.stdio_out_chars_no_crlf
                0x0000000010004184       0x10 CMakeFiles/pico_9685_subscriber.dir/home/ben/pico-sdk/src/rp2_common/pico_stdio/stdio.c.obj
 .text.stdio_out_chars_crlf
                0x0000000010004194       0x10 CMakeFiles/pico_9685_subscriber.dir/home/ben/pico-sdk/src/rp2_common/pico_stdio/stdio.c.obj
 .text.stdio_put_string.isra.0
                0x00000000100041a4       0xfc CMakeFiles/pico_9685_subscriber.dir/home/ben/pico-sdk/src/rp2_common/pico_stdio/stdio.c.obj
 .text.__wrap_putchar
                0x00000000100042a0       0xa0 CMakeFiles/pico_9685_subscriber.dir/home/ben/pico-sdk/src/rp2_common/pico_stdio/stdio.c.obj
                0x00000000100042a0                __wrap_putchar
 .text.__wrap_puts
                0x0000000010004340       0x3c CMakeFiles/pico_9685_subscriber.dir/home/ben/pico-sdk/src/rp2_common/pico_stdio/stdio.c.obj
                0x0000000010004340                __wrap_puts
 .text._read    0x000000001000437c       0x94 CMakeFiles/pico_9685_subscriber.dir/home/ben/pico-sdk/src/rp2_common/pico_stdio/stdio.c.obj
                0x000000001000437c                _read
 .text._write   0x0000000010004410       0xb0 CMakeFiles/pico_9685_subscriber.dir/home/ben/pico-sdk/src/rp2_common/pico_stdio/stdio.c.obj
                0x0000000010004410                _write
 .text.startup._retrieve_unique_id_on_boot
                0x00000000100044c0       0x10 CMakeFiles/pico_9685_subscriber.dir/home/ben/pico-sdk/src/rp2_common/pico_unique_id/unique_id.c.obj
 .text.flash_get_unique_id
                0x00000000100044d0       0x40 CMakeFiles/pico_9685_subscriber.dir/home/ben/pico-sdk/src/rp2_common/hardware_flash/flash.c.obj
                0x00000000100044d0                flash_get_unique_id
 .text.i2c_set_baudrate
                0x0000000010004510       0xc4 CMakeFiles/pico_9685_subscriber.dir/home/ben/pico-sdk/src/rp2_common/hardware_i2c/i2c.c.obj
                0x0000000010004510                i2c_set_baudrate
 .text.i2c_init
                0x00000000100045d4       0x54 CMakeFiles/pico_9685_subscriber.dir/home/ben/pico-sdk/src/rp2_common/hardware_i2c/i2c.c.obj
                0x00000000100045d4                i2c_init
 .text.i2c_write_blocking
                0x0000000010004628       0xd0 CMakeFiles/pico_9685_subscriber.dir/home/ben/pico-sdk/src/rp2_common/hardware_i2c/i2c.c.obj
                0x0000000010004628                i2c_write_blocking
 .text.i2c_read_blocking
                0x00000000100046f8       0xac CMakeFiles/pico_9685_subscriber.dir/home/ben/pico-sdk/src/rp2_common/hardware_i2c/i2c.c.obj
                0x00000000100046f8                i2c_read_blocking
 .text._rclc_check_for_new_data
                0x00000000100047a4       0x90 /home/ben/ros2_ws/src/spot_micro/pico/sdk/micro_ros_raspberrypi_pico_sdk/libmicroros/libmicroros.a(librclc-executor.c.obj)
 .text._rclc_take_new_data
                0x0000000010004834      0x2c8 /home/ben/ros2_ws/src/spot_micro/pico/sdk/micro_ros_raspberrypi_pico_sdk/libmicroros/libmicroros.a(librclc-executor.c.obj)
 .text._rclc_execute.part.0
                0x0000000010004afc      0x29c /home/ben/ros2_ws/src/spot_micro/pico/sdk/micro_ros_raspberrypi_pico_sdk/libmicroros/libmicroros.a(librclc-executor.c.obj)
 .text.rclc_executor_trigger_any
                0x0000000010004d98       0x7c /home/ben/ros2_ws/src/spot_micro/pico/sdk/micro_ros_raspberrypi_pico_sdk/libmicroros/libmicroros.a(librclc-executor.c.obj)
                0x0000000010004d98                rclc_executor_trigger_any
 .text.rclc_executor_init
                0x0000000010004e14       0xc0 /home/ben/ros2_ws/src/spot_micro/pico/sdk/micro_ros_raspberrypi_pico_sdk/libmicroros/libmicroros.a(librclc-executor.c.obj)
                0x0000000010004e14                rclc_executor_init
 .text.rclc_executor_add_subscription
                0x0000000010004ed4       0x74 /home/ben/ros2_ws/src/spot_micro/pico/sdk/micro_ros_raspberrypi_pico_sdk/libmicroros/libmicroros.a(librclc-executor.c.obj)
                0x0000000010004ed4                rclc_executor_add_subscription
 .text.rclc_executor_prepare
                0x0000000010004f48       0x88 /home/ben/ros2_ws/src/spot_micro/pico/sdk/micro_ros_raspberrypi_pico_sdk/libmicroros/libmicroros.a(librclc-executor.c.obj)
                0x0000000010004f48                rclc_executor_prepare
 .text.rclc_executor_spin_some.part.0
                0x0000000010004fd0      0x378 /home/ben/ros2_ws/src/spot_micro/pico/sdk/micro_ros_raspberrypi_pico_sdk/libmicroros/libmicroros.a(librclc-executor.c.obj)
 .text.rclc_executor_spin_some
                0x0000000010005348       0x30 /home/ben/ros2_ws/src/spot_micro/pico/sdk/micro_ros_raspberrypi_pico_sdk/libmicroros/libmicroros.a(librclc-executor.c.obj)
                0x0000000010005348                rclc_executor_spin_some
 .text.rclc_executor_handle_counters_zero_init
                0x0000000010005378       0x18 /home/ben/ros2_ws/src/spot_micro/pico/sdk/micro_ros_raspberrypi_pico_sdk/libmicroros/libmicroros.a(librclc-executor_handle.c.obj)
                0x0000000010005378                rclc_executor_handle_counters_zero_init
 .text.rclc_executor_handle_init
                0x0000000010005390       0x28 /home/ben/ros2_ws/src/spot_micro/pico/sdk/micro_ros_raspberrypi_pico_sdk/libmicroros/libmicroros.a(librclc-executor_handle.c.obj)
                0x0000000010005390                rclc_executor_handle_init
 .text.rclc_support_init
                0x00000000100053b8       0x94 /home/ben/ros2_ws/src/spot_micro/pico/sdk/micro_ros_raspberrypi_pico_sdk/libmicroros/libmicroros.a(librclc-init.c.obj)
                0x00000000100053b8                rclc_support_init
 .text.rclc_node_init_default
                0x000000001000544c       0x74 /home/ben/ros2_ws/src/spot_micro/pico/sdk/micro_ros_raspberrypi_pico_sdk/libmicroros/libmicroros.a(librclc-node.c.obj)
                0x000000001000544c                rclc_node_init_default
 .text.rclc_subscription_init_default
                0x00000000100054c0       0x68 /home/ben/ros2_ws/src/spot_micro/pico/sdk/micro_ros_raspberrypi_pico_sdk/libmicroros/libmicroros.a(librclc-subscription.c.obj)
                0x00000000100054c0                rclc_subscription_init_default
 .text.__default_zero_allocate
                0x0000000010005528        0x8 /home/ben/ros2_ws/src/spot_micro/pico/sdk/micro_ros_raspberrypi_pico_sdk/libmicroros/libmicroros.a(librcutils-allocator.c.obj)
 .text.__default_reallocate
                0x0000000010005530        0x8 /home/ben/ros2_ws/src/spot_micro/pico/sdk/micro_ros_raspberrypi_pico_sdk/libmicroros/libmicroros.a(librcutils-allocator.c.obj)
 .text.__default_deallocate
                0x0000000010005538        0x8 /home/ben/ros2_ws/src/spot_micro/pico/sdk/micro_ros_raspberrypi_pico_sdk/libmicroros/libmicroros.a(librcutils-allocator.c.obj)
 .text.__default_allocate
                0x0000000010005540        0x8 /home/ben/ros2_ws/src/spot_micro/pico/sdk/micro_ros_raspberrypi_pico_sdk/libmicroros/libmicroros.a(librcutils-allocator.c.obj)
 .text.rcutils_get_default_allocator
                0x0000000010005548       0x14 /home/ben/ros2_ws/src/spot_micro/pico/sdk/micro_ros_raspberrypi_pico_sdk/libmicroros/libmicroros.a(librcutils-allocator.c.obj)
                0x0000000010005548                rcutils_get_default_allocator
 .text.rcutils_allocator_is_valid
                0x000000001000555c       0x24 /home/ben/ros2_ws/src/spot_micro/pico/sdk/micro_ros_raspberrypi_pico_sdk/libmicroros/libmicroros.a(librcutils-allocator.c.obj)
                0x000000001000555c                rcutils_allocator_is_valid
 .text.rcutils_get_error_string
                0x0000000010005580       0x34 /home/ben/ros2_ws/src/spot_micro/pico/sdk/micro_ros_raspberrypi_pico_sdk/libmicroros/libmicroros.a(librcutils-error_handling.c.obj)
                0x0000000010005580                rcutils_get_error_string
 .text.rcutils_reset_error
                0x00000000100055b4       0x38 /home/ben/ros2_ws/src/spot_micro/pico/sdk/micro_ros_raspberrypi_pico_sdk/libmicroros/libmicroros.a(librcutils-error_handling.c.obj)
                0x00000000100055b4                rcutils_reset_error
 .text.rcutils_system_time_now
                0x00000000100055ec       0x4c /home/ben/ros2_ws/src/spot_micro/pico/sdk/micro_ros_raspberrypi_pico_sdk/libmicroros/libmicroros.a(librcutils-time_unix.c.obj)
                0x00000000100055ec                rcutils_system_time_now
 .text.rcutils_steady_time_now
                0x0000000010005638       0x4c /home/ben/ros2_ws/src/spot_micro/pico/sdk/micro_ros_raspberrypi_pico_sdk/libmicroros/libmicroros.a(librcutils-time_unix.c.obj)
                0x0000000010005638                rcutils_steady_time_now
 .text.rmw_uros_set_custom_transport
                0x0000000010005684       0x34 /home/ben/ros2_ws/src/spot_micro/pico/sdk/micro_ros_raspberrypi_pico_sdk/libmicroros/libmicroros.a(librmw_microxrcedds-custom_transport.c.obj)
                0x0000000010005684                rmw_uros_set_custom_transport
 .text.rmw_uros_ping_agent
                0x00000000100056b8       0xa0 /home/ben/ros2_ws/src/spot_micro/pico/sdk/micro_ros_raspberrypi_pico_sdk/libmicroros/libmicroros.a(librmw_microxrcedds-ping.c.obj)
                0x00000000100056b8                rmw_uros_ping_agent
 .text.rmw_uxrce_transport_init
                0x0000000010005758       0x2c /home/ben/ros2_ws/src/spot_micro/pico/sdk/micro_ros_raspberrypi_pico_sdk/libmicroros/libmicroros.a(librmw_microxrcedds-rmw_uxrce_transports.c.obj)
                0x0000000010005758                rmw_uxrce_transport_init
 .text.rmw_uxrce_init_service_memory
                0x0000000010005784       0x48 /home/ben/ros2_ws/src/spot_micro/pico/sdk/micro_ros_raspberrypi_pico_sdk/libmicroros/libmicroros.a(librmw_microxrcedds-types.c.obj)
                0x0000000010005784                rmw_uxrce_init_service_memory
 .text.rmw_uxrce_init_client_memory
                0x00000000100057cc       0x48 /home/ben/ros2_ws/src/spot_micro/pico/sdk/micro_ros_raspberrypi_pico_sdk/libmicroros/libmicroros.a(librmw_microxrcedds-types.c.obj)
                0x00000000100057cc                rmw_uxrce_init_client_memory
 .text.rmw_uxrce_init_publisher_memory
                0x0000000010005814       0x48 /home/ben/ros2_ws/src/spot_micro/pico/sdk/micro_ros_raspberrypi_pico_sdk/libmicroros/libmicroros.a(librmw_microxrcedds-types.c.obj)
                0x0000000010005814                rmw_uxrce_init_publisher_memory
 .text.rmw_uxrce_init_subscription_memory
                0x000000001000585c       0x48 /home/ben/ros2_ws/src/spot_micro/pico/sdk/micro_ros_raspberrypi_pico_sdk/libmicroros/libmicroros.a(librmw_microxrcedds-types.c.obj)
                0x000000001000585c                rmw_uxrce_init_subscription_memory
 .text.rmw_uxrce_init_node_memory
                0x00000000100058a4       0x48 /home/ben/ros2_ws/src/spot_micro/pico/sdk/micro_ros_raspberrypi_pico_sdk/libmicroros/libmicroros.a(librmw_microxrcedds-types.c.obj)
                0x00000000100058a4                rmw_uxrce_init_node_memory
 .text.rmw_uxrce_init_session_memory
                0x00000000100058ec       0x50 /home/ben/ros2_ws/src/spot_micro/pico/sdk/micro_ros_raspberrypi_pico_sdk/libmicroros/libmicroros.a(librmw_microxrcedds-types.c.obj)
                0x00000000100058ec                rmw_uxrce_init_session_memory
 .text.rmw_uxrce_init_topic_memory
                0x000000001000593c       0x48 /home/ben/ros2_ws/src/spot_micro/pico/sdk/micro_ros_raspberrypi_pico_sdk/libmicroros/libmicroros.a(librmw_microxrcedds-types.c.obj)
                0x000000001000593c                rmw_uxrce_init_topic_memory
 .text.rmw_uxrce_init_static_input_buffer_memory
                0x0000000010005984       0x50 /home/ben/ros2_ws/src/spot_micro/pico/sdk/micro_ros_raspberrypi_pico_sdk/libmicroros/libmicroros.a(librmw_microxrcedds-types.c.obj)
                0x0000000010005984                rmw_uxrce_init_static_input_buffer_memory
 .text.rmw_uxrce_init_init_options_impl_memory
                0x00000000100059d4       0x48 /home/ben/ros2_ws/src/spot_micro/pico/sdk/micro_ros_raspberrypi_pico_sdk/libmicroros/libmicroros.a(librmw_microxrcedds-types.c.obj)
                0x00000000100059d4                rmw_uxrce_init_init_options_impl_memory
 .text.rmw_uxrce_init_wait_set_memory
                0x0000000010005a1c       0x48 /home/ben/ros2_ws/src/spot_micro/pico/sdk/micro_ros_raspberrypi_pico_sdk/libmicroros/libmicroros.a(librmw_microxrcedds-types.c.obj)
                0x0000000010005a1c                rmw_uxrce_init_wait_set_memory
 .text.rmw_uxrce_init_guard_condition_memory
                0x0000000010005a64       0x48 /home/ben/ros2_ws/src/spot_micro/pico/sdk/micro_ros_raspberrypi_pico_sdk/libmicroros/libmicroros.a(librmw_microxrcedds-types.c.obj)
                0x0000000010005a64                rmw_uxrce_init_guard_condition_memory
 .text.rmw_uxrce_fini_session_memory
                0x0000000010005aac       0x10 /home/ben/ros2_ws/src/spot_micro/pico/sdk/micro_ros_raspberrypi_pico_sdk/libmicroros/libmicroros.a(librmw_microxrcedds-types.c.obj)
                0x0000000010005aac                rmw_uxrce_fini_session_memory
 .text.rmw_uxrce_fini_node_memory
                0x0000000010005abc       0x34 /home/ben/ros2_ws/src/spot_micro/pico/sdk/micro_ros_raspberrypi_pico_sdk/libmicroros/libmicroros.a(librmw_microxrcedds-types.c.obj)
                0x0000000010005abc                rmw_uxrce_fini_node_memory
 .text.rmw_uxrce_fini_publisher_memory
                0x0000000010005af0       0x34 /home/ben/ros2_ws/src/spot_micro/pico/sdk/micro_ros_raspberrypi_pico_sdk/libmicroros/libmicroros.a(librmw_microxrcedds-types.c.obj)
                0x0000000010005af0                rmw_uxrce_fini_publisher_memory
 .text.rmw_uxrce_fini_subscription_memory
                0x0000000010005b24       0x34 /home/ben/ros2_ws/src/spot_micro/pico/sdk/micro_ros_raspberrypi_pico_sdk/libmicroros/libmicroros.a(librmw_microxrcedds-types.c.obj)
                0x0000000010005b24                rmw_uxrce_fini_subscription_memory
 .text.rmw_uxrce_fini_service_memory
                0x0000000010005b58       0x34 /home/ben/ros2_ws/src/spot_micro/pico/sdk/micro_ros_raspberrypi_pico_sdk/libmicroros/libmicroros.a(librmw_microxrcedds-types.c.obj)
                0x0000000010005b58                rmw_uxrce_fini_service_memory
 .text.rmw_uxrce_fini_client_memory
                0x0000000010005b8c       0x34 /home/ben/ros2_ws/src/spot_micro/pico/sdk/micro_ros_raspberrypi_pico_sdk/libmicroros/libmicroros.a(librmw_microxrcedds-types.c.obj)
                0x0000000010005b8c                rmw_uxrce_fini_client_memory
 .text.rmw_uxrce_fini_topic_memory
                0x0000000010005bc0       0x18 /home/ben/ros2_ws/src/spot_micro/pico/sdk/micro_ros_raspberrypi_pico_sdk/libmicroros/libmicroros.a(librmw_microxrcedds-types.c.obj)
                0x0000000010005bc0                rmw_uxrce_fini_topic_memory
 .text.rmw_uxrce_get_static_input_buffer_for_entity
                0x0000000010005bd8       0xbc /home/ben/ros2_ws/src/spot_micro/pico/sdk/micro_ros_raspberrypi_pico_sdk/libmicroros/libmicroros.a(librmw_microxrcedds-types.c.obj)
                0x0000000010005bd8                rmw_uxrce_get_static_input_buffer_for_entity
 .text.rmw_uxrce_find_static_input_buffer_by_owner
                0x0000000010005c94       0x5c /home/ben/ros2_ws/src/spot_micro/pico/sdk/micro_ros_raspberrypi_pico_sdk/libmicroros/libmicroros.a(librmw_microxrcedds-types.c.obj)
                0x0000000010005c94                rmw_uxrce_find_static_input_buffer_by_owner
 .text.rmw_uxrce_clean_expired_static_input_buffer
                0x0000000010005cf0       0xfc /home/ben/ros2_ws/src/spot_micro/pico/sdk/micro_ros_raspberrypi_pico_sdk/libmicroros/libmicroros.a(librmw_microxrcedds-types.c.obj)
                0x0000000010005cf0                rmw_uxrce_clean_expired_static_input_buffer
 .text.rosidl_typesupport_c__get_message_type_support_handle__std_msgs__msg__Int16MultiArray
                0x0000000010005dec       0x1c /home/ben/ros2_ws/src/spot_micro/pico/sdk/micro_ros_raspberrypi_pico_sdk/libmicroros/libmicroros.a(libstd_msgs__rosidl_typesupport_c-int16_multi_array__type_support.cpp.obj)
                0x0000000010005dec                rosidl_typesupport_c__get_message_type_support_handle__std_msgs__msg__Int16MultiArray
 .text.startup._GLOBAL__sub_I_rosidl_typesupport_c__get_message_type_support_handle__std_msgs__msg__Int16MultiArray
                0x0000000010005e08       0x14 /home/ben/ros2_ws/src/spot_micro/pico/sdk/micro_ros_raspberrypi_pico_sdk/libmicroros/libmicroros.a(libstd_msgs__rosidl_typesupport_c-int16_multi_array__type_support.cpp.obj)
 .text.std_msgs__msg__Int16MultiArray__rosidl_typesupport_introspection_c__size_function__Int16MultiArray__data
                0x0000000010005e1c        0x4 /home/ben/ros2_ws/src/spot_micro/pico/sdk/micro_ros_raspberrypi_pico_sdk/libmicroros/libmicroros.a(libstd_msgs__rosidl_typesupport_introspection_c-int16_multi_array__type_support.c.obj)
                0x0000000010005e1c                std_msgs__msg__Int16MultiArray__rosidl_typesupport_introspection_c__size_function__Int16MultiArray__data
 .text.std_msgs__msg__Int16MultiArray__rosidl_typesupport_introspection_c__get_const_function__Int16MultiArray__data
                0x0000000010005e20        0x8 /home/ben/ros2_ws/src/spot_micro/pico/sdk/micro_ros_raspberrypi_pico_sdk/libmicroros/libmicroros.a(libstd_msgs__rosidl_typesupport_introspection_c-int16_multi_array__type_support.c.obj)
                0x0000000010005e20                std_msgs__msg__Int16MultiArray__rosidl_typesupport_introspection_c__get_const_function__Int16MultiArray__data
 .text.std_msgs__msg__Int16MultiArray__rosidl_typesupport_introspection_c__fetch_function__Int16MultiArray__data
                0x0000000010005e28        0xc /home/ben/ros2_ws/src/spot_micro/pico/sdk/micro_ros_raspberrypi_pico_sdk/libmicroros/libmicroros.a(libstd_msgs__rosidl_typesupport_introspection_c-int16_multi_array__type_support.c.obj)
                0x0000000010005e28                std_msgs__msg__Int16MultiArray__rosidl_typesupport_introspection_c__fetch_function__Int16MultiArray__data
 .text.std_msgs__msg__Int16MultiArray__rosidl_typesupport_introspection_c__assign_function__Int16MultiArray__data
                0x0000000010005e34        0xc /home/ben/ros2_ws/src/spot_micro/pico/sdk/micro_ros_raspberrypi_pico_sdk/libmicroros/libmicroros.a(libstd_msgs__rosidl_typesupport_introspection_c-int16_multi_array__type_support.c.obj)
                0x0000000010005e34                std_msgs__msg__Int16MultiArray__rosidl_typesupport_introspection_c__assign_function__Int16MultiArray__data
 .text.std_msgs__msg__Int16MultiArray__rosidl_typesupport_introspection_c__Int16MultiArray_init_function
                0x0000000010005e40        0x8 /home/ben/ros2_ws/src/spot_micro/pico/sdk/micro_ros_raspberrypi_pico_sdk/libmicroros/libmicroros.a(libstd_msgs__rosidl_typesupport_introspection_c-int16_multi_array__type_support.c.obj)
                0x0000000010005e40                std_msgs__msg__Int16MultiArray__rosidl_typesupport_introspection_c__Int16MultiArray_init_function
 .text.std_msgs__msg__Int16MultiArray__rosidl_typesupport_introspection_c__Int16MultiArray_fini_function
                0x0000000010005e48        0x8 /home/ben/ros2_ws/src/spot_micro/pico/sdk/micro_ros_raspberrypi_pico_sdk/libmicroros/libmicroros.a(libstd_msgs__rosidl_typesupport_introspection_c-int16_multi_array__type_support.c.obj)
                0x0000000010005e48                std_msgs__msg__Int16MultiArray__rosidl_typesupport_introspection_c__Int16MultiArray_fini_function
 .text.std_msgs__msg__Int16MultiArray__rosidl_typesupport_introspection_c__resize_function__Int16MultiArray__data
                0x0000000010005e50       0x14 /home/ben/ros2_ws/src/spot_micro/pico/sdk/micro_ros_raspberrypi_pico_sdk/libmicroros/libmicroros.a(libstd_msgs__rosidl_typesupport_introspection_c-int16_multi_array__type_support.c.obj)
                0x0000000010005e50                std_msgs__msg__Int16MultiArray__rosidl_typesupport_introspection_c__resize_function__Int16MultiArray__data
 .text.std_msgs__msg__Int16MultiArray__rosidl_typesupport_introspection_c__get_function__Int16MultiArray__data
                0x0000000010005e64        0x8 /home/ben/ros2_ws/src/spot_micro/pico/sdk/micro_ros_raspberrypi_pico_sdk/libmicroros/libmicroros.a(libstd_msgs__rosidl_typesupport_introspection_c-int16_multi_array__type_support.c.obj)
                0x0000000010005e64                std_msgs__msg__Int16MultiArray__rosidl_typesupport_introspection_c__get_function__Int16MultiArray__data
 .text.rosidl_typesupport_introspection_c__get_message_type_support_handle__std_msgs__msg__Int16MultiArray
                0x0000000010005e6c       0x28 /home/ben/ros2_ws/src/spot_micro/pico/sdk/micro_ros_raspberrypi_pico_sdk/libmicroros/libmicroros.a(libstd_msgs__rosidl_typesupport_introspection_c-int16_multi_array__type_support.c.obj)
                0x0000000010005e6c                rosidl_typesupport_introspection_c__get_message_type_support_handle__std_msgs__msg__Int16MultiArray
 .text.std_msgs__msg__MultiArrayLayout__rosidl_typesupport_introspection_c__size_function__MultiArrayLayout__dim
                0x0000000010005e94        0x4 /home/ben/ros2_ws/src/spot_micro/pico/sdk/micro_ros_raspberrypi_pico_sdk/libmicroros/libmicroros.a(libstd_msgs__rosidl_typesupport_introspection_c-multi_array_layout__type_support.c.obj)
                0x0000000010005e94                std_msgs__msg__MultiArrayLayout__rosidl_typesupport_introspection_c__size_function__MultiArrayLayout__dim
 .text.std_msgs__msg__MultiArrayLayout__rosidl_typesupport_introspection_c__get_const_function__MultiArrayLayout__dim
                0x0000000010005e98        0xc /home/ben/ros2_ws/src/spot_micro/pico/sdk/micro_ros_raspberrypi_pico_sdk/libmicroros/libmicroros.a(libstd_msgs__rosidl_typesupport_introspection_c-multi_array_layout__type_support.c.obj)
                0x0000000010005e98                std_msgs__msg__MultiArrayLayout__rosidl_typesupport_introspection_c__get_const_function__MultiArrayLayout__dim
 .text.std_msgs__msg__MultiArrayLayout__rosidl_typesupport_introspection_c__fetch_function__MultiArrayLayout__dim
                0x0000000010005ea4       0x18 /home/ben/ros2_ws/src/spot_micro/pico/sdk/micro_ros_raspberrypi_pico_sdk/libmicroros/libmicroros.a(libstd_msgs__rosidl_typesupport_introspection_c-multi_array_layout__type_support.c.obj)
                0x0000000010005ea4                std_msgs__msg__MultiArrayLayout__rosidl_typesupport_introspection_c__fetch_function__MultiArrayLayout__dim
 .text.std_msgs__msg__MultiArrayLayout__rosidl_typesupport_introspection_c__assign_function__MultiArrayLayout__dim
                0x0000000010005ebc       0x18 /home/ben/ros2_ws/src/spot_micro/pico/sdk/micro_ros_raspberrypi_pico_sdk/libmicroros/libmicroros.a(libstd_msgs__rosidl_typesupport_introspection_c-multi_array_layout__type_support.c.obj)
                0x0000000010005ebc                std_msgs__msg__MultiArrayLayout__rosidl_typesupport_introspection_c__assign_function__MultiArrayLayout__dim
 .text.std_msgs__msg__MultiArrayLayout__rosidl_typesupport_introspection_c__MultiArrayLayout_init_function
                0x0000000010005ed4        0x8 /home/ben/ros2_ws/src/spot_micro/pico/sdk/micro_ros_raspberrypi_pico_sdk/libmicroros/libmicroros.a(libstd_msgs__rosidl_typesupport_introspection_c-multi_array_layout__type_support.c.obj)
                0x0000000010005ed4                std_msgs__msg__MultiArrayLayout__rosidl_typesupport_introspection_c__MultiArrayLayout_init_function
 .text.std_msgs__msg__MultiArrayLayout__rosidl_typesupport_introspection_c__MultiArrayLayout_fini_function
                0x0000000010005edc        0x8 /home/ben/ros2_ws/src/spot_micro/pico/sdk/micro_ros_raspberrypi_pico_sdk/libmicroros/libmicroros.a(libstd_msgs__rosidl_typesupport_introspection_c-multi_array_layout__type_support.c.obj)
                0x0000000010005edc                std_msgs__msg__MultiArrayLayout__rosidl_typesupport_introspection_c__MultiArrayLayout_fini_function
 .text.std_msgs__msg__MultiArrayLayout__rosidl_typesupport_introspection_c__resize_function__MultiArrayLayout__dim
                0x0000000010005ee4       0x14 /home/ben/ros2_ws/src/spot_micro/pico/sdk/micro_ros_raspberrypi_pico_sdk/libmicroros/libmicroros.a(libstd_msgs__rosidl_typesupport_introspection_c-multi_array_layout__type_support.c.obj)
                0x0000000010005ee4                std_msgs__msg__MultiArrayLayout__rosidl_typesupport_introspection_c__resize_function__MultiArrayLayout__dim
 .text.std_msgs__msg__MultiArrayLayout__rosidl_typesupport_introspection_c__get_function__MultiArrayLayout__dim
                0x0000000010005ef8        0xc /home/ben/ros2_ws/src/spot_micro/pico/sdk/micro_ros_raspberrypi_pico_sdk/libmicroros/libmicroros.a(libstd_msgs__rosidl_typesupport_introspection_c-multi_array_layout__type_support.c.obj)
                0x0000000010005ef8                std_msgs__msg__MultiArrayLayout__rosidl_typesupport_introspection_c__get_function__MultiArrayLayout__dim
 .text.rosidl_typesupport_introspection_c__get_message_type_support_handle__std_msgs__msg__MultiArrayLayout
                0x0000000010005f04       0x28 /home/ben/ros2_ws/src/spot_micro/pico/sdk/micro_ros_raspberrypi_pico_sdk/libmicroros/libmicroros.a(libstd_msgs__rosidl_typesupport_introspection_c-multi_array_layout__type_support.c.obj)
                0x0000000010005f04                rosidl_typesupport_introspection_c__get_message_type_support_handle__std_msgs__msg__MultiArrayLayout
 .text._Int16MultiArray__max_serialized_size
                0x0000000010005f2c       0x18 /home/ben/ros2_ws/src/spot_micro/pico/sdk/micro_ros_raspberrypi_pico_sdk/libmicroros/libmicroros.a(libstd_msgs__rosidl_typesupport_microxrcedds_c-int16_multi_array__type_support_c.c.obj)
 .text.get_serialized_size_std_msgs__msg__Int16MultiArray
                0x0000000010005f44       0x3c /home/ben/ros2_ws/src/spot_micro/pico/sdk/micro_ros_raspberrypi_pico_sdk/libmicroros/libmicroros.a(libstd_msgs__rosidl_typesupport_microxrcedds_c-int16_multi_array__type_support_c.c.obj)
                0x0000000010005f44                get_serialized_size_std_msgs__msg__Int16MultiArray
 .text._Int16MultiArray__cdr_deserialize
                0x0000000010005f80       0x5c /home/ben/ros2_ws/src/spot_micro/pico/sdk/micro_ros_raspberrypi_pico_sdk/libmicroros/libmicroros.a(libstd_msgs__rosidl_typesupport_microxrcedds_c-int16_multi_array__type_support_c.c.obj)
 .text._Int16MultiArray__cdr_serialize
                0x0000000010005fdc       0x28 /home/ben/ros2_ws/src/spot_micro/pico/sdk/micro_ros_raspberrypi_pico_sdk/libmicroros/libmicroros.a(libstd_msgs__rosidl_typesupport_microxrcedds_c-int16_multi_array__type_support_c.c.obj)
 .text._Int16MultiArray__get_serialized_size
                0x0000000010006004       0x38 /home/ben/ros2_ws/src/spot_micro/pico/sdk/micro_ros_raspberrypi_pico_sdk/libmicroros/libmicroros.a(libstd_msgs__rosidl_typesupport_microxrcedds_c-int16_multi_array__type_support_c.c.obj)
 .text.rosidl_typesupport_microxrcedds_c__get_message_type_support_handle__std_msgs__msg__Int16MultiArray
                0x000000001000603c        0x8 /home/ben/ros2_ws/src/spot_micro/pico/sdk/micro_ros_raspberrypi_pico_sdk/libmicroros/libmicroros.a(libstd_msgs__rosidl_typesupport_microxrcedds_c-int16_multi_array__type_support_c.c.obj)
                0x000000001000603c                rosidl_typesupport_microxrcedds_c__get_message_type_support_handle__std_msgs__msg__Int16MultiArray
 .text._MultiArrayLayout__max_serialized_size
                0x0000000010006044       0x10 /home/ben/ros2_ws/src/spot_micro/pico/sdk/micro_ros_raspberrypi_pico_sdk/libmicroros/libmicroros.a(libstd_msgs__rosidl_typesupport_microxrcedds_c-multi_array_layout__type_support_c.c.obj)
 .text.get_serialized_size_std_msgs__msg__MultiArrayLayout.part.0
                0x0000000010006054       0x74 /home/ben/ros2_ws/src/spot_micro/pico/sdk/micro_ros_raspberrypi_pico_sdk/libmicroros/libmicroros.a(libstd_msgs__rosidl_typesupport_microxrcedds_c-multi_array_layout__type_support_c.c.obj)
 .text.get_serialized_size_std_msgs__msg__MultiArrayLayout
                0x00000000100060c8       0x10 /home/ben/ros2_ws/src/spot_micro/pico/sdk/micro_ros_raspberrypi_pico_sdk/libmicroros/libmicroros.a(libstd_msgs__rosidl_typesupport_microxrcedds_c-multi_array_layout__type_support_c.c.obj)
                0x00000000100060c8                get_serialized_size_std_msgs__msg__MultiArrayLayout
 .text._MultiArrayLayout__get_serialized_size
                0x00000000100060d8       0x14 /home/ben/ros2_ws/src/spot_micro/pico/sdk/micro_ros_raspberrypi_pico_sdk/libmicroros/libmicroros.a(libstd_msgs__rosidl_typesupport_microxrcedds_c-multi_array_layout__type_support_c.c.obj)
 .text._MultiArrayLayout__cdr_deserialize
                0x00000000100060ec       0x58 /home/ben/ros2_ws/src/spot_micro/pico/sdk/micro_ros_raspberrypi_pico_sdk/libmicroros/libmicroros.a(libstd_msgs__rosidl_typesupport_microxrcedds_c-multi_array_layout__type_support_c.c.obj)
 .text._MultiArrayLayout__cdr_serialize
                0x0000000010006144       0x54 /home/ben/ros2_ws/src/spot_micro/pico/sdk/micro_ros_raspberrypi_pico_sdk/libmicroros/libmicroros.a(libstd_msgs__rosidl_typesupport_microxrcedds_c-multi_array_layout__type_support_c.c.obj)
 .text.max_serialized_size_std_msgs__msg__MultiArrayLayout
                0x0000000010006198       0x14 /home/ben/ros2_ws/src/spot_micro/pico/sdk/micro_ros_raspberrypi_pico_sdk/libmicroros/libmicroros.a(libstd_msgs__rosidl_typesupport_microxrcedds_c-multi_array_layout__type_support_c.c.obj)
                0x0000000010006198                max_serialized_size_std_msgs__msg__MultiArrayLayout
 .text.rosidl_typesupport_microxrcedds_c__get_message_type_support_handle__std_msgs__msg__MultiArrayLayout
                0x00000000100061ac        0x8 /home/ben/ros2_ws/src/spot_micro/pico/sdk/micro_ros_raspberrypi_pico_sdk/libmicroros/libmicroros.a(libstd_msgs__rosidl_typesupport_microxrcedds_c-multi_array_layout__type_support_c.c.obj)
                0x00000000100061ac                rosidl_typesupport_microxrcedds_c__get_message_type_support_handle__std_msgs__msg__MultiArrayLayout
 .text.ucdr_serialize_bool
                0x00000000100061b4       0x2c /home/ben/ros2_ws/src/spot_micro/pico/sdk/micro_ros_raspberrypi_pico_sdk/libmicroros/libmicroros.a(libmicrocdr-basic.c.obj)
                0x00000000100061b4                ucdr_serialize_bool
 .text.ucdr_deserialize_bool
                0x00000000100061e0       0x30 /home/ben/ros2_ws/src/spot_micro/pico/sdk/micro_ros_raspberrypi_pico_sdk/libmicroros/libmicroros.a(libmicrocdr-basic.c.obj)
                0x00000000100061e0                ucdr_deserialize_bool
 .text.ucdr_serialize_uint8_t
                0x0000000010006210       0x2c /home/ben/ros2_ws/src/spot_micro/pico/sdk/micro_ros_raspberrypi_pico_sdk/libmicroros/libmicroros.a(libmicrocdr-basic.c.obj)
                0x0000000010006210                ucdr_serialize_uint8_t
 .text.ucdr_deserialize_uint8_t
                0x000000001000623c       0x30 /home/ben/ros2_ws/src/spot_micro/pico/sdk/micro_ros_raspberrypi_pico_sdk/libmicroros/libmicroros.a(libmicrocdr-basic.c.obj)
                0x000000001000623c                ucdr_deserialize_uint8_t
 .text.ucdr_serialize_uint16_t
                0x000000001000626c       0xf4 /home/ben/ros2_ws/src/spot_micro/pico/sdk/micro_ros_raspberrypi_pico_sdk/libmicroros/libmicroros.a(libmicrocdr-basic.c.obj)
                0x000000001000626c                ucdr_serialize_uint16_t
 .text.ucdr_serialize_endian_uint16_t
                0x0000000010006360      0x100 /home/ben/ros2_ws/src/spot_micro/pico/sdk/micro_ros_raspberrypi_pico_sdk/libmicroros/libmicroros.a(libmicrocdr-basic.c.obj)
                0x0000000010006360                ucdr_serialize_endian_uint16_t
 .text.ucdr_deserialize_uint16_t
                0x0000000010006460       0xec /home/ben/ros2_ws/src/spot_micro/pico/sdk/micro_ros_raspberrypi_pico_sdk/libmicroros/libmicroros.a(libmicrocdr-basic.c.obj)
                0x0000000010006460                ucdr_deserialize_uint16_t
 .text.ucdr_deserialize_endian_uint16_t
                0x000000001000654c       0xf8 /home/ben/ros2_ws/src/spot_micro/pico/sdk/micro_ros_raspberrypi_pico_sdk/libmicroros/libmicroros.a(libmicrocdr-basic.c.obj)
                0x000000001000654c                ucdr_deserialize_endian_uint16_t
 .text.ucdr_serialize_uint32_t
                0x0000000010006644      0x11c /home/ben/ros2_ws/src/spot_micro/pico/sdk/micro_ros_raspberrypi_pico_sdk/libmicroros/libmicroros.a(libmicrocdr-basic.c.obj)
                0x0000000010006644                ucdr_serialize_uint32_t
 .text.ucdr_serialize_endian_uint32_t
                0x0000000010006760      0x11c /home/ben/ros2_ws/src/spot_micro/pico/sdk/micro_ros_raspberrypi_pico_sdk/libmicroros/libmicroros.a(libmicrocdr-basic.c.obj)
                0x0000000010006760                ucdr_serialize_endian_uint32_t
 .text.ucdr_deserialize_uint32_t
                0x000000001000687c      0x11c /home/ben/ros2_ws/src/spot_micro/pico/sdk/micro_ros_raspberrypi_pico_sdk/libmicroros/libmicroros.a(libmicrocdr-basic.c.obj)
                0x000000001000687c                ucdr_deserialize_uint32_t
 .text.ucdr_deserialize_endian_uint32_t
                0x0000000010006998      0x12c /home/ben/ros2_ws/src/spot_micro/pico/sdk/micro_ros_raspberrypi_pico_sdk/libmicroros/libmicroros.a(libmicrocdr-basic.c.obj)
                0x0000000010006998                ucdr_deserialize_endian_uint32_t
 .text.ucdr_serialize_uint64_t
                0x0000000010006ac4      0x170 /home/ben/ros2_ws/src/spot_micro/pico/sdk/micro_ros_raspberrypi_pico_sdk/libmicroros/libmicroros.a(libmicrocdr-basic.c.obj)
                0x0000000010006ac4                ucdr_serialize_uint64_t
 .text.ucdr_serialize_int16_t
                0x0000000010006c34       0xf4 /home/ben/ros2_ws/src/spot_micro/pico/sdk/micro_ros_raspberrypi_pico_sdk/libmicroros/libmicroros.a(libmicrocdr-basic.c.obj)
                0x0000000010006c34                ucdr_serialize_int16_t
 .text.ucdr_serialize_endian_int16_t
                0x0000000010006d28      0x100 /home/ben/ros2_ws/src/spot_micro/pico/sdk/micro_ros_raspberrypi_pico_sdk/libmicroros/libmicroros.a(libmicrocdr-basic.c.obj)
                0x0000000010006d28                ucdr_serialize_endian_int16_t
 .text.ucdr_deserialize_int16_t
                0x0000000010006e28       0xec /home/ben/ros2_ws/src/spot_micro/pico/sdk/micro_ros_raspberrypi_pico_sdk/libmicroros/libmicroros.a(libmicrocdr-basic.c.obj)
                0x0000000010006e28                ucdr_deserialize_int16_t
 .text.ucdr_deserialize_endian_int16_t
                0x0000000010006f14       0xf8 /home/ben/ros2_ws/src/spot_micro/pico/sdk/micro_ros_raspberrypi_pico_sdk/libmicroros/libmicroros.a(libmicrocdr-basic.c.obj)
                0x0000000010006f14                ucdr_deserialize_endian_int16_t
 .text.ucdr_serialize_int32_t
                0x000000001000700c      0x11c /home/ben/ros2_ws/src/spot_micro/pico/sdk/micro_ros_raspberrypi_pico_sdk/libmicroros/libmicroros.a(libmicrocdr-basic.c.obj)
                0x000000001000700c                ucdr_serialize_int32_t
 .text.ucdr_deserialize_int32_t
                0x0000000010007128      0x11c /home/ben/ros2_ws/src/spot_micro/pico/sdk/micro_ros_raspberrypi_pico_sdk/libmicroros/libmicroros.a(libmicrocdr-basic.c.obj)
                0x0000000010007128                ucdr_deserialize_int32_t
 .text.ucdr_check_buffer_available_for
                0x0000000010007244       0x1c /home/ben/ros2_ws/src/spot_micro/pico/sdk/micro_ros_raspberrypi_pico_sdk/libmicroros/libmicroros.a(libmicrocdr-common.c.obj)
                0x0000000010007244                ucdr_check_buffer_available_for
 .text.ucdr_check_final_buffer_behavior
                0x0000000010007260       0x38 /home/ben/ros2_ws/src/spot_micro/pico/sdk/micro_ros_raspberrypi_pico_sdk/libmicroros/libmicroros.a(libmicrocdr-common.c.obj)
                0x0000000010007260                ucdr_check_final_buffer_behavior
 .text.ucdr_set_on_full_buffer_callback
                0x0000000010007298        0x8 /home/ben/ros2_ws/src/spot_micro/pico/sdk/micro_ros_raspberrypi_pico_sdk/libmicroros/libmicroros.a(libmicrocdr-common.c.obj)
                0x0000000010007298                ucdr_set_on_full_buffer_callback
 .text.ucdr_init_buffer_origin_offset_endian
                0x00000000100072a0       0x28 /home/ben/ros2_ws/src/spot_micro/pico/sdk/micro_ros_raspberrypi_pico_sdk/libmicroros/libmicroros.a(libmicrocdr-common.c.obj)
                0x00000000100072a0                ucdr_init_buffer_origin_offset_endian
 .text.ucdr_init_buffer_origin_offset
                0x00000000100072c8       0x14 /home/ben/ros2_ws/src/spot_micro/pico/sdk/micro_ros_raspberrypi_pico_sdk/libmicroros/libmicroros.a(libmicrocdr-common.c.obj)
                0x00000000100072c8                ucdr_init_buffer_origin_offset
 .text.ucdr_init_buffer_origin
                0x00000000100072dc       0x10 /home/ben/ros2_ws/src/spot_micro/pico/sdk/micro_ros_raspberrypi_pico_sdk/libmicroros/libmicroros.a(libmicrocdr-common.c.obj)
                0x00000000100072dc                ucdr_init_buffer_origin
 .text.ucdr_init_buffer
                0x00000000100072ec        0xc /home/ben/ros2_ws/src/spot_micro/pico/sdk/micro_ros_raspberrypi_pico_sdk/libmicroros/libmicroros.a(libmicrocdr-common.c.obj)
                0x00000000100072ec                ucdr_init_buffer
 .text.ucdr_alignment
                0x00000000100072f8       0x10 /home/ben/ros2_ws/src/spot_micro/pico/sdk/micro_ros_raspberrypi_pico_sdk/libmicroros/libmicroros.a(libmicrocdr-common.c.obj)
                0x00000000100072f8                ucdr_alignment
 .text.ucdr_buffer_alignment
                0x0000000010007308       0x1c /home/ben/ros2_ws/src/spot_micro/pico/sdk/micro_ros_raspberrypi_pico_sdk/libmicroros/libmicroros.a(libmicrocdr-common.c.obj)
                0x0000000010007308                ucdr_buffer_alignment
 .text.ucdr_align_to
                0x0000000010007324       0x24 /home/ben/ros2_ws/src/spot_micro/pico/sdk/micro_ros_raspberrypi_pico_sdk/libmicroros/libmicroros.a(libmicrocdr-common.c.obj)
                0x0000000010007324                ucdr_align_to
 .text.ucdr_buffer_length
                0x0000000010007348        0x8 /home/ben/ros2_ws/src/spot_micro/pico/sdk/micro_ros_raspberrypi_pico_sdk/libmicroros/libmicroros.a(libmicrocdr-common.c.obj)
                0x0000000010007348                ucdr_buffer_length
 .text.ucdr_buffer_remaining
                0x0000000010007350        0x8 /home/ben/ros2_ws/src/spot_micro/pico/sdk/micro_ros_raspberrypi_pico_sdk/libmicroros/libmicroros.a(libmicrocdr-common.c.obj)
                0x0000000010007350                ucdr_buffer_remaining
 .text.ucdr_check_final_buffer_behavior_array
                0x0000000010007358       0x44 /home/ben/ros2_ws/src/spot_micro/pico/sdk/micro_ros_raspberrypi_pico_sdk/libmicroros/libmicroros.a(libmicrocdr-common.c.obj)
                0x0000000010007358                ucdr_check_final_buffer_behavior_array
 .text.ucdr_advance_buffer
                0x000000001000739c       0x44 /home/ben/ros2_ws/src/spot_micro/pico/sdk/micro_ros_raspberrypi_pico_sdk/libmicroros/libmicroros.a(libmicrocdr-common.c.obj)
                0x000000001000739c                ucdr_advance_buffer
 .text.ucdr_serialize_sequence_char
                0x00000000100073e0       0x24 /home/ben/ros2_ws/src/spot_micro/pico/sdk/micro_ros_raspberrypi_pico_sdk/libmicroros/libmicroros.a(libmicrocdr-sequence.c.obj)
                0x00000000100073e0                ucdr_serialize_sequence_char
 .text.ucdr_deserialize_sequence_char
                0x0000000010007404       0x30 /home/ben/ros2_ws/src/spot_micro/pico/sdk/micro_ros_raspberrypi_pico_sdk/libmicroros/libmicroros.a(libmicrocdr-sequence.c.obj)
                0x0000000010007404                ucdr_deserialize_sequence_char
 .text.ucdr_serialize_sequence_uint8_t
                0x0000000010007434       0x24 /home/ben/ros2_ws/src/spot_micro/pico/sdk/micro_ros_raspberrypi_pico_sdk/libmicroros/libmicroros.a(libmicrocdr-sequence.c.obj)
                0x0000000010007434                ucdr_serialize_sequence_uint8_t
 .text.ucdr_deserialize_sequence_uint8_t
                0x0000000010007458       0x30 /home/ben/ros2_ws/src/spot_micro/pico/sdk/micro_ros_raspberrypi_pico_sdk/libmicroros/libmicroros.a(libmicrocdr-sequence.c.obj)
                0x0000000010007458                ucdr_deserialize_sequence_uint8_t
 .text.ucdr_serialize_sequence_int16_t
                0x0000000010007488       0x24 /home/ben/ros2_ws/src/spot_micro/pico/sdk/micro_ros_raspberrypi_pico_sdk/libmicroros/libmicroros.a(libmicrocdr-sequence.c.obj)
                0x0000000010007488                ucdr_serialize_sequence_int16_t
 .text.ucdr_deserialize_sequence_int16_t
                0x00000000100074ac       0x30 /home/ben/ros2_ws/src/spot_micro/pico/sdk/micro_ros_raspberrypi_pico_sdk/libmicroros/libmicroros.a(libmicrocdr-sequence.c.obj)
                0x00000000100074ac                ucdr_deserialize_sequence_int16_t
 .text.get_custom_error
                0x00000000100074dc        0xc /home/ben/ros2_ws/src/spot_micro/pico/sdk/micro_ros_raspberrypi_pico_sdk/libmicroros/libmicroros.a(libmicroxrcedds_client-custom_transport.c.obj)
 .text.recv_custom_msg
                0x00000000100074e8       0xb4 /home/ben/ros2_ws/src/spot_micro/pico/sdk/micro_ros_raspberrypi_pico_sdk/libmicroros/libmicroros.a(libmicroxrcedds_client-custom_transport.c.obj)
 .text.send_custom_msg
                0x000000001000759c       0x64 /home/ben/ros2_ws/src/spot_micro/pico/sdk/micro_ros_raspberrypi_pico_sdk/libmicroros/libmicroros.a(libmicroxrcedds_client-custom_transport.c.obj)
 .text.uxr_set_custom_transport_callbacks
                0x0000000010007600       0x24 /home/ben/ros2_ws/src/spot_micro/pico/sdk/micro_ros_raspberrypi_pico_sdk/libmicroros/libmicroros.a(libmicroxrcedds_client-custom_transport.c.obj)
                0x0000000010007600                uxr_set_custom_transport_callbacks
 .text.uxr_init_custom_transport
                0x0000000010007624       0x88 /home/ben/ros2_ws/src/spot_micro/pico/sdk/micro_ros_raspberrypi_pico_sdk/libmicroros/libmicroros.a(libmicroxrcedds_client-custom_transport.c.obj)
                0x0000000010007624                uxr_init_custom_transport
 .text.uxr_close_custom_transport
                0x00000000100076ac        0xc /home/ben/ros2_ws/src/spot_micro/pico/sdk/micro_ros_raspberrypi_pico_sdk/libmicroros/libmicroros.a(libmicroxrcedds_client-custom_transport.c.obj)
                0x00000000100076ac                uxr_close_custom_transport
 .text.uxr_ping_agent_session
                0x00000000100076b8       0x9c /home/ben/ros2_ws/src/spot_micro/pico/sdk/micro_ros_raspberrypi_pico_sdk/libmicroros/libmicroros.a(libmicroxrcedds_client-ping.c.obj)
                0x00000000100076b8                uxr_ping_agent_session
 .text.uxr_ping_agent_attempts
                0x0000000010007754      0x198 /home/ben/ros2_ws/src/spot_micro/pico/sdk/micro_ros_raspberrypi_pico_sdk/libmicroros/libmicroros.a(libmicroxrcedds_client-ping.c.obj)
                0x0000000010007754                uxr_ping_agent_attempts
 .text.on_get_fragmentation_info
                0x00000000100078ec       0x38 /home/ben/ros2_ws/src/spot_micro/pico/sdk/micro_ros_raspberrypi_pico_sdk/libmicroros/libmicroros.a(libmicroxrcedds_client-session.c.obj)
 .text.read_submessage_get_info
                0x0000000010007924       0x74 /home/ben/ros2_ws/src/spot_micro/pico/sdk/micro_ros_raspberrypi_pico_sdk/libmicroros/libmicroros.a(libmicroxrcedds_client-session.c.obj)
 .text.write_submessage_acknack.isra.0
                0x0000000010007998       0x6c /home/ben/ros2_ws/src/spot_micro/pico/sdk/micro_ros_raspberrypi_pico_sdk/libmicroros/libmicroros.a(libmicroxrcedds_client-session.c.obj)
 .text.uxr_init_session
                0x0000000010007a04       0x48 /home/ben/ros2_ws/src/spot_micro/pico/sdk/micro_ros_raspberrypi_pico_sdk/libmicroros/libmicroros.a(libmicroxrcedds_client-session.c.obj)
                0x0000000010007a04                uxr_init_session
 .text.uxr_set_status_callback
                0x0000000010007a4c        0xc /home/ben/ros2_ws/src/spot_micro/pico/sdk/micro_ros_raspberrypi_pico_sdk/libmicroros/libmicroros.a(libmicroxrcedds_client-session.c.obj)
                0x0000000010007a4c                uxr_set_status_callback
 .text.uxr_set_topic_callback
                0x0000000010007a58        0xc /home/ben/ros2_ws/src/spot_micro/pico/sdk/micro_ros_raspberrypi_pico_sdk/libmicroros/libmicroros.a(libmicroxrcedds_client-session.c.obj)
                0x0000000010007a58                uxr_set_topic_callback
 .text.uxr_set_request_callback
                0x0000000010007a64        0xc /home/ben/ros2_ws/src/spot_micro/pico/sdk/micro_ros_raspberrypi_pico_sdk/libmicroros/libmicroros.a(libmicroxrcedds_client-session.c.obj)
                0x0000000010007a64                uxr_set_request_callback
 .text.uxr_set_reply_callback
                0x0000000010007a70        0xc /home/ben/ros2_ws/src/spot_micro/pico/sdk/micro_ros_raspberrypi_pico_sdk/libmicroros/libmicroros.a(libmicroxrcedds_client-session.c.obj)
                0x0000000010007a70                uxr_set_reply_callback
 .text.uxr_create_output_best_effort_stream
                0x0000000010007a7c       0x3c /home/ben/ros2_ws/src/spot_micro/pico/sdk/micro_ros_raspberrypi_pico_sdk/libmicroros/libmicroros.a(libmicroxrcedds_client-session.c.obj)
                0x0000000010007a7c                uxr_create_output_best_effort_stream
 .text.uxr_create_output_reliable_stream
                0x0000000010007ab8       0x40 /home/ben/ros2_ws/src/spot_micro/pico/sdk/micro_ros_raspberrypi_pico_sdk/libmicroros/libmicroros.a(libmicroxrcedds_client-session.c.obj)
                0x0000000010007ab8                uxr_create_output_reliable_stream
 .text.uxr_create_input_best_effort_stream
                0x0000000010007af8       0x2c /home/ben/ros2_ws/src/spot_micro/pico/sdk/micro_ros_raspberrypi_pico_sdk/libmicroros/libmicroros.a(libmicroxrcedds_client-session.c.obj)
                0x0000000010007af8                uxr_create_input_best_effort_stream
 .text.uxr_create_input_reliable_stream
                0x0000000010007b24       0x34 /home/ben/ros2_ws/src/spot_micro/pico/sdk/micro_ros_raspberrypi_pico_sdk/libmicroros/libmicroros.a(libmicroxrcedds_client-session.c.obj)
                0x0000000010007b24                uxr_create_input_reliable_stream
 .text.uxr_epoch_nanos
                0x0000000010007b58       0x14 /home/ben/ros2_ws/src/spot_micro/pico/sdk/micro_ros_raspberrypi_pico_sdk/libmicroros/libmicroros.a(libmicroxrcedds_client-session.c.obj)
                0x0000000010007b58                uxr_epoch_nanos
 .text.uxr_flash_output_streams
                0x0000000010007b6c       0xf4 /home/ben/ros2_ws/src/spot_micro/pico/sdk/micro_ros_raspberrypi_pico_sdk/libmicroros/libmicroros.a(libmicroxrcedds_client-session.c.obj)
                0x0000000010007b6c                uxr_flash_output_streams
 .text.read_submessage_info
                0x0000000010007c60       0xa8 /home/ben/ros2_ws/src/spot_micro/pico/sdk/micro_ros_raspberrypi_pico_sdk/libmicroros/libmicroros.a(libmicroxrcedds_client-session.c.obj)
                0x0000000010007c60                read_submessage_info
 .text.read_submessage_list
                0x0000000010007d08      0x3f8 /home/ben/ros2_ws/src/spot_micro/pico/sdk/micro_ros_raspberrypi_pico_sdk/libmicroros/libmicroros.a(libmicroxrcedds_client-session.c.obj)
 .text.listen_message_reliably
                0x0000000010008100      0x2a0 /home/ben/ros2_ws/src/spot_micro/pico/sdk/micro_ros_raspberrypi_pico_sdk/libmicroros/libmicroros.a(libmicroxrcedds_client-session.c.obj)
 .text.uxr_run_session_timeout
                0x00000000100083a0       0x30 /home/ben/ros2_ws/src/spot_micro/pico/sdk/micro_ros_raspberrypi_pico_sdk/libmicroros/libmicroros.a(libmicroxrcedds_client-session.c.obj)
                0x00000000100083a0                uxr_run_session_timeout
 .text.uxr_run_session_until_data
                0x00000000100083d0       0x3c /home/ben/ros2_ws/src/spot_micro/pico/sdk/micro_ros_raspberrypi_pico_sdk/libmicroros/libmicroros.a(libmicroxrcedds_client-session.c.obj)
                0x00000000100083d0                uxr_run_session_until_data
 .text.uxr_run_session_until_confirm_delivery
                0x000000001000840c       0x4c /home/ben/ros2_ws/src/spot_micro/pico/sdk/micro_ros_raspberrypi_pico_sdk/libmicroros/libmicroros.a(libmicroxrcedds_client-session.c.obj)
                0x000000001000840c                uxr_run_session_until_confirm_delivery
 .text.uxr_run_session_until_all_status
                0x0000000010008458       0xb0 /home/ben/ros2_ws/src/spot_micro/pico/sdk/micro_ros_raspberrypi_pico_sdk/libmicroros/libmicroros.a(libmicroxrcedds_client-session.c.obj)
                0x0000000010008458                uxr_run_session_until_all_status
 .text.uxr_run_session_until_pong
                0x0000000010008508       0x44 /home/ben/ros2_ws/src/spot_micro/pico/sdk/micro_ros_raspberrypi_pico_sdk/libmicroros/libmicroros.a(libmicroxrcedds_client-session.c.obj)
                0x0000000010008508                uxr_run_session_until_pong
 .text.wait_session_status
                0x000000001000854c      0x1c4 /home/ben/ros2_ws/src/spot_micro/pico/sdk/micro_ros_raspberrypi_pico_sdk/libmicroros/libmicroros.a(libmicroxrcedds_client-session.c.obj)
 .text.uxr_delete_session_retries
                0x0000000010008710       0x50 /home/ben/ros2_ws/src/spot_micro/pico/sdk/micro_ros_raspberrypi_pico_sdk/libmicroros/libmicroros.a(libmicroxrcedds_client-session.c.obj)
                0x0000000010008710                uxr_delete_session_retries
 .text.uxr_create_session
                0x0000000010008760      0x1f4 /home/ben/ros2_ws/src/spot_micro/pico/sdk/micro_ros_raspberrypi_pico_sdk/libmicroros/libmicroros.a(libmicroxrcedds_client-session.c.obj)
                0x0000000010008760                uxr_create_session
 .text.uxr_prepare_stream_to_write_submessage
                0x0000000010008954       0x94 /home/ben/ros2_ws/src/spot_micro/pico/sdk/micro_ros_raspberrypi_pico_sdk/libmicroros/libmicroros.a(libmicroxrcedds_client-session.c.obj)
                0x0000000010008954                uxr_prepare_stream_to_write_submessage
 .text.uxr_init_session_info
                0x00000000100089e8       0x20 /home/ben/ros2_ws/src/spot_micro/pico/sdk/micro_ros_raspberrypi_pico_sdk/libmicroros/libmicroros.a(libmicroxrcedds_client-session_info.c.obj)
                0x00000000100089e8                uxr_init_session_info
 .text.uxr_buffer_create_session
                0x0000000010008a08       0x58 /home/ben/ros2_ws/src/spot_micro/pico/sdk/micro_ros_raspberrypi_pico_sdk/libmicroros/libmicroros.a(libmicroxrcedds_client-session_info.c.obj)
                0x0000000010008a08                uxr_buffer_create_session
 .text.uxr_buffer_delete_session
                0x0000000010008a60       0x34 /home/ben/ros2_ws/src/spot_micro/pico/sdk/micro_ros_raspberrypi_pico_sdk/libmicroros/libmicroros.a(libmicroxrcedds_client-session_info.c.obj)
                0x0000000010008a60                uxr_buffer_delete_session
 .text.uxr_read_create_session_status
                0x0000000010008a94       0x18 /home/ben/ros2_ws/src/spot_micro/pico/sdk/micro_ros_raspberrypi_pico_sdk/libmicroros/libmicroros.a(libmicroxrcedds_client-session_info.c.obj)
                0x0000000010008a94                uxr_read_create_session_status
 .text.uxr_read_delete_session_status
                0x0000000010008aac       0x38 /home/ben/ros2_ws/src/spot_micro/pico/sdk/micro_ros_raspberrypi_pico_sdk/libmicroros/libmicroros.a(libmicroxrcedds_client-session_info.c.obj)
                0x0000000010008aac                uxr_read_delete_session_status
 .text.uxr_stamp_create_session_header
                0x0000000010008ae4       0x28 /home/ben/ros2_ws/src/spot_micro/pico/sdk/micro_ros_raspberrypi_pico_sdk/libmicroros/libmicroros.a(libmicroxrcedds_client-session_info.c.obj)
                0x0000000010008ae4                uxr_stamp_create_session_header
 .text.uxr_stamp_session_header
                0x0000000010008b0c       0x28 /home/ben/ros2_ws/src/spot_micro/pico/sdk/micro_ros_raspberrypi_pico_sdk/libmicroros/libmicroros.a(libmicroxrcedds_client-session_info.c.obj)
                0x0000000010008b0c                uxr_stamp_session_header
 .text.uxr_read_session_header
                0x0000000010008b34       0x90 /home/ben/ros2_ws/src/spot_micro/pico/sdk/micro_ros_raspberrypi_pico_sdk/libmicroros/libmicroros.a(libmicroxrcedds_client-session_info.c.obj)
                0x0000000010008b34                uxr_read_session_header
 .text.uxr_session_header_offset
                0x0000000010008bc4        0xc /home/ben/ros2_ws/src/spot_micro/pico/sdk/micro_ros_raspberrypi_pico_sdk/libmicroros/libmicroros.a(libmicroxrcedds_client-session_info.c.obj)
                0x0000000010008bc4                uxr_session_header_offset
 .text.uxr_init_base_object_request
                0x0000000010008bd0       0x3c /home/ben/ros2_ws/src/spot_micro/pico/sdk/micro_ros_raspberrypi_pico_sdk/libmicroros/libmicroros.a(libmicroxrcedds_client-session_info.c.obj)
                0x0000000010008bd0                uxr_init_base_object_request
 .text.uxr_parse_base_object_request
                0x0000000010008c0c       0x20 /home/ben/ros2_ws/src/spot_micro/pico/sdk/micro_ros_raspberrypi_pico_sdk/libmicroros/libmicroros.a(libmicroxrcedds_client-session_info.c.obj)
                0x0000000010008c0c                uxr_parse_base_object_request
 .text.uxr_init_framing_io
                0x0000000010008c2c        0xc /home/ben/ros2_ws/src/spot_micro/pico/sdk/micro_ros_raspberrypi_pico_sdk/libmicroros/libmicroros.a(libmicroxrcedds_client-stream_framing_protocol.c.obj)
                0x0000000010008c2c                uxr_init_framing_io
 .text.uxr_write_framed_msg
                0x0000000010008c38      0x324 /home/ben/ros2_ws/src/spot_micro/pico/sdk/micro_ros_raspberrypi_pico_sdk/libmicroros/libmicroros.a(libmicroxrcedds_client-stream_framing_protocol.c.obj)
                0x0000000010008c38                uxr_write_framed_msg
 .text.uxr_framing_read_transport
                0x0000000010008f5c      0x108 /home/ben/ros2_ws/src/spot_micro/pico/sdk/micro_ros_raspberrypi_pico_sdk/libmicroros/libmicroros.a(libmicroxrcedds_client-stream_framing_protocol.c.obj)
                0x0000000010008f5c                uxr_framing_read_transport
 .text.uxr_read_framed_msg
                0x0000000010009064      0x428 /home/ben/ros2_ws/src/spot_micro/pico/sdk/micro_ros_raspberrypi_pico_sdk/libmicroros/libmicroros.a(libmicroxrcedds_client-stream_framing_protocol.c.obj)
                0x0000000010009064                uxr_read_framed_msg
 .text.uxr_stream_id
                0x000000001000948c       0x4c /home/ben/ros2_ws/src/spot_micro/pico/sdk/micro_ros_raspberrypi_pico_sdk/libmicroros/libmicroros.a(libmicroxrcedds_client-stream_id.c.obj)
                0x000000001000948c                uxr_stream_id
 .text.uxr_stream_id_from_raw
                0x00000000100094d8       0x58 /home/ben/ros2_ws/src/spot_micro/pico/sdk/micro_ros_raspberrypi_pico_sdk/libmicroros/libmicroros.a(libmicroxrcedds_client-stream_id.c.obj)
                0x00000000100094d8                uxr_stream_id_from_raw
 .text.uxr_init_stream_storage
                0x0000000010009530       0x14 /home/ben/ros2_ws/src/spot_micro/pico/sdk/micro_ros_raspberrypi_pico_sdk/libmicroros/libmicroros.a(libmicroxrcedds_client-stream_storage.c.obj)
                0x0000000010009530                uxr_init_stream_storage
 .text.uxr_reset_stream_storage
                0x0000000010009544       0x80 /home/ben/ros2_ws/src/spot_micro/pico/sdk/micro_ros_raspberrypi_pico_sdk/libmicroros/libmicroros.a(libmicroxrcedds_client-stream_storage.c.obj)
                0x0000000010009544                uxr_reset_stream_storage
 .text.uxr_add_output_best_effort_buffer
                0x00000000100095c4       0x3c /home/ben/ros2_ws/src/spot_micro/pico/sdk/micro_ros_raspberrypi_pico_sdk/libmicroros/libmicroros.a(libmicroxrcedds_client-stream_storage.c.obj)
                0x00000000100095c4                uxr_add_output_best_effort_buffer
 .text.uxr_add_output_reliable_buffer
                0x0000000010009600       0x4c /home/ben/ros2_ws/src/spot_micro/pico/sdk/micro_ros_raspberrypi_pico_sdk/libmicroros/libmicroros.a(libmicroxrcedds_client-stream_storage.c.obj)
                0x0000000010009600                uxr_add_output_reliable_buffer
 .text.uxr_add_input_best_effort_buffer
                0x000000001000964c       0x44 /home/ben/ros2_ws/src/spot_micro/pico/sdk/micro_ros_raspberrypi_pico_sdk/libmicroros/libmicroros.a(libmicroxrcedds_client-stream_storage.c.obj)
                0x000000001000964c                uxr_add_input_best_effort_buffer
 .text.uxr_add_input_reliable_buffer
                0x0000000010009690       0x48 /home/ben/ros2_ws/src/spot_micro/pico/sdk/micro_ros_raspberrypi_pico_sdk/libmicroros/libmicroros.a(libmicroxrcedds_client-stream_storage.c.obj)
                0x0000000010009690                uxr_add_input_reliable_buffer
 .text.uxr_get_output_best_effort_stream
                0x00000000100096d8       0x10 /home/ben/ros2_ws/src/spot_micro/pico/sdk/micro_ros_raspberrypi_pico_sdk/libmicroros/libmicroros.a(libmicroxrcedds_client-stream_storage.c.obj)
                0x00000000100096d8                uxr_get_output_best_effort_stream
 .text.uxr_get_output_reliable_stream
                0x00000000100096e8       0x1c /home/ben/ros2_ws/src/spot_micro/pico/sdk/micro_ros_raspberrypi_pico_sdk/libmicroros/libmicroros.a(libmicroxrcedds_client-stream_storage.c.obj)
                0x00000000100096e8                uxr_get_output_reliable_stream
 .text.uxr_get_input_best_effort_stream
                0x0000000010009704       0x14 /home/ben/ros2_ws/src/spot_micro/pico/sdk/micro_ros_raspberrypi_pico_sdk/libmicroros/libmicroros.a(libmicroxrcedds_client-stream_storage.c.obj)
                0x0000000010009704                uxr_get_input_best_effort_stream
 .text.uxr_get_input_reliable_stream
                0x0000000010009718       0x1c /home/ben/ros2_ws/src/spot_micro/pico/sdk/micro_ros_raspberrypi_pico_sdk/libmicroros/libmicroros.a(libmicroxrcedds_client-stream_storage.c.obj)
                0x0000000010009718                uxr_get_input_reliable_stream
 .text.uxr_output_streams_confirmed
                0x0000000010009734       0x30 /home/ben/ros2_ws/src/spot_micro/pico/sdk/micro_ros_raspberrypi_pico_sdk/libmicroros/libmicroros.a(libmicroxrcedds_client-stream_storage.c.obj)
                0x0000000010009734                uxr_output_streams_confirmed
 .text.uxr_buffer_submessage_header
                0x0000000010009764       0x34 /home/ben/ros2_ws/src/spot_micro/pico/sdk/micro_ros_raspberrypi_pico_sdk/libmicroros/libmicroros.a(libmicroxrcedds_client-submessage.c.obj)
                0x0000000010009764                uxr_buffer_submessage_header
 .text.uxr_read_submessage_header
                0x0000000010009798       0x4c /home/ben/ros2_ws/src/spot_micro/pico/sdk/micro_ros_raspberrypi_pico_sdk/libmicroros/libmicroros.a(libmicroxrcedds_client-submessage.c.obj)
                0x0000000010009798                uxr_read_submessage_header
 .text.uxr_submessage_padding
                0x00000000100097e4       0x14 /home/ben/ros2_ws/src/spot_micro/pico/sdk/micro_ros_raspberrypi_pico_sdk/libmicroros/libmicroros.a(libmicroxrcedds_client-submessage.c.obj)
                0x00000000100097e4                uxr_submessage_padding
 .text.uxr_millis
                0x00000000100097f8       0x38 /home/ben/ros2_ws/src/spot_micro/pico/sdk/micro_ros_raspberrypi_pico_sdk/libmicroros/libmicroros.a(libmicroxrcedds_client-time.c.obj)
                0x00000000100097f8                uxr_millis
 .text.uxr_nanos
                0x0000000010009830       0x2c /home/ben/ros2_ws/src/spot_micro/pico/sdk/micro_ros_raspberrypi_pico_sdk/libmicroros/libmicroros.a(libmicroxrcedds_client-time.c.obj)
                0x0000000010009830                uxr_nanos
 .text.uxr_serialize_message_header
                0x000000001000985c       0x34 /home/ben/ros2_ws/src/spot_micro/pico/sdk/micro_ros_raspberrypi_pico_sdk/libmicroros/libmicroros.a(libmicroxrcedds_client-xrce_header.c.obj)
                0x000000001000985c                uxr_serialize_message_header
 .text.uxr_deserialize_message_header
                0x0000000010009890       0x34 /home/ben/ros2_ws/src/spot_micro/pico/sdk/micro_ros_raspberrypi_pico_sdk/libmicroros/libmicroros.a(libmicroxrcedds_client-xrce_header.c.obj)
                0x0000000010009890                uxr_deserialize_message_header
 .text.uxr_serialize_submessage_header
                0x00000000100098c4       0x20 /home/ben/ros2_ws/src/spot_micro/pico/sdk/micro_ros_raspberrypi_pico_sdk/libmicroros/libmicroros.a(libmicroxrcedds_client-xrce_subheader.c.obj)
                0x00000000100098c4                uxr_serialize_submessage_header
 .text.uxr_deserialize_submessage_header
                0x00000000100098e4       0x20 /home/ben/ros2_ws/src/spot_micro/pico/sdk/micro_ros_raspberrypi_pico_sdk/libmicroros/libmicroros.a(libmicroxrcedds_client-xrce_subheader.c.obj)
                0x00000000100098e4                uxr_deserialize_submessage_header
 .text.uxr_serialize_CLIENT_Representation
                0x0000000010009904       0xbc /home/ben/ros2_ws/src/spot_micro/pico/sdk/micro_ros_raspberrypi_pico_sdk/libmicroros/libmicroros.a(libmicroxrcedds_client-xrce_types.c.obj)
                0x0000000010009904                uxr_serialize_CLIENT_Representation
 .text.uxr_deserialize_CLIENT_Representation
                0x00000000100099c0       0xd0 /home/ben/ros2_ws/src/spot_micro/pico/sdk/micro_ros_raspberrypi_pico_sdk/libmicroros/libmicroros.a(libmicroxrcedds_client-xrce_types.c.obj)
                0x00000000100099c0                uxr_deserialize_CLIENT_Representation
 .text.uxr_serialize_AGENT_Representation
                0x0000000010009a90       0x98 /home/ben/ros2_ws/src/spot_micro/pico/sdk/micro_ros_raspberrypi_pico_sdk/libmicroros/libmicroros.a(libmicroxrcedds_client-xrce_types.c.obj)
                0x0000000010009a90                uxr_serialize_AGENT_Representation
 .text.uxr_serialize_DATAWRITER_Representation
                0x0000000010009b28       0x50 /home/ben/ros2_ws/src/spot_micro/pico/sdk/micro_ros_raspberrypi_pico_sdk/libmicroros/libmicroros.a(libmicroxrcedds_client-xrce_types.c.obj)