Archive member included to satisfy reference by file (symbol)

/home/ben/ros2_ws/src/spot_micro/pico/sdk/micro_ros_raspberrypi_pico_sdk/libmicroros/libmicroros.a(librcl-publisher.c.obj)
                              CMakeFiles/pico_micro_ros_example.dir/pico_micro_ros_example.c.obj (rcl_publish)
/home/ben/ros2_ws/src/spot_micro/pico/sdk/micro_ros_raspberrypi_pico_sdk/libmicroros/libmicroros.a(librclc-executor.c.obj)
                              CMakeFiles/pico_micro_ros_example.dir/pico_micro_ros_example.c.obj (rclc_executor_init)
/home/ben/ros2_ws/src/spot_micro/pico/sdk/micro_ros_raspberrypi_pico_sdk/libmicroros/libmicroros.a(librclc-executor_handle.c.obj)
                              /home/ben/ros2_ws/src/spot_micro/pico/sdk/micro_ros_raspberrypi_pico_sdk/libmicroros/libmicroros.a(librclc-executor.c.obj) (rclc_executor_handle_counters_zero_init)
/home/ben/ros2_ws/src/spot_micro/pico/sdk/micro_ros_raspberrypi_pico_sdk/libmicroros/libmicroros.a(librclc-init.c.obj)
                              CMakeFiles/pico_micro_ros_example.dir/pico_micro_ros_example.c.obj (rclc_support_init)
/home/ben/ros2_ws/src/spot_micro/pico/sdk/micro_ros_raspberrypi_pico_sdk/libmicroros/libmicroros.a(librclc-node.c.obj)
                              CMakeFiles/pico_micro_ros_example.dir/pico_micro_ros_example.c.obj (rclc_node_init_default)
/home/ben/ros2_ws/src/spot_micro/pico/sdk/micro_ros_raspberrypi_pico_sdk/libmicroros/libmicroros.a(librclc-publisher.c.obj)
                              CMakeFiles/pico_micro_ros_example.dir/pico_micro_ros_example.c.obj (rclc_publisher_init_default)
/home/ben/ros2_ws/src/spot_micro/pico/sdk/micro_ros_raspberrypi_pico_sdk/libmicroros/libmicroros.a(librclc-sleep.c.obj)
                              /home/ben/ros2_ws/src/spot_micro/pico/sdk/micro_ros_raspberrypi_pico_sdk/libmicroros/libmicroros.a(librclc-executor.c.obj) (rclc_sleep_ms)
/home/ben/ros2_ws/src/spot_micro/pico/sdk/micro_ros_raspberrypi_pico_sdk/libmicroros/libmicroros.a(librclc-timer.c.obj)
                              CMakeFiles/pico_micro_ros_example.dir/pico_micro_ros_example.c.obj (rclc_timer_init_default)
/home/ben/ros2_ws/src/spot_micro/pico/sdk/micro_ros_raspberrypi_pico_sdk/libmicroros/libmicroros.a(librcutils-allocator.c.obj)
                              CMakeFiles/pico_micro_ros_example.dir/pico_micro_ros_example.c.obj (rcutils_get_default_allocator)
/home/ben/ros2_ws/src/spot_micro/pico/sdk/micro_ros_raspberrypi_pico_sdk/libmicroros/libmicroros.a(librcutils-error_handling.c.obj)
                              /home/ben/ros2_ws/src/spot_micro/pico/sdk/micro_ros_raspberrypi_pico_sdk/libmicroros/libmicroros.a(librclc-executor.c.obj) (rcutils_reset_error)
/home/ben/ros2_ws/src/spot_micro/pico/sdk/micro_ros_raspberrypi_pico_sdk/libmicroros/libmicroros.a(librcutils-time_unix.c.obj)
                              /home/ben/ros2_ws/src/spot_micro/pico/sdk/micro_ros_raspberrypi_pico_sdk/libmicroros/libmicroros.a(librclc-executor.c.obj) (rcutils_system_time_now)
/home/ben/ros2_ws/src/spot_micro/pico/sdk/micro_ros_raspberrypi_pico_sdk/libmicroros/libmicroros.a(librmw-publisher_options.c.obj)
                              /home/ben/ros2_ws/src/spot_micro/pico/sdk/micro_ros_raspberrypi_pico_sdk/libmicroros/libmicroros.a(librcl-publisher.c.obj) (rmw_get_default_publisher_options)
/home/ben/ros2_ws/src/spot_micro/pico/sdk/micro_ros_raspberrypi_pico_sdk/libmicroros/libmicroros.a(librmw_microxrcedds-custom_transport.c.obj)
                              CMakeFiles/pico_micro_ros_example.dir/pico_micro_ros_example.c.obj (rmw_uros_set_custom_transport)
/home/ben/ros2_ws/src/spot_micro/pico/sdk/micro_ros_raspberrypi_pico_sdk/libmicroros/libmicroros.a(librmw_microxrcedds-ping.c.obj)
                              CMakeFiles/pico_micro_ros_example.dir/pico_micro_ros_example.c.obj (rmw_uros_ping_agent)
/home/ben/ros2_ws/src/spot_micro/pico/sdk/micro_ros_raspberrypi_pico_sdk/libmicroros/libmicroros.a(librmw_microxrcedds-rmw_publish.c.obj)
                              /home/ben/ros2_ws/src/spot_micro/pico/sdk/micro_ros_raspberrypi_pico_sdk/libmicroros/libmicroros.a(librcl-publisher.c.obj) (rmw_publish)
/home/ben/ros2_ws/src/spot_micro/pico/sdk/micro_ros_raspberrypi_pico_sdk/libmicroros/libmicroros.a(librmw_microxrcedds-rmw_publisher.c.obj)
                              /home/ben/ros2_ws/src/spot_micro/pico/sdk/micro_ros_raspberrypi_pico_sdk/libmicroros/libmicroros.a(librcl-publisher.c.obj) (rmw_create_publisher)
/home/ben/ros2_ws/src/spot_micro/pico/sdk/micro_ros_raspberrypi_pico_sdk/libmicroros/libmicroros.a(librmw_microxrcedds-rmw_uxrce_transports.c.obj)
                              /home/ben/ros2_ws/src/spot_micro/pico/sdk/micro_ros_raspberrypi_pico_sdk/libmicroros/libmicroros.a(librmw_microxrcedds-ping.c.obj) (rmw_uxrce_transport_init)
/home/ben/ros2_ws/src/spot_micro/pico/sdk/micro_ros_raspberrypi_pico_sdk/libmicroros/libmicroros.a(librmw_microxrcedds-types.c.obj)
[...]
Memory Configuration

Name             Origin             Length             Attributes
FLASH            0x0000000010000000 0x0000000000200000 xr
RAM              0x0000000020000000 0x0000000000040000 xrw
SCRATCH_X        0x0000000020040000 0x0000000000001000 xrw
SCRATCH_Y        0x0000000020041000 0x0000000000001000 xrw
*default*        0x0000000000000000 0xffffffffffffffff

Linker script and memory map

LOAD /usr/lib/gcc/arm-none-eabi/10.3.1/thumb/v6-m/nofp/crti.o
LOAD /usr/lib/gcc/arm-none-eabi/10.3.1/thumb/v6-m/nofp/crtbegin.o
LOAD /usr/lib/gcc/arm-none-eabi/10.3.1/../../../arm-none-eabi/lib/thumb/v6-m/nofp/crt0.o

.flash_begin    0x0000000010000000        0x0
                0x0000000010000000                __flash_binary_start = .

.boot2          0x0000000010000000      0x100
                0x0000000010000000                __boot2_start__ = .
 *(.boot2)
 .boot2         0x0000000010000000      0x100 /tmp/ccaVRQ6s.o
                0x0000000010000100                __boot2_end__ = .
                0x0000000000000001                ASSERT (((__boot2_end__ - __boot2_start__) == 0x100), ERROR: Pico second stage bootloader must be 256 bytes in size)

.text           0x0000000010000100    0x157b8
                0x0000000010000100                __logical_binary_start = .
 *(.vectors)
 .vectors       0x0000000010000100       0xd4 CMakeFiles/pico_micro_ros_example.dir/home/ben/pico-sdk/src/rp2_common/pico_standard_link/crt0.S.obj
                0x0000000010000100                __vectors
                0x0000000010000100                __VECTOR_TABLE
                0x00000000100001c0                isr_invalid
                0x00000000100001c0                __default_isrs_start
                0x00000000100001c2                isr_nmi
                0x00000000100001c4                isr_hardfault
                0x00000000100001c6                isr_svcall
                0x00000000100001c8                isr_pendsv
                0x00000000100001ca                isr_systick
                0x00000000100001cc                isr_irq30
                0x00000000100001cc                __unhandled_user_irq
                0x00000000100001cc                isr_irq13
                0x00000000100001cc                isr_irq27
                0x00000000100001cc                isr_irq31
                0x00000000100001cc                isr_irq5
                0x00000000100001cc                isr_irq11
                0x00000000100001cc                isr_irq23
                0x00000000100001cc                isr_irq18
                0x00000000100001cc                isr_irq28
                0x00000000100001cc                isr_irq19
                0x00000000100001cc                isr_irq0
                0x00000000100001cc                isr_irq6
                0x00000000100001cc                isr_irq22
                0x00000000100001cc                isr_irq17
                0x00000000100001cc                isr_irq14
                0x00000000100001cc                isr_irq2
                0x00000000100001cc                isr_irq10
                0x00000000100001cc                isr_irq8
                0x00000000100001cc                isr_irq24
                0x00000000100001cc                isr_irq1
                0x00000000100001cc                isr_irq7
                0x00000000100001cc                isr_irq21
                0x00000000100001cc                isr_irq20
                0x00000000100001cc                isr_irq15
                0x00000000100001cc                isr_irq25
                0x00000000100001cc                isr_irq4
                0x00000000100001cc                isr_irq16
                0x00000000100001cc                isr_irq29
                0x00000000100001cc                isr_irq26
                0x00000000100001cc                __default_isrs_end
                0x00000000100001cc                isr_irq3
                0x00000000100001cc                isr_irq12
                0x00000000100001cc                isr_irq9
                0x00000000100001d2                unhandled_user_irq_num_in_r0
 *(.binary_info_header)
 .binary_info_header
                0x00000000100001d4       0x14 CMakeFiles/pico_micro_ros_example.dir/home/ben/pico-sdk/src/rp2_common/pico_standard_link/crt0.S.obj
                0x00000000100001e8                __binary_info_header_end = .
 *(.reset)
 .reset         0x00000000100001e8       0xa8 CMakeFiles/pico_micro_ros_example.dir/home/ben/pico-sdk/src/rp2_common/pico_standard_link/crt0.S.obj
                0x00000000100001e8                _entry_point
                0x0000000010000266                __get_current_exception
 .reset         0x0000000010000290       0x30 CMakeFiles/pico_micro_ros_example.dir/home/ben/pico-sdk/src/rp2_common/pico_standard_link/binary_info.c.obj
 *(.init)
 .init          0x00000000100002c0        0x4 /usr/lib/gcc/arm-none-eabi/10.3.1/thumb/v6-m/nofp/crti.o
                0x00000000100002c0                _init
 *(EXCLUDE_FILE(*libm.a: *libc.a:*lib_a-mem*.o *libgcc.a:) .text*)
 .text          0x00000000100002c4       0x98 /usr/lib/gcc/arm-none-eabi/10.3.1/thumb/v6-m/nofp/crtbegin.o
 .text.timer_callback
                0x000000001000035c       0x20 CMakeFiles/pico_micro_ros_example.dir/pico_micro_ros_example.c.obj
                0x000000001000035c                timer_callback
 .text.startup.main
                0x000000001000037c       0xdc CMakeFiles/pico_micro_ros_example.dir/pico_micro_ros_example.c.obj
                0x000000001000037c                main
 .text.clock_gettime
                0x0000000010000458       0x3c CMakeFiles/pico_micro_ros_example.dir/pico_uart_transport.c.obj
                0x0000000010000458                clock_gettime
 .text.pico_serial_transport_open
                0x0000000010000494        0xc CMakeFiles/pico_micro_ros_example.dir/pico_uart_transport.c.obj
                0x0000000010000494                pico_serial_transport_open
 .text.pico_serial_transport_close
                0x00000000100004a0        0x4 CMakeFiles/pico_micro_ros_example.dir/pico_uart_transport.c.obj
                0x00000000100004a0                pico_serial_transport_close
 .text.pico_serial_transport_write
                0x00000000100004a4       0x38 CMakeFiles/pico_micro_ros_example.dir/pico_uart_transport.c.obj
                0x00000000100004a4                pico_serial_transport_write
 .text.pico_serial_transport_read
                0x00000000100004dc       0x64 CMakeFiles/pico_micro_ros_example.dir/pico_uart_transport.c.obj
                0x00000000100004dc                pico_serial_transport_read
 .text.gpio_init
                0x0000000010000540       0x3c CMakeFiles/pico_micro_ros_example.dir/home/ben/pico-sdk/src/rp2_common/hardware_gpio/gpio.c.obj
                0x0000000010000540                gpio_init
 .text.hw_claim_or_assert
                0x000000001000057c       0x44 CMakeFiles/pico_micro_ros_example.dir/home/ben/pico-sdk/src/rp2_common/hardware_claim/claim.c.obj
                0x000000001000057c                hw_claim_or_assert
 .text.hw_claim_unused_from_range
                0x00000000100005c0       0x9c CMakeFiles/pico_micro_ros_example.dir/home/ben/pico-sdk/src/rp2_common/hardware_claim/claim.c.obj
                0x00000000100005c0                hw_claim_unused_from_range
 .text.running_on_fpga
                0x000000001000065c       0x10 CMakeFiles/pico_micro_ros_example.dir/home/ben/pico-sdk/src/rp2_common/pico_platform/platform.c.obj
                0x000000001000065c                running_on_fpga
 .text.spin_locks_reset
                0x000000001000066c       0x1c CMakeFiles/pico_micro_ros_example.dir/home/ben/pico-sdk/src/rp2_common/hardware_sync/sync.c.obj
                0x000000001000066c                spin_locks_reset
 .text.next_striped_spin_lock_num
                0x0000000010000688       0x18 CMakeFiles/pico_micro_ros_example.dir/home/ben/pico-sdk/src/rp2_common/hardware_sync/sync.c.obj
                0x0000000010000688                next_striped_spin_lock_num
 .text.spin_lock_claim_unused
                0x00000000100006a0       0x20 CMakeFiles/pico_micro_ros_example.dir/home/ben/pico-sdk/src/rp2_common/hardware_sync/sync.c.obj
                0x00000000100006a0                spin_lock_claim_unused
 .text.irq_set_enabled
                0x00000000100006c0       0x24 CMakeFiles/pico_micro_ros_example.dir/home/ben/pico-sdk/src/rp2_common/hardware_irq/irq.c.obj
                0x00000000100006c0                irq_set_enabled
 .text.irq_set_pending
                0x00000000100006e4       0x10 CMakeFiles/pico_micro_ros_example.dir/home/ben/pico-sdk/src/rp2_common/hardware_irq/irq.c.obj
                0x00000000100006e4                irq_set_pending
 .text.irq_has_shared_handler
                0x00000000100006f4       0x2c CMakeFiles/pico_micro_ros_example.dir/home/ben/pico-sdk/src/rp2_common/hardware_irq/irq.c.obj
                0x00000000100006f4                irq_has_shared_handler
 .text.irq_get_vtable_handler
                0x0000000010000720       0x10 CMakeFiles/pico_micro_ros_example.dir/home/ben/pico-sdk/src/rp2_common/hardware_irq/irq.c.obj
                0x0000000010000720                irq_get_vtable_handler
 .text.irq_set_exclusive_handler
                0x0000000010000730       0x54 CMakeFiles/pico_micro_ros_example.dir/home/ben/pico-sdk/src/rp2_common/hardware_irq/irq.c.obj
                0x0000000010000730                irq_set_exclusive_handler
 .text.irq_add_shared_handler
                0x0000000010000784      0x1e4 CMakeFiles/pico_micro_ros_example.dir/home/ben/pico-sdk/src/rp2_common/hardware_irq/irq.c.obj
                0x0000000010000784                irq_add_shared_handler
 .text.irq_remove_handler
                0x0000000010000968      0x1b4 CMakeFiles/pico_micro_ros_example.dir/home/ben/pico-sdk/src/rp2_common/hardware_irq/irq.c.obj
                0x0000000010000968                irq_remove_handler
 .text.irq_add_tail_to_free_list
                0x0000000010000b1c       0xb4 CMakeFiles/pico_micro_ros_example.dir/home/ben/pico-sdk/src/rp2_common/hardware_irq/irq.c.obj
                0x0000000010000b1c                irq_add_tail_to_free_list
 .text.irq_init_priorities
                0x0000000010000bd0       0x24 CMakeFiles/pico_micro_ros_example.dir/home/ben/pico-sdk/src/rp2_common/hardware_irq/irq.c.obj
                0x0000000010000bd0                irq_init_priorities
 .text.user_irq_claim_unused
                0x0000000010000bf4       0x30 CMakeFiles/pico_micro_ros_example.dir/home/ben/pico-sdk/src/rp2_common/hardware_irq/irq.c.obj
                0x0000000010000bf4                user_irq_claim_unused
 .text.lock_init
                0x0000000010000c24       0x10 CMakeFiles/pico_micro_ros_example.dir/home/ben/pico-sdk/src/common/pico_sync/lock_core.c.obj
                0x0000000010000c24                lock_init
 .text.timer_pool_entry_comparator
                0x0000000010000c34       0x34 CMakeFiles/pico_micro_ros_example.dir/home/ben/pico-sdk/src/common/pico_time/time.c.obj
                0x0000000010000c34                timer_pool_entry_comparator
 .text.sleep_until_callback
                0x0000000010000c68       0x30 CMakeFiles/pico_micro_ros_example.dir/home/ben/pico-sdk/src/common/pico_time/time.c.obj
 .text.add_alarm_under_lock.isra.0
                0x0000000010000c98      0x100 CMakeFiles/pico_micro_ros_example.dir/home/ben/pico-sdk/src/common/pico_time/time.c.obj
 .text.alarm_pool_alarm_callback
                0x0000000010000d98      0x1c8 CMakeFiles/pico_micro_ros_example.dir/home/ben/pico-sdk/src/common/pico_time/time.c.obj
 .text.alarm_pool_add_alarm_at.constprop.0
                0x0000000010000f60      0x11c CMakeFiles/pico_micro_ros_example.dir/home/ben/pico-sdk/src/common/pico_time/time.c.obj
 .text.alarm_pool_init_default
                0x000000001000107c       0x64 CMakeFiles/pico_micro_ros_example.dir/home/ben/pico-sdk/src/common/pico_time/time.c.obj
                0x000000001000107c                alarm_pool_init_default
 .text.alarm_pool_get_default
                0x00000000100010e0        0x8 CMakeFiles/pico_micro_ros_example.dir/home/ben/pico-sdk/src/common/pico_time/time.c.obj
                0x00000000100010e0                alarm_pool_get_default
 .text.alarm_pool_add_alarm_at
                0x00000000100010e8      0x194 CMakeFiles/pico_micro_ros_example.dir/home/ben/pico-sdk/src/common/pico_time/time.c.obj
                0x00000000100010e8                alarm_pool_add_alarm_at
 .text.best_effort_wfe_or_timeout
                0x000000001000127c       0xd4 CMakeFiles/pico_micro_ros_example.dir/home/ben/pico-sdk/src/common/pico_time/time.c.obj
                0x000000001000127c                best_effort_wfe_or_timeout
 .text.hardware_alarm_irq_handler
                0x0000000010001350       0xb8 CMakeFiles/pico_micro_ros_example.dir/home/ben/pico-sdk/src/rp2_common/hardware_timer/timer.c.obj
 .text.hardware_alarm_claim
                0x0000000010001408       0x18 CMakeFiles/pico_micro_ros_example.dir/home/ben/pico-sdk/src/rp2_common/hardware_timer/timer.c.obj
                0x0000000010001408                hardware_alarm_claim
 .text.time_us_64
                0x0000000010001420       0x14 CMakeFiles/pico_micro_ros_example.dir/home/ben/pico-sdk/src/rp2_common/hardware_timer/timer.c.obj
                0x0000000010001420                time_us_64
 .text.busy_wait_us
                0x0000000010001434       0x54 CMakeFiles/pico_micro_ros_example.dir/home/ben/pico-sdk/src/rp2_common/hardware_timer/timer.c.obj
                0x0000000010001434                busy_wait_us
 .text.hardware_alarm_set_callback
                0x0000000010001488       0x8c CMakeFiles/pico_micro_ros_example.dir/home/ben/pico-sdk/src/rp2_common/hardware_timer/timer.c.obj
                0x0000000010001488                hardware_alarm_set_callback
 .text.hardware_alarm_set_target
                0x0000000010001514       0xe0 CMakeFiles/pico_micro_ros_example.dir/home/ben/pico-sdk/src/rp2_common/hardware_timer/timer.c.obj
                0x0000000010001514                hardware_alarm_set_target
 .text.hardware_alarm_cancel
                0x00000000100015f4       0x3c CMakeFiles/pico_micro_ros_example.dir/home/ben/pico-sdk/src/rp2_common/hardware_timer/timer.c.obj
                0x00000000100015f4                hardware_alarm_cancel
 .text.ph_merge_nodes
                0x0000000010001630       0x68 CMakeFiles/pico_micro_ros_example.dir/home/ben/pico-sdk/src/common/pico_util/pheap.c.obj
 .text.ph_post_alloc_init
                0x0000000010001698       0x3c CMakeFiles/pico_micro_ros_example.dir/home/ben/pico-sdk/src/common/pico_util/pheap.c.obj
                0x0000000010001698                ph_post_alloc_init
 .text.ph_merge_two_pass
                0x00000000100016d4       0x90 CMakeFiles/pico_micro_ros_example.dir/home/ben/pico-sdk/src/common/pico_util/pheap.c.obj
                0x00000000100016d4                ph_merge_two_pass
 .text.ph_remove_any_head
                0x0000000010001764       0xf8 CMakeFiles/pico_micro_ros_example.dir/home/ben/pico-sdk/src/common/pico_util/pheap.c.obj
 .text.ph_remove_head
                0x000000001000185c       0xfc CMakeFiles/pico_micro_ros_example.dir/home/ben/pico-sdk/src/common/pico_util/pheap.c.obj
                0x000000001000185c                ph_remove_head
 .text.ph_remove_and_free_node
                0x0000000010001958       0x7c CMakeFiles/pico_micro_ros_example.dir/home/ben/pico-sdk/src/common/pico_util/pheap.c.obj
                0x0000000010001958                ph_remove_and_free_node
 .text.mutex_init
                0x00000000100019d4       0x1c CMakeFiles/pico_micro_ros_example.dir/home/ben/pico-sdk/src/common/pico_sync/mutex.c.obj
                0x00000000100019d4                mutex_init
 .text.recursive_mutex_init
                0x00000000100019f0       0x1c CMakeFiles/pico_micro_ros_example.dir/home/ben/pico-sdk/src/common/pico_sync/mutex.c.obj
                0x00000000100019f0                recursive_mutex_init
 .text.critical_section_init
                0x0000000010001a0c       0x20 CMakeFiles/pico_micro_ros_example.dir/home/ben/pico-sdk/src/common/pico_sync/critical_section.c.obj
                0x0000000010001a0c                critical_section_init
 .text.runtime_init
                0x0000000010001a2c       0xf0 CMakeFiles/pico_micro_ros_example.dir/home/ben/pico-sdk/src/rp2_common/pico_runtime/runtime.c.obj
                0x0000000010001a2c                runtime_init
 .text._sbrk    0x0000000010001b1c       0x34 CMakeFiles/pico_micro_ros_example.dir/home/ben/pico-sdk/src/rp2_common/pico_runtime/runtime.c.obj
                0x0000000010001b1c                _sbrk
 .text.exit     0x0000000010001b50        0x4 CMakeFiles/pico_micro_ros_example.dir/home/ben/pico-sdk/src/rp2_common/pico_runtime/runtime.c.obj
                0x0000000010001b50                exit
 .text.panic    0x0000000010001b54       0x30 CMakeFiles/pico_micro_ros_example.dir/home/ben/pico-sdk/src/rp2_common/pico_runtime/runtime.c.obj
                0x0000000010001b54                panic
 .text.hard_assertion_failure
                0x0000000010001b84        0xc CMakeFiles/pico_micro_ros_example.dir/home/ben/pico-sdk/src/rp2_common/pico_runtime/runtime.c.obj
                0x0000000010001b84                hard_assertion_failure
 .text.clocks_init
                0x0000000010001b90      0x2bc CMakeFiles/pico_micro_ros_example.dir/home/ben/pico-sdk/src/rp2_common/hardware_clocks/clocks.c.obj
                0x0000000010001b90                clocks_init
 .text.pll_init
                0x0000000010001e4c       0xb0 CMakeFiles/pico_micro_ros_example.dir/home/ben/pico-sdk/src/rp2_common/hardware_pll/pll.c.obj
                0x0000000010001e4c                pll_init
 .text.watchdog_start_tick
                0x0000000010001efc       0x10 CMakeFiles/pico_micro_ros_example.dir/home/ben/pico-sdk/src/rp2_common/hardware_watchdog/watchdog.c.obj
                0x0000000010001efc                watchdog_start_tick
 .text.watchdog_reboot
                0x0000000010001f0c       0x98 CMakeFiles/pico_micro_ros_example.dir/home/ben/pico-sdk/src/rp2_common/hardware_watchdog/watchdog.c.obj
                0x0000000010001f0c                watchdog_reboot
 .text.xosc_init
                0x0000000010001fa4       0x28 CMakeFiles/pico_micro_ros_example.dir/home/ben/pico-sdk/src/rp2_common/hardware_xosc/xosc.c.obj
                0x0000000010001fa4                xosc_init
 .text._out_buffer
                0x0000000010001fcc        0x8 CMakeFiles/pico_micro_ros_example.dir/home/ben/pico-sdk/src/rp2_common/pico_printf/printf.c.obj
 .text._out_null
                0x0000000010001fd4        0x4 CMakeFiles/pico_micro_ros_example.dir/home/ben/pico-sdk/src/rp2_common/pico_printf/printf.c.obj
 .text._out_rev
                0x0000000010001fd8       0x9c CMakeFiles/pico_micro_ros_example.dir/home/ben/pico-sdk/src/rp2_common/pico_printf/printf.c.obj
 .text._ntoa_format
                0x0000000010002074      0x1cc CMakeFiles/pico_micro_ros_example.dir/home/ben/pico-sdk/src/rp2_common/pico_printf/printf.c.obj
 .text._out_char
                0x0000000010002240       0x10 CMakeFiles/pico_micro_ros_example.dir/home/ben/pico-sdk/src/rp2_common/pico_printf/printf.c.obj
 .text._etoa    0x0000000010002250      0x44c CMakeFiles/pico_micro_ros_example.dir/home/ben/pico-sdk/src/rp2_common/pico_printf/printf.c.obj
 .text._ftoa    0x000000001000269c      0x398 CMakeFiles/pico_micro_ros_example.dir/home/ben/pico-sdk/src/rp2_common/pico_printf/printf.c.obj
 .text._vsnprintf
                0x0000000010002a34      0xb04 CMakeFiles/pico_micro_ros_example.dir/home/ben/pico-sdk/src/rp2_common/pico_printf/printf.c.obj
 .text.__wrap_snprintf
                0x0000000010003538       0x28 CMakeFiles/pico_micro_ros_example.dir/home/ben/pico-sdk/src/rp2_common/pico_printf/printf.c.obj
                0x0000000010003538                __wrap_snprintf
 .text.__wrap_vsnprintf
                0x0000000010003560       0x1c CMakeFiles/pico_micro_ros_example.dir/home/ben/pico-sdk/src/rp2_common/pico_printf/printf.c.obj
                0x0000000010003560                __wrap_vsnprintf
 .text.weak_raw_vprintf
                0x000000001000357c       0x30 CMakeFiles/pico_micro_ros_example.dir/home/ben/pico-sdk/src/rp2_common/pico_printf/printf.c.obj
                0x000000001000357c                weak_raw_vprintf
 .text          0x00000000100035ac       0x10 CMakeFiles/pico_micro_ros_example.dir/home/ben/pico-sdk/src/rp2_common/pico_bit_ops/bit_ops_aeabi.S.obj
 .text.rom_func_lookup
                0x00000000100035bc       0x10 CMakeFiles/pico_micro_ros_example.dir/home/ben/pico-sdk/src/rp2_common/pico_bootrom/bootrom.c.obj
                0x00000000100035bc                rom_func_lookup
 .text.rom_data_lookup
                0x00000000100035cc       0x10 CMakeFiles/pico_micro_ros_example.dir/home/ben/pico-sdk/src/rp2_common/pico_bootrom/bootrom.c.obj
                0x00000000100035cc                rom_data_lookup
 .text.rom_funcs_lookup
                0x00000000100035dc       0x44 CMakeFiles/pico_micro_ros_example.dir/home/ben/pico-sdk/src/rp2_common/pico_bootrom/bootrom.c.obj
                0x00000000100035dc                rom_funcs_lookup
 .text.__wrap___aeabi_idiv
                0x0000000010003620       0x50 CMakeFiles/pico_micro_ros_example.dir/home/ben/pico-sdk/src/rp2_common/pico_divider/divider.S.obj
                0x0000000010003620                __wrap___aeabi_idivmod
                0x0000000010003620                divmod_s32s32
                0x0000000010003620                div_s32s32
                0x0000000010003620                __wrap___aeabi_idiv
                0x0000000010003628                divmod_s32s32_unsafe
                0x0000000010003654                divmod_s32s32_savestate
 .text.__wrap___aeabi_uidiv
                0x0000000010003670       0x4c CMakeFiles/pico_micro_ros_example.dir/home/ben/pico-sdk/src/rp2_common/pico_divider/divider.S.obj
                0x0000000010003670                __wrap___aeabi_uidiv
                0x0000000010003670                __wrap___aeabi_uidivmod
                0x0000000010003670                div_u32u32
                0x0000000010003670                divmod_u32u32
                0x0000000010003678                divmod_u32u32_unsafe
                0x00000000100036a0                divmod_u32u32_savestate
 .text.__wrap___aeabi_ldiv
                0x00000000100036bc      0x434 CMakeFiles/pico_micro_ros_example.dir/home/ben/pico-sdk/src/rp2_common/pico_divider/divider.S.obj
                0x00000000100036bc                div_s64s64
                0x00000000100036bc                divmod_s64s64
                0x00000000100036bc                __wrap___aeabi_ldivmod
                0x00000000100036f4                div_u64u64
                0x00000000100036f4                divmod_u64u64
                0x00000000100036f4                __wrap___aeabi_uldivmod
                0x0000000010003704                divmod_u64u64_savestate
                0x000000001000372c                divmod_s64s64_unsafe
                0x00000000100037b4                divmod_u64u64_unsafe
 .text.__wrap___aeabi_darithmetic
                0x0000000010003af0       0x80 CMakeFiles/pico_micro_ros_example.dir/home/ben/pico-sdk/src/rp2_common/pico_double/double_aeabi.S.obj
                0x0000000010003af0                __wrap___aeabi_drsub
                0x0000000010003af6                __wrap___aeabi_dsub
                0x0000000010003b08                __wrap___aeabi_dadd
                0x0000000010003b1a                __wrap___aeabi_ddiv
                0x0000000010003b56                __wrap___aeabi_dmul
 .text.__wrap___aeabi_cdcmple
                0x0000000010003b70       0x6c CMakeFiles/pico_micro_ros_example.dir/home/ben/pico-sdk/src/rp2_common/pico_double/double_aeabi.S.obj
                0x0000000010003b70                __wrap___aeabi_cdrcmple
                0x0000000010003b80                __wrap___aeabi_cdcmple
                0x0000000010003b80                __wrap___aeabi_cdcmpeq
 .text.__wrap___aeabi_dcmplt
                0x0000000010003bdc        0xc CMakeFiles/pico_micro_ros_example.dir/home/ben/pico-sdk/src/rp2_common/pico_double/double_aeabi.S.obj
                0x0000000010003bdc                __wrap___aeabi_dcmplt
 .text.__wrap___aeabi_dcmple
                0x0000000010003be8       0x10 CMakeFiles/pico_micro_ros_example.dir/home/ben/pico-sdk/src/rp2_common/pico_double/double_aeabi.S.obj
                0x0000000010003be8                __wrap___aeabi_dcmple
 .text.__wrap___aeabi_dcmpge
                0x0000000010003bf8       0x10 CMakeFiles/pico_micro_ros_example.dir/home/ben/pico-sdk/src/rp2_common/pico_double/double_aeabi.S.obj
                0x0000000010003bf8                __wrap___aeabi_dcmpge
 .text.__wrap___aeabi_dcmpgt
                0x0000000010003c08        0xa CMakeFiles/pico_micro_ros_example.dir/home/ben/pico-sdk/src/rp2_common/pico_double/double_aeabi.S.obj
                0x0000000010003c08                __wrap___aeabi_dcmpgt
 .text.__wrap___aeabi_dcmpun
                0x0000000010003c12       0x1c CMakeFiles/pico_micro_ros_example.dir/home/ben/pico-sdk/src/rp2_common/pico_double/double_aeabi.S.obj
                0x0000000010003c12                __wrap___aeabi_dcmpun
 *fill*         0x0000000010003c2e        0x2 
 .text.__wrap___aeabi_i2d
                0x0000000010003c30       0x38 CMakeFiles/pico_micro_ros_example.dir/home/ben/pico-sdk/src/rp2_common/pico_double/double_aeabi.S.obj
                0x0000000010003c30                __wrap___aeabi_ui2d
                0x0000000010003c38                __wrap___aeabi_i2d
 .text.__wrap___aeabi_d2iz
                0x0000000010003c68       0x48 CMakeFiles/pico_micro_ros_example.dir/home/ben/pico-sdk/src/rp2_common/pico_double/double_aeabi.S.obj
                0x0000000010003c68                __wrap___aeabi_d2iz
                0x0000000010003c68                double2int_z
 .text.__wrap___aeabi_d2uiz
                0x0000000010003cb0       0x18 CMakeFiles/pico_micro_ros_example.dir/home/ben/pico-sdk/src/rp2_common/pico_double/double_aeabi.S.obj
                0x0000000010003cb0                double2uint
                0x0000000010003cb0                __wrap___aeabi_d2uiz
 .text.__aeabi_double_init
                0x0000000010003cc8       0x94 CMakeFiles/pico_micro_ros_example.dir/home/ben/pico-sdk/src/rp2_common/pico_double/double_init_rom.c.obj
                0x0000000010003cc8                __aeabi_double_init
 .text.double_table_shim_on_use_helper
                0x0000000010003d5c       0x2c CMakeFiles/pico_micro_ros_example.dir/home/ben/pico-sdk/src/rp2_common/pico_double/double_v1_rom_shim.S.obj
                0x0000000010003d5c                double_table_shim_on_use_helper
 .text.__wrap___aeabi_dsub
                0x0000000010003d88       0x10 CMakeFiles/pico_micro_ros_example.dir/home/ben/pico-sdk/src/rp2_common/pico_double/double_v1_rom_shim.S.obj
                0x0000000010003d88                drsub_shim
                0x0000000010003d8e                dsub_shim
 .text.dadd_shim
                0x0000000010003d98      0x15c CMakeFiles/pico_micro_ros_example.dir/home/ben/pico-sdk/src/rp2_common/pico_double/double_v1_rom_shim.S.obj
                0x0000000010003d98                dadd_shim
 .text.dmul_shim
                0x0000000010003ef4      0x15c CMakeFiles/pico_micro_ros_example.dir/home/ben/pico-sdk/src/rp2_common/pico_double/double_v1_rom_shim.S.obj
                0x0000000010003ef4                dmul_shim
 .text.ddiv_shim
                0x0000000010004050      0x1b0 CMakeFiles/pico_micro_ros_example.dir/home/ben/pico-sdk/src/rp2_common/pico_double/double_v1_rom_shim.S.obj
                0x0000000010004050                ddiv_shim
 .text.double2uint_shim
                0x0000000010004200        0xe CMakeFiles/pico_micro_ros_example.dir/home/ben/pico-sdk/src/rp2_common/pico_double/double_v1_rom_shim.S.obj
                0x0000000010004200                double2uint_shim
                0x0000000010004202                double2ufix_shim
 *fill*         0x000000001000420e        0x2 
 .text.double2uint64_shim
                0x0000000010004210       0x70 CMakeFiles/pico_micro_ros_example.dir/home/ben/pico-sdk/src/rp2_common/pico_double/double_v1_rom_shim.S.obj
                0x0000000010004210                double2uint64_shim
                0x0000000010004212                double2ufix64_shim
                0x0000000010004232                d2fix_a
 .text.dunpacks
                0x0000000010004280       0x3c CMakeFiles/pico_micro_ros_example.dir/home/ben/pico-sdk/src/rp2_common/pico_double/double_v1_rom_shim.S.obj
                0x0000000010004280                dunpacks
 .text.__aeabi_lmul
                0x00000000100042bc       0x32 CMakeFiles/pico_micro_ros_example.dir/home/ben/pico-sdk/src/rp2_common/pico_int64_ops/pico_int64_ops_aeabi.S.obj
                0x00000000100042bc                __wrap___aeabi_lmul
 *fill*         0x00000000100042ee        0x2 
 .text.__wrap___aeabi_farithmetic
                0x00000000100042f0       0x48 CMakeFiles/pico_micro_ros_example.dir/home/ben/pico-sdk/src/rp2_common/pico_float/float_aeabi.S.obj
                0x00000000100042f0                __wrap___aeabi_frsub
                0x00000000100042f6                __wrap___aeabi_fsub
                0x00000000100042fc                __wrap___aeabi_fadd
                0x0000000010004302                __wrap___aeabi_fdiv
                0x000000001000432a                __wrap___aeabi_fmul
 .text.__wrap___aeabi_ui2f
                0x0000000010004338        0xa CMakeFiles/pico_micro_ros_example.dir/home/ben/pico-sdk/src/rp2_common/pico_float/float_aeabi.S.obj
                0x0000000010004338                __wrap___aeabi_ui2f
 *fill*         0x0000000010004342        0x2 
 .text.__wrap___aeabi_i2f
                0x0000000010004344       0x44 CMakeFiles/pico_micro_ros_example.dir/home/ben/pico-sdk/src/rp2_common/pico_float/float_aeabi.S.obj
                0x0000000010004344                __wrap___aeabi_i2f
 .text.__wrap___aeabi_f2iz
                0x0000000010004388       0x4e CMakeFiles/pico_micro_ros_example.dir/home/ben/pico-sdk/src/rp2_common/pico_float/float_aeabi.S.obj
                0x0000000010004388                __wrap___aeabi_f2iz
                0x0000000010004388                float2int_z
 *fill*         0x00000000100043d6        0x2 
 .text.float2int
                0x00000000100043d8       0x14 CMakeFiles/pico_micro_ros_example.dir/home/ben/pico-sdk/src/rp2_common/pico_float/float_aeabi.S.obj
                0x00000000100043d8                float2int
 .text.__wrap___aeabi_f2uiz
                0x00000000100043ec        0xc CMakeFiles/pico_micro_ros_example.dir/home/ben/pico-sdk/src/rp2_common/pico_float/float_aeabi.S.obj
                0x00000000100043ec                __wrap___aeabi_f2uiz
 .text.__aeabi_float_init
                0x00000000100043f8       0x64 CMakeFiles/pico_micro_ros_example.dir/home/ben/pico-sdk/src/rp2_common/pico_float/float_init_rom.c.obj
                0x00000000100043f8                __aeabi_float_init
 .text.float_table_shim_on_use_helper
                0x000000001000445c       0x2c CMakeFiles/pico_micro_ros_example.dir/home/ben/pico-sdk/src/rp2_common/pico_float/float_v1_rom_shim.S.obj
                0x000000001000445c                float_table_shim_on_use_helper
 .text.float232_shims
                0x0000000010004488       0x18 CMakeFiles/pico_micro_ros_example.dir/home/ben/pico-sdk/src/rp2_common/pico_float/float_v1_rom_shim.S.obj
                0x0000000010004488                float2int_shim
                0x000000001000448a                float2fix_shim
 .text.__wrap_malloc
                0x00000000100044a0       0x24 CMakeFiles/pico_micro_ros_example.dir/home/ben/pico-sdk/src/rp2_common/pico_malloc/pico_malloc.c.obj
                0x00000000100044a0                __wrap_malloc
 .text.__wrap_calloc
                0x00000000100044c4       0x24 CMakeFiles/pico_micro_ros_example.dir/home/ben/pico-sdk/src/rp2_common/pico_malloc/pico_malloc.c.obj
                0x00000000100044c4                __wrap_calloc
 .text.__wrap_realloc
                0x00000000100044e8       0x24 CMakeFiles/pico_micro_ros_example.dir/home/ben/pico-sdk/src/rp2_common/pico_malloc/pico_malloc.c.obj
                0x00000000100044e8                __wrap_realloc
 .text.__wrap_free
                0x000000001000450c        0x8 CMakeFiles/pico_micro_ros_example.dir/home/ben/pico-sdk/src/rp2_common/pico_malloc/pico_malloc.c.obj
                0x000000001000450c                __wrap_free
 .text          0x0000000010004514       0x10 CMakeFiles/pico_micro_ros_example.dir/home/ben/pico-sdk/src/rp2_common/pico_mem_ops/mem_ops_aeabi.S.obj
                0x0000000010004514                __aeabi_mem_init
 .text.memset   0x0000000010004524        0xc CMakeFiles/pico_micro_ros_example.dir/home/ben/pico-sdk/src/rp2_common/pico_mem_ops/mem_ops_aeabi.S.obj
                0x0000000010004524                __wrap_memset
 .text.memcpy   0x0000000010004530        0xc CMakeFiles/pico_micro_ros_example.dir/home/ben/pico-sdk/src/rp2_common/pico_mem_ops/mem_ops_aeabi.S.obj
                0x0000000010004530                __wrap___aeabi_memcpy
                0x0000000010004530                __wrap_memcpy
 .text.stdio_out_chars_no_crlf
                0x000000001000453c       0x10 CMakeFiles/pico_micro_ros_example.dir/home/ben/pico-sdk/src/rp2_common/pico_stdio/stdio.c.obj
 .text.stdio_out_chars_crlf
                0x000000001000454c       0x10 CMakeFiles/pico_micro_ros_example.dir/home/ben/pico-sdk/src/rp2_common/pico_stdio/stdio.c.obj
 .text.stdio_put_string.isra.0
                0x000000001000455c       0xfc CMakeFiles/pico_micro_ros_example.dir/home/ben/pico-sdk/src/rp2_common/pico_stdio/stdio.c.obj
 .text.__wrap_putchar
                0x0000000010004658       0xa0 CMakeFiles/pico_micro_ros_example.dir/home/ben/pico-sdk/src/rp2_common/pico_stdio/stdio.c.obj
                0x0000000010004658                __wrap_putchar
 .text.__wrap_puts
                0x00000000100046f8       0x3c CMakeFiles/pico_micro_ros_example.dir/home/ben/pico-sdk/src/rp2_common/pico_stdio/stdio.c.obj
                0x00000000100046f8                __wrap_puts
 .text.stdio_set_driver_enabled
                0x0000000010004734       0x30 CMakeFiles/pico_micro_ros_example.dir/home/ben/pico-sdk/src/rp2_common/pico_stdio/stdio.c.obj
                0x0000000010004734                stdio_set_driver_enabled
 .text.stdio_init_all
                0x0000000010004764        0x8 CMakeFiles/pico_micro_ros_example.dir/home/ben/pico-sdk/src/rp2_common/pico_stdio/stdio.c.obj
                0x0000000010004764                stdio_init_all
 .text.getchar_timeout_us
                0x000000001000476c       0xa4 CMakeFiles/pico_micro_ros_example.dir/home/ben/pico-sdk/src/rp2_common/pico_stdio/stdio.c.obj
                0x000000001000476c                getchar_timeout_us
 .text.resetd_init
                0x0000000010004810        0x4 CMakeFiles/pico_micro_ros_example.dir/home/ben/pico-sdk/src/rp2_common/pico_stdio_usb/reset_interface.c.obj
 .text.resetd_reset
                0x0000000010004814        0xc CMakeFiles/pico_micro_ros_example.dir/home/ben/pico-sdk/src/rp2_common/pico_stdio_usb/reset_interface.c.obj
 .text.resetd_open
                0x0000000010004820       0x28 CMakeFiles/pico_micro_ros_example.dir/home/ben/pico-sdk/src/rp2_common/pico_stdio_usb/reset_interface.c.obj
 .text.resetd_xfer_cb
                0x0000000010004848        0x4 CMakeFiles/pico_micro_ros_example.dir/home/ben/pico-sdk/src/rp2_common/pico_stdio_usb/reset_interface.c.obj
 .text.resetd_control_xfer_cb
                0x000000001000484c       0x64 CMakeFiles/pico_micro_ros_example.dir/home/ben/pico-sdk/src/rp2_common/pico_stdio_usb/reset_interface.c.obj
 .text.usbd_app_driver_get_cb
                0x00000000100048b0        0xc CMakeFiles/pico_micro_ros_example.dir/home/ben/pico-sdk/src/rp2_common/pico_stdio_usb/reset_interface.c.obj
                0x00000000100048b0                usbd_app_driver_get_cb
 .text.tud_cdc_line_coding_cb
                0x00000000100048bc       0x34 CMakeFiles/pico_micro_ros_example.dir/home/ben/pico-sdk/src/rp2_common/pico_stdio_usb/reset_interface.c.obj
                0x00000000100048bc                tud_cdc_line_coding_cb
 .text.stdio_usb_in_chars
                0x00000000100048f0       0x68 CMakeFiles/pico_micro_ros_example.dir/home/ben/pico-sdk/src/rp2_common/pico_stdio_usb/stdio_usb.c.obj
                0x00000000100048f0                stdio_usb_in_chars
 .text.stdio_usb_out_chars
                0x0000000010004958       0xe4 CMakeFiles/pico_micro_ros_example.dir/home/ben/pico-sdk/src/rp2_common/pico_stdio_usb/stdio_usb.c.obj
 .text.timer_task
                0x0000000010004a3c       0x18 CMakeFiles/pico_micro_ros_example.dir/home/ben/pico-sdk/src/rp2_common/pico_stdio_usb/stdio_usb.c.obj
 .text.usb_irq  0x0000000010004a54       0x10 CMakeFiles/pico_micro_ros_example.dir/home/ben/pico-sdk/src/rp2_common/pico_stdio_usb/stdio_usb.c.obj
 .text.low_priority_worker_irq
                0x0000000010004a64       0x24 CMakeFiles/pico_micro_ros_example.dir/home/ben/pico-sdk/src/rp2_common/pico_stdio_usb/stdio_usb.c.obj
 .text.stdio_usb_init
                0x0000000010004a88       0xb0 CMakeFiles/pico_micro_ros_example.dir/home/ben/pico-sdk/src/rp2_common/pico_stdio_usb/stdio_usb.c.obj
                0x0000000010004a88                stdio_usb_init
 .text.tud_descriptor_device_cb
                0x0000000010004b38        0x8 CMakeFiles/pico_micro_ros_example.dir/home/ben/pico-sdk/src/rp2_common/pico_stdio_usb/stdio_usb_descriptors.c.obj
                0x0000000010004b38                tud_descriptor_device_cb
 .text.tud_descriptor_configuration_cb
                0x0000000010004b40        0x8 CMakeFiles/pico_micro_ros_example.dir/home/ben/pico-sdk/src/rp2_common/pico_stdio_usb/stdio_usb_descriptors.c.obj
                0x0000000010004b40                tud_descriptor_configuration_cb
 .text.tud_descriptor_string_cb
                0x0000000010004b48       0x74 CMakeFiles/pico_micro_ros_example.dir/home/ben/pico-sdk/src/rp2_common/pico_stdio_usb/stdio_usb_descriptors.c.obj
                0x0000000010004b48                tud_descriptor_string_cb
 .text.dcd_rp2040_irq
                0x0000000010004bbc      0x21c CMakeFiles/pico_micro_ros_example.dir/home/ben/pico-sdk/lib/tinyusb/src/portable/raspberrypi/rp2040/dcd_rp2040.c.obj
 .text.dcd_int_enable
                0x0000000010004dd8        0xc CMakeFiles/pico_micro_ros_example.dir/home/ben/pico-sdk/lib/tinyusb/src/portable/raspberrypi/rp2040/dcd_rp2040.c.obj
                0x0000000010004dd8                dcd_int_enable
 .text.dcd_set_address
                0x0000000010004de4       0x14 CMakeFiles/pico_micro_ros_example.dir/home/ben/pico-sdk/lib/tinyusb/src/portable/raspberrypi/rp2040/dcd_rp2040.c.obj
                0x0000000010004de4                dcd_set_address
 .text.dcd_connect
                0x0000000010004df8       0x10 CMakeFiles/pico_micro_ros_example.dir/home/ben/pico-sdk/lib/tinyusb/src/portable/raspberrypi/rp2040/dcd_rp2040.c.obj
                0x0000000010004df8                dcd_connect
 .text.dcd_init
                0x0000000010004e08      0x144 CMakeFiles/pico_micro_ros_example.dir/home/ben/pico-sdk/lib/tinyusb/src/portable/raspberrypi/rp2040/dcd_rp2040.c.obj
                0x0000000010004e08                dcd_init
 .text.dcd_edpt0_status_complete
                0x0000000010004f4c       0x1c CMakeFiles/pico_micro_ros_example.dir/home/ben/pico-sdk/lib/tinyusb/src/portable/raspberrypi/rp2040/dcd_rp2040.c.obj
                0x0000000010004f4c                dcd_edpt0_status_complete
 .text.dcd_edpt_open
                0x0000000010004f68       0xf0 CMakeFiles/pico_micro_ros_example.dir/home/ben/pico-sdk/lib/tinyusb/src/portable/raspberrypi/rp2040/dcd_rp2040.c.obj
                0x0000000010004f68                dcd_edpt_open
 .text.dcd_edpt_close_all
                0x0000000010005058       0xbc CMakeFiles/pico_micro_ros_example.dir/home/ben/pico-sdk/lib/tinyusb/src/portable/raspberrypi/rp2040/dcd_rp2040.c.obj
                0x0000000010005058                dcd_edpt_close_all
 .text.dcd_edpt_xfer
                0x0000000010005114       0x24 CMakeFiles/pico_micro_ros_example.dir/home/ben/pico-sdk/lib/tinyusb/src/portable/raspberrypi/rp2040/dcd_rp2040.c.obj
                0x0000000010005114                dcd_edpt_xfer
 .text.dcd_edpt_stall
                0x0000000010005138       0x38 CMakeFiles/pico_micro_ros_example.dir/home/ben/pico-sdk/lib/tinyusb/src/portable/raspberrypi/rp2040/dcd_rp2040.c.obj
                0x0000000010005138                dcd_edpt_stall
 .text.dcd_edpt_clear_stall
                0x0000000010005170       0x30 CMakeFiles/pico_micro_ros_example.dir/home/ben/pico-sdk/lib/tinyusb/src/portable/raspberrypi/rp2040/dcd_rp2040.c.obj
                0x0000000010005170                dcd_edpt_clear_stall
 .text._hw_endpoint_buffer_control_update32.part.0.isra.0
                0x00000000100051a0       0x1c CMakeFiles/pico_micro_ros_example.dir/home/ben/pico-sdk/lib/tinyusb/src/portable/raspberrypi/rp2040/rp2040_usb.c.obj
 .text.rp2040_usb_init
                0x00000000100051bc       0x4c CMakeFiles/pico_micro_ros_example.dir/home/ben/pico-sdk/lib/tinyusb/src/portable/raspberrypi/rp2040/rp2040_usb.c.obj
                0x00000000100051bc                rp2040_usb_init
 .text.hw_endpoint_reset_transfer
                0x0000000010005208        0xc CMakeFiles/pico_micro_ros_example.dir/home/ben/pico-sdk/lib/tinyusb/src/portable/raspberrypi/rp2040/rp2040_usb.c.obj
                0x0000000010005208                hw_endpoint_reset_transfer
 .text._hw_endpoint_buffer_control_update32
                0x0000000010005214       0x44 CMakeFiles/pico_micro_ros_example.dir/home/ben/pico-sdk/lib/tinyusb/src/portable/raspberrypi/rp2040/rp2040_usb.c.obj
                0x0000000010005214                _hw_endpoint_buffer_control_update32
 .text.hw_endpoint_xfer_start
                0x0000000010005258      0x138 CMakeFiles/pico_micro_ros_example.dir/home/ben/pico-sdk/lib/tinyusb/src/portable/raspberrypi/rp2040/rp2040_usb.c.obj
                0x0000000010005258                hw_endpoint_xfer_start
 .text.hw_endpoint_xfer_continue
                0x0000000010005390      0x1e4 CMakeFiles/pico_micro_ros_example.dir/home/ben/pico-sdk/lib/tinyusb/src/portable/raspberrypi/rp2040/rp2040_usb.c.obj
                0x0000000010005390                hw_endpoint_xfer_continue
 .text.tud_mounted
                0x0000000010005574       0x10 CMakeFiles/pico_micro_ros_example.dir/home/ben/pico-sdk/lib/tinyusb/src/device/usbd.c.obj
                0x0000000010005574                tud_mounted
 .text.tud_suspended
                0x0000000010005584       0x10 CMakeFiles/pico_micro_ros_example.dir/home/ben/pico-sdk/lib/tinyusb/src/device/usbd.c.obj
                0x0000000010005584                tud_suspended
 .text.tud_inited
                0x0000000010005594        0xc CMakeFiles/pico_micro_ros_example.dir/home/ben/pico-sdk/lib/tinyusb/src/device/usbd.c.obj
                0x0000000010005594                tud_inited
 .text.tud_init
                0x00000000100055a0       0xd8 CMakeFiles/pico_micro_ros_example.dir/home/ben/pico-sdk/lib/tinyusb/src/device/usbd.c.obj
                0x00000000100055a0                tud_init
 .text.tud_task
                0x0000000010005678      0x8ec CMakeFiles/pico_micro_ros_example.dir/home/ben/pico-sdk/lib/tinyusb/src/device/usbd.c.obj
                0x0000000010005678                tud_task
 .text.dcd_event_bus_signal
                0x0000000010005f64      0x120 CMakeFiles/pico_micro_ros_example.dir/home/ben/pico-sdk/lib/tinyusb/src/device/usbd.c.obj
                0x0000000010005f64                dcd_event_bus_signal
 .text.dcd_event_bus_reset
                0x0000000010006084       0x54 CMakeFiles/pico_micro_ros_example.dir/home/ben/pico-sdk/lib/tinyusb/src/device/usbd.c.obj
                0x0000000010006084                dcd_event_bus_reset
 .text.dcd_event_setup_received
                0x00000000100060d8       0x50 CMakeFiles/pico_micro_ros_example.dir/home/ben/pico-sdk/lib/tinyusb/src/device/usbd.c.obj
                0x00000000100060d8                dcd_event_setup_received
 .text.dcd_event_xfer_complete
                0x0000000010006128       0x68 CMakeFiles/pico_micro_ros_example.dir/home/ben/pico-sdk/lib/tinyusb/src/device/usbd.c.obj
                0x0000000010006128                dcd_event_xfer_complete
 .text.usbd_open_edpt_pair
                0x0000000010006190       0x80 CMakeFiles/pico_micro_ros_example.dir/home/ben/pico-sdk/lib/tinyusb/src/device/usbd.c.obj
                0x0000000010006190                usbd_open_edpt_pair
 .text.usbd_edpt_open
                0x0000000010006210       0x30 CMakeFiles/pico_micro_ros_example.dir/home/ben/pico-sdk/lib/tinyusb/src/device/usbd.c.obj
                0x0000000010006210                usbd_edpt_open
 .text.usbd_edpt_claim
                0x0000000010006240       0x64 CMakeFiles/pico_micro_ros_example.dir/home/ben/pico-sdk/lib/tinyusb/src/device/usbd.c.obj
                0x0000000010006240                usbd_edpt_claim
 .text.usbd_edpt_release
                0x00000000100062a4       0x4c CMakeFiles/pico_micro_ros_example.dir/home/ben/pico-sdk/lib/tinyusb/src/device/usbd.c.obj
                0x00000000100062a4                usbd_edpt_release
 .text.usbd_edpt_xfer
                0x00000000100062f0       0x48 CMakeFiles/pico_micro_ros_example.dir/home/ben/pico-sdk/lib/tinyusb/src/device/usbd.c.obj
                0x00000000100062f0                usbd_edpt_xfer
 .text.tud_control_status
                0x0000000010006338       0x30 CMakeFiles/pico_micro_ros_example.dir/home/ben/pico-sdk/lib/tinyusb/src/device/usbd_control.c.obj
                0x0000000010006338                tud_control_status
 .text.tud_control_xfer
                0x0000000010006368       0xbc CMakeFiles/pico_micro_ros_example.dir/home/ben/pico-sdk/lib/tinyusb/src/device/usbd_control.c.obj
                0x0000000010006368                tud_control_xfer
 .text.usbd_control_reset
                0x0000000010006424       0x14 CMakeFiles/pico_micro_ros_example.dir/home/ben/pico-sdk/lib/tinyusb/src/device/usbd_control.c.obj
                0x0000000010006424                usbd_control_reset
 .text.usbd_control_set_complete_callback
                0x0000000010006438        0xc CMakeFiles/pico_micro_ros_example.dir/home/ben/pico-sdk/lib/tinyusb/src/device/usbd_control.c.obj
                0x0000000010006438                usbd_control_set_complete_callback
 .text.usbd_control_set_request
                0x0000000010006444       0x1c CMakeFiles/pico_micro_ros_example.dir/home/ben/pico-sdk/lib/tinyusb/src/device/usbd_control.c.obj
                0x0000000010006444                usbd_control_set_request
 .text.usbd_control_xfer_cb
                0x0000000010006460       0xfc CMakeFiles/pico_micro_ros_example.dir/home/ben/pico-sdk/lib/tinyusb/src/device/usbd_control.c.obj
                0x0000000010006460                usbd_control_xfer_cb
 .text.tud_cdc_n_connected
                0x000000001000655c       0x30 CMakeFiles/pico_micro_ros_example.dir/home/ben/pico-sdk/lib/tinyusb/src/class/cdc/cdc_device.c.obj
                0x000000001000655c                tud_cdc_n_connected
 .text.tud_cdc_n_available
                0x000000001000658c       0x18 CMakeFiles/pico_micro_ros_example.dir/home/ben/pico-sdk/lib/tinyusb/src/class/cdc/cdc_device.c.obj
                0x000000001000658c                tud_cdc_n_available
 .text.tud_cdc_n_read
                0x00000000100065a4       0x70 CMakeFiles/pico_micro_ros_example.dir/home/ben/pico-sdk/lib/tinyusb/src/class/cdc/cdc_device.c.obj
                0x00000000100065a4                tud_cdc_n_read
 .text.tud_cdc_n_write_flush
                0x0000000010006614       0x78 CMakeFiles/pico_micro_ros_example.dir/home/ben/pico-sdk/lib/tinyusb/src/class/cdc/cdc_device.c.obj
                0x0000000010006614                tud_cdc_n_write_flush
 .text.tud_cdc_n_write
                0x000000001000668c       0x34 CMakeFiles/pico_micro_ros_example.dir/home/ben/pico-sdk/lib/tinyusb/src/class/cdc/cdc_device.c.obj
                0x000000001000668c                tud_cdc_n_write
 .text.tud_cdc_n_write_available
                0x00000000100066c0       0x18 CMakeFiles/pico_micro_ros_example.dir/home/ben/pico-sdk/lib/tinyusb/src/class/cdc/cdc_device.c.obj
                0x00000000100066c0                tud_cdc_n_write_available
 .text.cdcd_init
                0x00000000100066d8       0x7c CMakeFiles/pico_micro_ros_example.dir/home/ben/pico-sdk/lib/tinyusb/src/class/cdc/cdc_device.c.obj
                0x00000000100066d8                cdcd_init
 .text.cdcd_reset
                0x0000000010006754       0x2c CMakeFiles/pico_micro_ros_example.dir/home/ben/pico-sdk/lib/tinyusb/src/class/cdc/cdc_device.c.obj
                0x0000000010006754                cdcd_reset
 .text.cdcd_open
                0x0000000010006780       0xe4 CMakeFiles/pico_micro_ros_example.dir/home/ben/pico-sdk/lib/tinyusb/src/class/cdc/cdc_device.c.obj
                0x0000000010006780                cdcd_open
 .text.cdcd_control_xfer_cb
                0x0000000010006864       0xe4 CMakeFiles/pico_micro_ros_example.dir/home/ben/pico-sdk/lib/tinyusb/src/class/cdc/cdc_device.c.obj
                0x0000000010006864                cdcd_control_xfer_cb
 .text.cdcd_xfer_cb
                0x0000000010006948      0x148 CMakeFiles/pico_micro_ros_example.dir/home/ben/pico-sdk/lib/tinyusb/src/class/cdc/cdc_device.c.obj
                0x0000000010006948                cdcd_xfer_cb
 .text.tusb_init
                0x0000000010006a90        0xc CMakeFiles/pico_micro_ros_example.dir/home/ben/pico-sdk/lib/tinyusb/src/tusb.c.obj
                0x0000000010006a90                tusb_init
 .text.tusb_inited
                0x0000000010006a9c        0x8 CMakeFiles/pico_micro_ros_example.dir/home/ben/pico-sdk/lib/tinyusb/src/tusb.c.obj
                0x0000000010006a9c                tusb_inited
 .text.tu_edpt_validate
                0x0000000010006aa4       0x78 CMakeFiles/pico_micro_ros_example.dir/home/ben/pico-sdk/lib/tinyusb/src/tusb.c.obj
                0x0000000010006aa4                tu_edpt_validate
 .text.tu_edpt_bind_driver
                0x0000000010006b1c       0x2c CMakeFiles/pico_micro_ros_example.dir/home/ben/pico-sdk/lib/tinyusb/src/tusb.c.obj
                0x0000000010006b1c                tu_edpt_bind_driver
 .text.tu_fifo_config
                0x0000000010006b48       0x78 CMakeFiles/pico_micro_ros_example.dir/home/ben/pico-sdk/lib/tinyusb/src/common/tusb_fifo.c.obj
                0x0000000010006b48                tu_fifo_config
 .text.tu_fifo_count
                0x0000000010006bc0       0x20 CMakeFiles/pico_micro_ros_example.dir/home/ben/pico-sdk/lib/tinyusb/src/common/tusb_fifo.c.obj
                0x0000000010006bc0                tu_fifo_count
 .text.tu_fifo_empty
                0x0000000010006be0       0x10 CMakeFiles/pico_micro_ros_example.dir/home/ben/pico-sdk/lib/tinyusb/src/common/tusb_fifo.c.obj
                0x0000000010006be0                tu_fifo_empty
 .text.tu_fifo_remaining
                0x0000000010006bf0       0x1c CMakeFiles/pico_micro_ros_example.dir/home/ben/pico-sdk/lib/tinyusb/src/common/tusb_fifo.c.obj
                0x0000000010006bf0                tu_fifo_remaining
 .text.tu_fifo_read
                0x0000000010006c0c       0x9c CMakeFiles/pico_micro_ros_example.dir/home/ben/pico-sdk/lib/tinyusb/src/common/tusb_fifo.c.obj
                0x0000000010006c0c                tu_fifo_read
 .text.tu_fifo_read_n
                0x0000000010006ca8      0x100 CMakeFiles/pico_micro_ros_example.dir/home/ben/pico-sdk/lib/tinyusb/src/common/tusb_fifo.c.obj
                0x0000000010006ca8                tu_fifo_read_n
 .text.tu_fifo_write
                0x0000000010006da8       0x7c CMakeFiles/pico_micro_ros_example.dir/home/ben/pico-sdk/lib/tinyusb/src/common/tusb_fifo.c.obj
                0x0000000010006da8                tu_fifo_write
 .text.tu_fifo_write_n
                0x0000000010006e24      0x100 CMakeFiles/pico_micro_ros_example.dir/home/ben/pico-sdk/lib/tinyusb/src/common/tusb_fifo.c.obj
                0x0000000010006e24                tu_fifo_write_n
 .text.tu_fifo_clear
                0x0000000010006f24       0x4c CMakeFiles/pico_micro_ros_example.dir/home/ben/pico-sdk/lib/tinyusb/src/common/tusb_fifo.c.obj
                0x0000000010006f24                tu_fifo_clear
 .text.tu_fifo_set_overwritable
                0x0000000010006f70       0x3c CMakeFiles/pico_micro_ros_example.dir/home/ben/pico-sdk/lib/tinyusb/src/common/tusb_fifo.c.obj
                0x0000000010006f70                tu_fifo_set_overwritable
 .text.startup._retrieve_unique_id_on_boot
                0x0000000010006fac       0x10 CMakeFiles/pico_micro_ros_example.dir/home/ben/pico-sdk/src/rp2_common/pico_unique_id/unique_id.c.obj
 .text.pico_get_unique_board_id_string
                0x0000000010006fbc      0x1a8 CMakeFiles/pico_micro_ros_example.dir/home/ben/pico-sdk/src/rp2_common/pico_unique_id/unique_id.c.obj
                0x0000000010006fbc                pico_get_unique_board_id_string
 .text.flash_get_unique_id
                0x0000000010007164       0x40 CMakeFiles/pico_micro_ros_example.dir/home/ben/pico-sdk/src/rp2_common/hardware_flash/flash.c.obj
                0x0000000010007164                flash_get_unique_id
 .text.rcl_get_zero_initialized_publisher
                0x00000000100071a4        0xc /home/ben/ros2_ws/src/spot_micro/pico/sdk/micro_ros_raspberrypi_pico_sdk/libmicroros/libmicroros.a(librcl-publisher.c.obj)
                0x00000000100071a4                rcl_get_zero_initialized_publisher
 .text.rcl_publisher_init
                0x00000000100071b0      0x138 /home/ben/ros2_ws/src/spot_micro/pico/sdk/micro_ros_raspberrypi_pico_sdk/libmicroros/libmicroros.a(librcl-publisher.c.obj)
                0x00000000100071b0                rcl_publisher_init
 .text.rcl_publisher_get_default_options
                0x00000000100072e8       0x50 /home/ben/ros2_ws/src/spot_micro/pico/sdk/micro_ros_raspberrypi_pico_sdk/libmicroros/libmicroros.a(librcl-publisher.c.obj)
                0x00000000100072e8                rcl_publisher_get_default_options
 .text.rcl_publish
                0x0000000010007338       0x4c /home/ben/ros2_ws/src/spot_micro/pico/sdk/micro_ros_raspberrypi_pico_sdk/libmicroros/libmicroros.a(librcl-publisher.c.obj)
                0x0000000010007338                rcl_publish
 .text.rcl_publisher_is_valid
                0x0000000010007384       0x30 /home/ben/ros2_ws/src/spot_micro/pico/sdk/micro_ros_raspberrypi_pico_sdk/libmicroros/libmicroros.a(librcl-publisher.c.obj)
                0x0000000010007384                rcl_publisher_is_valid
 .text.rcl_publisher_is_valid_except_context
                0x00000000100073b4       0x1c /home/ben/ros2_ws/src/spot_micro/pico/sdk/micro_ros_raspberrypi_pico_sdk/libmicroros/libmicroros.a(librcl-publisher.c.obj)
                0x00000000100073b4                rcl_publisher_is_valid_except_context
 .text._rclc_check_for_new_data
                0x00000000100073d0       0x90 /home/ben/ros2_ws/src/spot_micro/pico/sdk/micro_ros_raspberrypi_pico_sdk/libmicroros/libmicroros.a(librclc-executor.c.obj)
 .text._rclc_take_new_data
                0x0000000010007460      0x2c8 /home/ben/ros2_ws/src/spot_micro/pico/sdk/micro_ros_raspberrypi_pico_sdk/libmicroros/libmicroros.a(librclc-executor.c.obj)
 .text._rclc_execute.part.0
                0x0000000010007728      0x29c /home/ben/ros2_ws/src/spot_micro/pico/sdk/micro_ros_raspberrypi_pico_sdk/libmicroros/libmicroros.a(librclc-executor.c.obj)
 .text.rclc_executor_trigger_any
                0x00000000100079c4       0x7c /home/ben/ros2_ws/src/spot_micro/pico/sdk/micro_ros_raspberrypi_pico_sdk/libmicroros/libmicroros.a(librclc-executor.c.obj)
                0x00000000100079c4                rclc_executor_trigger_any
 .text.rclc_executor_init
                0x0000000010007a40       0xc0 /home/ben/ros2_ws/src/spot_micro/pico/sdk/micro_ros_raspberrypi_pico_sdk/libmicroros/libmicroros.a(librclc-executor.c.obj)
                0x0000000010007a40                rclc_executor_init
 .text.rclc_executor_add_timer
                0x0000000010007b00       0x58 /home/ben/ros2_ws/src/spot_micro/pico/sdk/micro_ros_raspberrypi_pico_sdk/libmicroros/libmicroros.a(librclc-executor.c.obj)
                0x0000000010007b00                rclc_executor_add_timer
 .text.rclc_executor_prepare
                0x0000000010007b58       0x88 /home/ben/ros2_ws/src/spot_micro/pico/sdk/micro_ros_raspberrypi_pico_sdk/libmicroros/libmicroros.a(librclc-executor.c.obj)
                0x0000000010007b58                rclc_executor_prepare
 .text.rclc_executor_spin_some.part.0
                0x0000000010007be0      0x378 /home/ben/ros2_ws/src/spot_micro/pico/sdk/micro_ros_raspberrypi_pico_sdk/libmicroros/libmicroros.a(librclc-executor.c.obj)
 .text.rclc_executor_spin_some
                0x0000000010007f58       0x30 /home/ben/ros2_ws/src/spot_micro/pico/sdk/micro_ros_raspberrypi_pico_sdk/libmicroros/libmicroros.a(librclc-executor.c.obj)
                0x0000000010007f58                rclc_executor_spin_some
 .text.rclc_executor_handle_counters_zero_init
                0x0000000010007f88       0x18 /home/ben/ros2_ws/src/spot_micro/pico/sdk/micro_ros_raspberrypi_pico_sdk/libmicroros/libmicroros.a(librclc-executor_handle.c.obj)
                0x0000000010007f88                rclc_executor_handle_counters_zero_init
 .text.rclc_executor_handle_init
                0x0000000010007fa0       0x28 /home/ben/ros2_ws/src/spot_micro/pico/sdk/micro_ros_raspberrypi_pico_sdk/libmicroros/libmicroros.a(librclc-executor_handle.c.obj)
                0x0000000010007fa0                rclc_executor_handle_init
 .text.rclc_support_init
                0x0000000010007fc8       0x94 /home/ben/ros2_ws/src/spot_micro/pico/sdk/micro_ros_raspberrypi_pico_sdk/libmicroros/libmicroros.a(librclc-init.c.obj)
                0x0000000010007fc8                rclc_support_init
 .text.rclc_node_init_default
                0x000000001000805c       0x74 /home/ben/ros2_ws/src/spot_micro/pico/sdk/micro_ros_raspberrypi_pico_sdk/libmicroros/libmicroros.a(librclc-node.c.obj)
                0x000000001000805c                rclc_node_init_default
 .text.rclc_publisher_init_default
                0x00000000100080d0       0x68 /home/ben/ros2_ws/src/spot_micro/pico/sdk/micro_ros_raspberrypi_pico_sdk/libmicroros/libmicroros.a(librclc-publisher.c.obj)
                0x00000000100080d0                rclc_publisher_init_default
 .text.rclc_timer_init_default
                0x0000000010008138       0x60 /home/ben/ros2_ws/src/spot_micro/pico/sdk/micro_ros_raspberrypi_pico_sdk/libmicroros/libmicroros.a(librclc-timer.c.obj)
                0x0000000010008138                rclc_timer_init_default
 .text.__default_zero_allocate
                0x0000000010008198        0x8 /home/ben/ros2_ws/src/spot_micro/pico/sdk/micro_ros_raspberrypi_pico_sdk/libmicroros/libmicroros.a(librcutils-allocator.c.obj)
 .text.__default_reallocate
                0x00000000100081a0        0x8 /home/ben/ros2_ws/src/spot_micro/pico/sdk/micro_ros_raspberrypi_pico_sdk/libmicroros/libmicroros.a(librcutils-allocator.c.obj)
 .text.__default_deallocate
                0x00000000100081a8        0x8 /home/ben/ros2_ws/src/spot_micro/pico/sdk/micro_ros_raspberrypi_pico_sdk/libmicroros/libmicroros.a(librcutils-allocator.c.obj)
 .text.__default_allocate
                0x00000000100081b0        0x8 /home/ben/ros2_ws/src/spot_micro/pico/sdk/micro_ros_raspberrypi_pico_sdk/libmicroros/libmicroros.a(librcutils-allocator.c.obj)
 .text.rcutils_get_default_allocator
                0x00000000100081b8       0x14 /home/ben/ros2_ws/src/spot_micro/pico/sdk/micro_ros_raspberrypi_pico_sdk/libmicroros/libmicroros.a(librcutils-allocator.c.obj)
                0x00000000100081b8                rcutils_get_default_allocator
 .text.rcutils_allocator_is_valid
                0x00000000100081cc       0x24 /home/ben/ros2_ws/src/spot_micro/pico/sdk/micro_ros_raspberrypi_pico_sdk/libmicroros/libmicroros.a(librcutils-allocator.c.obj)
                0x00000000100081cc                rcutils_allocator_is_valid
 .text.rcutils_get_error_string
                0x00000000100081f0       0x34 /home/ben/ros2_ws/src/spot_micro/pico/sdk/micro_ros_raspberrypi_pico_sdk/libmicroros/libmicroros.a(librcutils-error_handling.c.obj)
                0x00000000100081f0                rcutils_get_error_string
 .text.rcutils_reset_error
                0x0000000010008224       0x38 /home/ben/ros2_ws/src/spot_micro/pico/sdk/micro_ros_raspberrypi_pico_sdk/libmicroros/libmicroros.a(librcutils-error_handling.c.obj)
                0x0000000010008224                rcutils_reset_error
 .text.rcutils_system_time_now
                0x000000001000825c       0x4c /home/ben/ros2_ws/src/spot_micro/pico/sdk/micro_ros_raspberrypi_pico_sdk/libmicroros/libmicroros.a(librcutils-time_unix.c.obj)
                0x000000001000825c                rcutils_system_time_now
 .text.rcutils_steady_time_now
                0x00000000100082a8       0x4c /home/ben/ros2_ws/src/spot_micro/pico/sdk/micro_ros_raspberrypi_pico_sdk/libmicroros/libmicroros.a(librcutils-time_unix.c.obj)
                0x00000000100082a8                rcutils_steady_time_now
 .text.rmw_get_default_publisher_options
                0x00000000100082f4        0x8 /home/ben/ros2_ws/src/spot_micro/pico/sdk/micro_ros_raspberrypi_pico_sdk/libmicroros/libmicroros.a(librmw-publisher_options.c.obj)
                0x00000000100082f4                rmw_get_default_publisher_options
 .text.rmw_uros_set_custom_transport
                0x00000000100082fc       0x34 /home/ben/ros2_ws/src/spot_micro/pico/sdk/micro_ros_raspberrypi_pico_sdk/libmicroros/libmicroros.a(librmw_microxrcedds-custom_transport.c.obj)
                0x00000000100082fc                rmw_uros_set_custom_transport
 .text.rmw_uros_ping_agent
                0x0000000010008330       0xa0 /home/ben/ros2_ws/src/spot_micro/pico/sdk/micro_ros_raspberrypi_pico_sdk/libmicroros/libmicroros.a(librmw_microxrcedds-ping.c.obj)
                0x0000000010008330                rmw_uros_ping_agent
 .text.flush_session
                0x00000000100083d0        0xc /home/ben/ros2_ws/src/spot_micro/pico/sdk/micro_ros_raspberrypi_pico_sdk/libmicroros/libmicroros.a(librmw_microxrcedds-rmw_publish.c.obj)
                0x00000000100083d0                flush_session
 .text.rmw_publish
                0x00000000100083dc       0xd8 /home/ben/ros2_ws/src/spot_micro/pico/sdk/micro_ros_raspberrypi_pico_sdk/libmicroros/libmicroros.a(librmw_microxrcedds-rmw_publish.c.obj)
                0x00000000100083dc                rmw_publish
 .text.rmw_create_publisher
                0x00000000100084b4      0x218 /home/ben/ros2_ws/src/spot_micro/pico/sdk/micro_ros_raspberrypi_pico_sdk/libmicroros/libmicroros.a(librmw_microxrcedds-rmw_publisher.c.obj)
                0x00000000100084b4                rmw_create_publisher
 .text.rmw_publisher_get_actual_qos
                0x00000000100086cc        0x4 /home/ben/ros2_ws/src/spot_micro/pico/sdk/micro_ros_raspberrypi_pico_sdk/libmicroros/libmicroros.a(librmw_microxrcedds-rmw_publisher.c.obj)
                0x00000000100086cc                rmw_publisher_get_actual_qos
 .text.rmw_destroy_publisher
                0x00000000100086d0       0xf4 /home/ben/ros2_ws/src/spot_micro/pico/sdk/micro_ros_raspberrypi_pico_sdk/libmicroros/libmicroros.a(librmw_microxrcedds-rmw_publisher.c.obj)
                0x00000000100086d0                rmw_destroy_publisher
 .text.rmw_uxrce_transport_init
                0x00000000100087c4       0x2c /home/ben/ros2_ws/src/spot_micro/pico/sdk/micro_ros_raspberrypi_pico_sdk/libmicroros/libmicroros.a(librmw_microxrcedds-rmw_uxrce_transports.c.obj)
                0x00000000100087c4                rmw_uxrce_transport_init
 .text.rmw_uxrce_init_service_memory
                0x00000000100087f0       0x48 /home/ben/ros2_ws/src/spot_micro/pico/sdk/micro_ros_raspberrypi_pico_sdk/libmicroros/libmicroros.a(librmw_microxrcedds-types.c.obj)
                0x00000000100087f0                rmw_uxrce_init_service_memory
 .text.rmw_uxrce_init_client_memory
                0x0000000010008838       0x48 /home/ben/ros2_ws/src/spot_micro/pico/sdk/micro_ros_raspberrypi_pico_sdk/libmicroros/libmicroros.a(librmw_microxrcedds-types.c.obj)
                0x0000000010008838                rmw_uxrce_init_client_memory
 .text.rmw_uxrce_init_publisher_memory
                0x0000000010008880       0x48 /home/ben/ros2_ws/src/spot_micro/pico/sdk/micro_ros_raspberrypi_pico_sdk/libmicroros/libmicroros.a(librmw_microxrcedds-types.c.obj)
                0x0000000010008880                rmw_uxrce_init_publisher_memory
 .text.rmw_uxrce_init_subscription_memory
                0x00000000100088c8       0x48 /home/ben/ros2_ws/src/spot_micro/pico/sdk/micro_ros_raspberrypi_pico_sdk/libmicroros/libmicroros.a(librmw_microxrcedds-types.c.obj)
                0x00000000100088c8                rmw_uxrce_init_subscription_memory
 .text.rmw_uxrce_init_node_memory
                0x0000000010008910       0x48 /home/ben/ros2_ws/src/spot_micro/pico/sdk/micro_ros_raspberrypi_pico_sdk/libmicroros/libmicroros.a(librmw_microxrcedds-types.c.obj)
                0x0000000010008910                rmw_uxrce_init_node_memory
 .text.rmw_uxrce_init_session_memory
                0x0000000010008958       0x50 /home/ben/ros2_ws/src/spot_micro/pico/sdk/micro_ros_raspberrypi_pico_sdk/libmicroros/libmicroros.a(librmw_microxrcedds-types.c.obj)
                0x0000000010008958                rmw_uxrce_init_session_memory
 .text.rmw_uxrce_init_topic_memory
                0x00000000100089a8       0x48 /home/ben/ros2_ws/src/spot_micro/pico/sdk/micro_ros_raspberrypi_pico_sdk/libmicroros/libmicroros.a(librmw_microxrcedds-types.c.obj)
                0x00000000100089a8                rmw_uxrce_init_topic_memory
 .text.rmw_uxrce_init_static_input_buffer_memory
                0x00000000100089f0       0x50 /home/ben/ros2_ws/src/spot_micro/pico/sdk/micro_ros_raspberrypi_pico_sdk/libmicroros/libmicroros.a(librmw_microxrcedds-types.c.obj)
                0x00000000100089f0                rmw_uxrce_init_static_input_buffer_memory
 .text.rmw_uxrce_init_init_options_impl_memory
                0x0000000010008a40       0x48 /home/ben/ros2_ws/src/spot_micro/pico/sdk/micro_ros_raspberrypi_pico_sdk/libmicroros/libmicroros.a(librmw_microxrcedds-types.c.obj)
                0x0000000010008a40                rmw_uxrce_init_init_options_impl_memory
 .text.rmw_uxrce_init_wait_set_memory
                0x0000000010008a88       0x48 /home/ben/ros2_ws/src/spot_micro/pico/sdk/micro_ros_raspberrypi_pico_sdk/libmicroros/libmicroros.a(librmw_microxrcedds-types.c.obj)
                0x0000000010008a88                rmw_uxrce_init_wait_set_memory
 .text.rmw_uxrce_init_guard_condition_memory
                0x0000000010008ad0       0x48 /home/ben/ros2_ws/src/spot_micro/pico/sdk/micro_ros_raspberrypi_pico_sdk/libmicroros/libmicroros.a(librmw_microxrcedds-types.c.obj)
                0x0000000010008ad0                rmw_uxrce_init_guard_condition_memory
 .text.rmw_uxrce_fini_session_memory
                0x0000000010008b18       0x10 /home/ben/ros2_ws/src/spot_micro/pico/sdk/micro_ros_raspberrypi_pico_sdk/libmicroros/libmicroros.a(librmw_microxrcedds-types.c.obj)
                0x0000000010008b18                rmw_uxrce_fini_session_memory
 .text.rmw_uxrce_fini_node_memory
                0x0000000010008b28       0x34 /home/ben/ros2_ws/src/spot_micro/pico/sdk/micro_ros_raspberrypi_pico_sdk/libmicroros/libmicroros.a(librmw_microxrcedds-types.c.obj)
                0x0000000010008b28                rmw_uxrce_fini_node_memory
 .text.rmw_uxrce_fini_publisher_memory
                0x0000000010008b5c       0x34 /home/ben/ros2_ws/src/spot_micro/pico/sdk/micro_ros_raspberrypi_pico_sdk/libmicroros/libmicroros.a(librmw_microxrcedds-types.c.obj)
                0x0000000010008b5c                rmw_uxrce_fini_publisher_memory
 .text.rmw_uxrce_fini_subscription_memory
                0x0000000010008b90       0x34 /home/ben/ros2_ws/src/spot_micro/pico/sdk/micro_ros_raspberrypi_pico_sdk/libmicroros/libmicroros.a(librmw_microxrcedds-types.c.obj)
                0x0000000010008b90                rmw_uxrce_fini_subscription_memory
 .text.rmw_uxrce_fini_service_memory
                0x0000000010008bc4       0x34 /home/ben/ros2_ws/src/spot_micro/pico/sdk/micro_ros_raspberrypi_pico_sdk/libmicroros/libmicroros.a(librmw_microxrcedds-types.c.obj)
                0x0000000010008bc4                rmw_uxrce_fini_service_memory
 .text.rmw_uxrce_fini_client_memory
                0x0000000010008bf8       0x34 /home/ben/ros2_ws/src/spot_micro/pico/sdk/micro_ros_raspberrypi_pico_sdk/libmicroros/libmicroros.a(librmw_microxrcedds-types.c.obj)
                0x0000000010008bf8                rmw_uxrce_fini_client_memory
 .text.rmw_uxrce_fini_topic_memory
                0x0000000010008c2c       0x18 /home/ben/ros2_ws/src/spot_micro/pico/sdk/micro_ros_raspberrypi_pico_sdk/libmicroros/libmicroros.a(librmw_microxrcedds-types.c.obj)
                0x0000000010008c2c                rmw_uxrce_fini_topic_memory
 .text.rmw_uxrce_get_static_input_buffer_for_entity
                0x0000000010008c44       0xbc /home/ben/ros2_ws/src/spot_micro/pico/sdk/micro_ros_raspberrypi_pico_sdk/libmicroros/libmicroros.a(librmw_microxrcedds-types.c.obj)
                0x0000000010008c44                rmw_uxrce_get_static_input_buffer_for_entity
 .text.rmw_uxrce_find_static_input_buffer_by_owner
                0x0000000010008d00       0x5c /home/ben/ros2_ws/src/spot_micro/pico/sdk/micro_ros_raspberrypi_pico_sdk/libmicroros/libmicroros.a(librmw_microxrcedds-types.c.obj)
                0x0000000010008d00                rmw_uxrce_find_static_input_buffer_by_owner
 .text.rmw_uxrce_clean_expired_static_input_buffer
                0x0000000010008d5c       0xfc /home/ben/ros2_ws/src/spot_micro/pico/sdk/micro_ros_raspberrypi_pico_sdk/libmicroros/libmicroros.a(librmw_microxrcedds-types.c.obj)
                0x0000000010008d5c                rmw_uxrce_clean_expired_static_input_buffer
 .text.run_xrce_session
                0x0000000010008e58       0x40 /home/ben/ros2_ws/src/spot_micro/pico/sdk/micro_ros_raspberrypi_pico_sdk/libmicroros/libmicroros.a(librmw_microxrcedds-utils.c.obj)
                0x0000000010008e58                run_xrce_session
 .text.convert_qos_profile
                0x0000000010008e98       0x2c /home/ben/ros2_ws/src/spot_micro/pico/sdk/micro_ros_raspberrypi_pico_sdk/libmicroros/libmicroros.a(librmw_microxrcedds-utils.c.obj)
                0x0000000010008e98                convert_qos_profile
 .text.generate_type_name
                0x0000000010008ec4       0x68 /home/ben/ros2_ws/src/spot_micro/pico/sdk/micro_ros_raspberrypi_pico_sdk/libmicroros/libmicroros.a(librmw_microxrcedds-utils.c.obj)
                0x0000000010008ec4                generate_type_name
 .text.generate_topic_name
                0x0000000010008f2c       0x38 /home/ben/ros2_ws/src/spot_micro/pico/sdk/micro_ros_raspberrypi_pico_sdk/libmicroros/libmicroros.a(librmw_microxrcedds-utils.c.obj)
                0x0000000010008f2c                generate_topic_name
 .text.is_uxrce_rmw_identifier_valid
                0x0000000010008f64       0x20 /home/ben/ros2_ws/src/spot_micro/pico/sdk/micro_ros_raspberrypi_pico_sdk/libmicroros/libmicroros.a(librmw_microxrcedds-utils.c.obj)
                0x0000000010008f64                is_uxrce_rmw_identifier_valid
 .text.get_message_typesupport_handle
                0x0000000010008f84        0x8 /home/ben/ros2_ws/src/spot_micro/pico/sdk/micro_ros_raspberrypi_pico_sdk/libmicroros/libmicroros.a(librosidl_runtime_c-message_type_support.c.obj)
                0x0000000010008f84                get_message_typesupport_handle
 .text.get_message_typesupport_handle_function
                0x0000000010008f8c       0x18 /home/ben/ros2_ws/src/spot_micro/pico/sdk/micro_ros_raspberrypi_pico_sdk/libmicroros/libmicroros.a(librosidl_runtime_c-message_type_support.c.obj)
                0x0000000010008f8c                get_message_typesupport_handle_function
 .text.rosidl_typesupport_c__get_message_type_support_handle__std_msgs__msg__Int32
                0x0000000010008fa4       0x1c /home/ben/ros2_ws/src/spot_micro/pico/sdk/micro_ros_raspberrypi_pico_sdk/libmicroros/libmicroros.a(libstd_msgs__rosidl_typesupport_c-int32__type_support.cpp.obj)
                0x0000000010008fa4                rosidl_typesupport_c__get_message_type_support_handle__std_msgs__msg__Int32
 .text.startup._GLOBAL__sub_I_rosidl_typesupport_c__get_message_type_support_handle__std_msgs__msg__Int32
                0x0000000010008fc0       0x14 /home/ben/ros2_ws/src/spot_micro/pico/sdk/micro_ros_raspberrypi_pico_sdk/libmicroros/libmicroros.a(libstd_msgs__rosidl_typesupport_c-int32__type_support.cpp.obj)
 .text.std_msgs__msg__Int32__rosidl_typesupport_introspection_c__Int32_init_function
                0x0000000010008fd4        0x8 /home/ben/ros2_ws/src/spot_micro/pico/sdk/micro_ros_raspberrypi_pico_sdk/libmicroros/libmicroros.a(libstd_msgs__rosidl_typesupport_introspection_c-int32__type_support.c.obj)
                0x0000000010008fd4                std_msgs__msg__Int32__rosidl_typesupport_introspection_c__Int32_init_function
 .text.std_msgs__msg__Int32__rosidl_typesupport_introspection_c__Int32_fini_function
                0x0000000010008fdc        0x8 /home/ben/ros2_ws/src/spot_micro/pico/sdk/micro_ros_raspberrypi_pico_sdk/libmicroros/libmicroros.a(libstd_msgs__rosidl_typesupport_introspection_c-int32__type_support.c.obj)
                0x0000000010008fdc                std_msgs__msg__Int32__rosidl_typesupport_introspection_c__Int32_fini_function
 .text.rosidl_typesupport_introspection_c__get_message_type_support_handle__std_msgs__msg__Int32
                0x0000000010008fe4       0x1c /home/ben/ros2_ws/src/spot_micro/pico/sdk/micro_ros_raspberrypi_pico_sdk/libmicroros/libmicroros.a(libstd_msgs__rosidl_typesupport_introspection_c-int32__type_support.c.obj)
                0x0000000010008fe4                rosidl_typesupport_introspection_c__get_message_type_support_handle__std_msgs__msg__Int32
 .text._Int32__max_serialized_size
                0x0000000010009000       0x10 /home/ben/ros2_ws/src/spot_micro/pico/sdk/micro_ros_raspberrypi_pico_sdk/libmicroros/libmicroros.a(libstd_msgs__rosidl_typesupport_microxrcedds_c-int32__type_support_c.c.obj)
 .text._Int32__cdr_deserialize
                0x0000000010009010       0x10 /home/ben/ros2_ws/src/spot_micro/pico/sdk/micro_ros_raspberrypi_pico_sdk/libmicroros/libmicroros.a(libstd_msgs__rosidl_typesupport_microxrcedds_c-int32__type_support_c.c.obj)
 .text.get_serialized_size_std_msgs__msg__Int32
                0x0000000010009020       0x18 /home/ben/ros2_ws/src/spot_micro/pico/sdk/micro_ros_raspberrypi_pico_sdk/libmicroros/libmicroros.a(libstd_msgs__rosidl_typesupport_microxrcedds_c-int32__type_support_c.c.obj)
                0x0000000010009020                get_serialized_size_std_msgs__msg__Int32
 .text._Int32__cdr_serialize
                0x0000000010009038       0x18 /home/ben/ros2_ws/src/spot_micro/pico/sdk/micro_ros_raspberrypi_pico_sdk/libmicroros/libmicroros.a(libstd_msgs__rosidl_typesupport_microxrcedds_c-int32__type_support_c.c.obj)
 .text._Int32__get_serialized_size
                0x0000000010009050       0x18 /home/ben/ros2_ws/src/spot_micro/pico/sdk/micro_ros_raspberrypi_pico_sdk/libmicroros/libmicroros.a(libstd_msgs__rosidl_typesupport_microxrcedds_c-int32__type_support_c.c.obj)
 .text.rosidl_typesupport_microxrcedds_c__get_message_type_support_handle__std_msgs__msg__Int32
                0x0000000010009068        0x8 /home/ben/ros2_ws/src/spot_micro/pico/sdk/micro_ros_raspberrypi_pico_sdk/libmicroros/libmicroros.a(libstd_msgs__rosidl_typesupport_microxrcedds_c-int32__type_support_c.c.obj)
                0x0000000010009068                rosidl_typesupport_microxrcedds_c__get_message_type_support_handle__std_msgs__msg__Int32
 .text.ucdr_serialize_bool
                0x0000000010009070       0x2c /home/ben/ros2_ws/src/spot_micro/pico/sdk/micro_ros_raspberrypi_pico_sdk/libmicroros/libmicroros.a(libmicrocdr-basic.c.obj)
                0x0000000010009070                ucdr_serialize_bool
 .text.ucdr_deserialize_bool
                0x000000001000909c       0x30 /home/ben/ros2_ws/src/spot_micro/pico/sdk/micro_ros_raspberrypi_pico_sdk/libmicroros/libmicroros.a(libmicrocdr-basic.c.obj)
                0x000000001000909c                ucdr_deserialize_bool
 .text.ucdr_serialize_uint8_t
                0x00000000100090cc       0x2c /home/ben/ros2_ws/src/spot_micro/pico/sdk/micro_ros_raspberrypi_pico_sdk/libmicroros/libmicroros.a(libmicrocdr-basic.c.obj)
                0x00000000100090cc                ucdr_serialize_uint8_t
 .text.ucdr_deserialize_uint8_t
                0x00000000100090f8       0x30 /home/ben/ros2_ws/src/spot_micro/pico/sdk/micro_ros_raspberrypi_pico_sdk/libmicroros/libmicroros.a(libmicrocdr-basic.c.obj)
                0x00000000100090f8                ucdr_deserialize_uint8_t
 .text.ucdr_serialize_uint16_t
                0x0000000010009128       0xf4 /home/ben/ros2_ws/src/spot_micro/pico/sdk/micro_ros_raspberrypi_pico_sdk/libmicroros/libmicroros.a(libmicrocdr-basic.c.obj)
                0x0000000010009128                ucdr_serialize_uint16_t
 .text.ucdr_serialize_endian_uint16_t
                0x000000001000921c      0x100 /home/ben/ros2_ws/src/spot_micro/pico/sdk/micro_ros_raspberrypi_pico_sdk/libmicroros/libmicroros.a(libmicrocdr-basic.c.obj)
                0x000000001000921c                ucdr_serialize_endian_uint16_t
 .text.ucdr_deserialize_uint16_t
                0x000000001000931c       0xec /home/ben/ros2_ws/src/spot_micro/pico/sdk/micro_ros_raspberrypi_pico_sdk/libmicroros/libmicroros.a(libmicrocdr-basic.c.obj)
                0x000000001000931c                ucdr_deserialize_uint16_t
 .text.ucdr_deserialize_endian_uint16_t
                0x0000000010009408       0xf8 /home/ben/ros2_ws/src/spot_micro/pico/sdk/micro_ros_raspberrypi_pico_sdk/libmicroros/libmicroros.a(libmicrocdr-basic.c.obj)
                0x0000000010009408                ucdr_deserialize_endian_uint16_t
 .text.ucdr_serialize_uint32_t
                0x0000000010009500      0x11c /home/ben/ros2_ws/src/spot_micro/pico/sdk/micro_ros_raspberrypi_pico_sdk/libmicroros/libmicroros.a(libmicrocdr-basic.c.obj)
                0x0000000010009500                ucdr_serialize_uint32_t
 .text.ucdr_serialize_endian_uint32_t
                0x000000001000961c      0x11c /home/ben/ros2_ws/src/spot_micro/pico/sdk/micro_ros_raspberrypi_pico_sdk/libmicroros/libmicroros.a(libmicrocdr-basic.c.obj)
                0x000000001000961c                ucdr_serialize_endian_uint32_t
 .text.ucdr_deserialize_uint32_t
                0x0000000010009738      0x11c /home/ben/ros2_ws/src/spot_micro/pico/sdk/micro_ros_raspberrypi_pico_sdk/libmicroros/libmicroros.a(libmicrocdr-basic.c.obj)
                0x0000000010009738                ucdr_deserialize_uint32_t
 .text.ucdr_deserialize_endian_uint32_t
                0x0000000010009854      0x12c /home/ben/ros2_ws/src/spot_micro/pico/sdk/micro_ros_raspberrypi_pico_sdk/libmicroros/libmicroros.a(libmicrocdr-basic.c.obj)
                0x0000000010009854                ucdr_deserialize_endian_uint32_t
 .text.ucdr_serialize_uint64_t
                0x0000000010009980      0x170 /home/ben/ros2_ws/src/spot_micro/pico/sdk/micro_ros_raspberrypi_pico_sdk/libmicroros/libmicroros.a(libmicrocdr-basic.c.obj)
                0x0000000010009980                ucdr_serialize_uint64_t
 .text.ucdr_serialize_int16_t
                0x0000000010009af0       0xf4 /home/ben/ros2_ws/src/spot_micro/pico/sdk/micro_ros_raspberrypi_pico_sdk/libmicroros/libmicroros.a(libmicrocdr-basic.c.obj)
                0x0000000010009af0                ucdr_serialize_int16_t
 .text.ucdr_deserialize_int16_t
                0x0000000010009be4       0xec /home/ben/ros2_ws/src/spot_micro/pico/sdk/micro_ros_raspberrypi_pico_sdk/libmicroros/libmicroros.a(libmicrocdr-basic.c.obj)
                0x0000000010009be4                ucdr_deserialize_int16_t
 .text.ucdr_serialize_int32_t
                0x0000000010009cd0      0x11c /home/ben/ros2_ws/src/spot_micro/pico/sdk/micro_ros_raspberrypi_pico_sdk/libmicroros/libmicroros.a(libmicrocdr-basic.c.obj)
                0x0000000010009cd0                ucdr_serialize_int32_t
 .text.ucdr_deserialize_int32_t
                0x0000000010009dec      0x11c /home/ben/ros2_ws/src/spot_micro/pico/sdk/micro_ros_raspberrypi_pico_sdk/libmicroros/libmicroros.a(libmicrocdr-basic.c.obj)
                0x0000000010009dec                ucdr_deserialize_int32_t
 .text.ucdr_check_buffer_available_for
                0x0000000010009f08       0x1c /home/ben/ros2_ws/src/spot_micro/pico/sdk/micro_ros_raspberrypi_pico_sdk/libmicroros/libmicroros.a(libmicrocdr-common.c.obj)
                0x0000000010009f08                ucdr_check_buffer_available_for
 .text.ucdr_check_final_buffer_behavior
                0x0000000010009f24       0x38 /home/ben/ros2_ws/src/spot_micro/pico/sdk/micro_ros_raspberrypi_pico_sdk/libmicroros/libmicroros.a(libmicrocdr-common.c.obj)
                0x0000000010009f24                ucdr_check_final_buffer_behavior
 .text.ucdr_set_on_full_buffer_callback
                0x0000000010009f5c        0x8 /home/ben/ros2_ws/src/spot_micro/pico/sdk/micro_ros_raspberrypi_pico_sdk/libmicroros/libmicroros.a(libmicrocdr-common.c.obj)
                0x0000000010009f5c                ucdr_set_on_full_buffer_callback
 .text.ucdr_init_buffer_origin_offset_endian
                0x0000000010009f64       0x28 /home/ben/ros2_ws/src/spot_micro/pico/sdk/micro_ros_raspberrypi_pico_sdk/libmicroros/libmicroros.a(libmicrocdr-common.c.obj)
                0x0000000010009f64                ucdr_init_buffer_origin_offset_endian
 .text.ucdr_init_buffer_origin_offset
                0x0000000010009f8c       0x14 /home/ben/ros2_ws/src/spot_micro/pico/sdk/micro_ros_raspberrypi_pico_sdk/libmicroros/libmicroros.a(libmicrocdr-common.c.obj)
                0x0000000010009f8c                ucdr_init_buffer_origin_offset
 .text.ucdr_init_buffer_origin
                0x0000000010009fa0       0x10 /home/ben/ros2_ws/src/spot_micro/pico/sdk/micro_ros_raspberrypi_pico_sdk/libmicroros/libmicroros.a(libmicrocdr-common.c.obj)
                0x0000000010009fa0                ucdr_init_buffer_origin
 .text.ucdr_init_buffer
                0x0000000010009fb0        0xc /home/ben/ros2_ws/src/spot_micro/pico/sdk/micro_ros_raspberrypi_pico_sdk/libmicroros/libmicroros.a(libmicrocdr-common.c.obj)
                0x0000000010009fb0                ucdr_init_buffer
 .text.ucdr_alignment
                0x0000000010009fbc       0x10 /home/ben/ros2_ws/src/spot_micro/pico/sdk/micro_ros_raspberrypi_pico_sdk/libmicroros/libmicroros.a(libmicrocdr-common.c.obj)
                0x0000000010009fbc                ucdr_alignment
 .text.ucdr_buffer_alignment
                0x0000000010009fcc       0x1c /home/ben/ros2_ws/src/spot_micro/pico/sdk/micro_ros_raspberrypi_pico_sdk/libmicroros/libmicroros.a(libmicrocdr-common.c.obj)
                0x0000000010009fcc                ucdr_buffer_alignment
 .text.ucdr_align_to
                0x0000000010009fe8       0x24 /home/ben/ros2_ws/src/spot_micro/pico/sdk/micro_ros_raspberrypi_pico_sdk/libmicroros/libmicroros.a(libmicrocdr-common.c.obj)
                0x0000000010009fe8                ucdr_align_to
 .text.ucdr_buffer_length
                0x000000001000a00c        0x8 /home/ben/ros2_ws/src/spot_micro/pico/sdk/micro_ros_raspberrypi_pico_sdk/libmicroros/libmicroros.a(libmicrocdr-common.c.obj)
                0x000000001000a00c                ucdr_buffer_length
 .text.ucdr_buffer_remaining
                0x000000001000a014        0x8 /home/ben/ros2_ws/src/spot_micro/pico/sdk/micro_ros_raspberrypi_pico_sdk/libmicroros/libmicroros.a(libmicrocdr-common.c.obj)
                0x000000001000a014                ucdr_buffer_remaining
 .text.ucdr_check_final_buffer_behavior_array
                0x000000001000a01c       0x44 /home/ben/ros2_ws/src/spot_micro/pico/sdk/micro_ros_raspberrypi_pico_sdk/libmicroros/libmicroros.a(libmicrocdr-common.c.obj)
                0x000000001000a01c                ucdr_check_final_buffer_behavior_array
 .text.ucdr_advance_buffer
                0x000000001000a060       0x44 /home/ben/ros2_ws/src/spot_micro/pico/sdk/micro_ros_raspberrypi_pico_sdk/libmicroros/libmicroros.a(libmicrocdr-common.c.obj)
                0x000000001000a060                ucdr_advance_buffer
 .text.uxr_buffer_delete_entity
                0x000000001000a0a4       0x40 /home/ben/ros2_ws/src/spot_micro/pico/sdk/micro_ros_raspberrypi_pico_sdk/libmicroros/libmicroros.a(libmicroxrcedds_client-common_create_entities.c.obj)
                0x000000001000a0a4                uxr_buffer_delete_entity
 .text.uxr_common_create_entity
                0x000000001000a0e4       0x54 /home/ben/ros2_ws/src/spot_micro/pico/sdk/micro_ros_raspberrypi_pico_sdk/libmicroros/libmicroros.a(libmicroxrcedds_client-common_create_entities.c.obj)
                0x000000001000a0e4                uxr_common_create_entity
 .text.uxr_buffer_create_participant_bin
                0x000000001000a138       0x68 /home/ben/ros2_ws/src/spot_micro/pico/sdk/micro_ros_raspberrypi_pico_sdk/libmicroros/libmicroros.a(libmicroxrcedds_client-create_entities_bin.c.obj)
                0x000000001000a138                uxr_buffer_create_participant_bin
 .text.uxr_buffer_create_topic_bin
                0x000000001000a1a0       0x70 /home/ben/ros2_ws/src/spot_micro/pico/sdk/micro_ros_raspberrypi_pico_sdk/libmicroros/libmicroros.a(libmicroxrcedds_client-create_entities_bin.c.obj)
                0x000000001000a1a0                uxr_buffer_create_topic_bin
 .text.uxr_buffer_create_publisher_bin
                0x000000001000a210       0x70 /home/ben/ros2_ws/src/spot_micro/pico/sdk/micro_ros_raspberrypi_pico_sdk/libmicroros/libmicroros.a(libmicroxrcedds_client-create_entities_bin.c.obj)
                0x000000001000a210                uxr_buffer_create_publisher_bin
 .text.uxr_buffer_create_datawriter_bin
                0x000000001000a280      0x100 /home/ben/ros2_ws/src/spot_micro/pico/sdk/micro_ros_raspberrypi_pico_sdk/libmicroros/libmicroros.a(libmicroxrcedds_client-create_entities_bin.c.obj)
                0x000000001000a280                uxr_buffer_create_datawriter_bin
 .text.get_custom_error
                0x000000001000a380        0xc /home/ben/ros2_ws/src/spot_micro/pico/sdk/micro_ros_raspberrypi_pico_sdk/libmicroros/libmicroros.a(libmicroxrcedds_client-custom_transport.c.obj)
 .text.recv_custom_msg
                0x000000001000a38c       0xb4 /home/ben/ros2_ws/src/spot_micro/pico/sdk/micro_ros_raspberrypi_pico_sdk/libmicroros/libmicroros.a(libmicroxrcedds_client-custom_transport.c.obj)
 .text.send_custom_msg
                0x000000001000a440       0x64 /home/ben/ros2_ws/src/spot_micro/pico/sdk/micro_ros_raspberrypi_pico_sdk/libmicroros/libmicroros.a(libmicroxrcedds_client-custom_transport.c.obj)
 .text.uxr_set_custom_transport_callbacks
                0x000000001000a4a4       0x24 /home/ben/ros2_ws/src/spot_micro/pico/sdk/micro_ros_raspberrypi_pico_sdk/libmicroros/libmicroros.a(libmicroxrcedds_client-custom_transport.c.obj)
                0x000000001000a4a4                uxr_set_custom_transport_callbacks
 .text.uxr_init_custom_transport
                0x000000001000a4c8       0x88 /home/ben/ros2_ws/src/spot_micro/pico/sdk/micro_ros_raspberrypi_pico_sdk/libmicroros/libmicroros.a(libmicroxrcedds_client-custom_transport.c.obj)
                0x000000001000a4c8                uxr_init_custom_transport
 .text.uxr_close_custom_transport
                0x000000001000a550        0xc /home/ben/ros2_ws/src/spot_micro/pico/sdk/micro_ros_raspberrypi_pico_sdk/libmicroros/libmicroros.a(libmicroxrcedds_client-custom_transport.c.obj)
                0x000000001000a550                uxr_close_custom_transport
 .text.uxr_object_id
                0x000000001000a55c       0x10 /home/ben/ros2_ws/src/spot_micro/pico/sdk/micro_ros_raspberrypi_pico_sdk/libmicroros/libmicroros.a(libmicroxrcedds_client-object_id.c.obj)
                0x000000001000a55c                uxr_object_id
 .text.uxr_object_id_from_raw
                0x000000001000a56c       0x20 /home/ben/ros2_ws/src/spot_micro/pico/sdk/micro_ros_raspberrypi_pico_sdk/libmicroros/libmicroros.a(libmicroxrcedds_client-object_id.c.obj)
                0x000000001000a56c                uxr_object_id_from_raw
 .text.uxr_object_id_to_raw
                0x000000001000a58c       0x18 /home/ben/ros2_ws/src/spot_micro/pico/sdk/micro_ros_raspberrypi_pico_sdk/libmicroros/libmicroros.a(libmicroxrcedds_client-object_id.c.obj)
                0x000000001000a58c                uxr_object_id_to_raw
 .text.uxr_ping_agent_session
                0x000000001000a5a4       0x9c /home/ben/ros2_ws/src/spot_micro/pico/sdk/micro_ros_raspberrypi_pico_sdk/libmicroros/libmicroros.a(libmicroxrcedds_client-ping.c.obj)
                0x000000001000a5a4                uxr_ping_agent_session
 .text.uxr_ping_agent_attempts
                0x000000001000a640      0x198 /home/ben/ros2_ws/src/spot_micro/pico/sdk/micro_ros_raspberrypi_pico_sdk/libmicroros/libmicroros.a(libmicroxrcedds_client-ping.c.obj)
                0x000000001000a640                uxr_ping_agent_attempts
 .text.on_get_fragmentation_info
                0x000000001000a7d8       0x38 /home/ben/ros2_ws/src/spot_micro/pico/sdk/micro_ros_raspberrypi_pico_sdk/libmicroros/libmicroros.a(libmicroxrcedds_client-session.c.obj)
 .text.read_submessage_get_info
                0x000000001000a810       0x74 /home/ben/ros2_ws/src/spot_micro/pico/sdk/micro_ros_raspberrypi_pico_sdk/libmicroros/libmicroros.a(libmicroxrcedds_client-session.c.obj)
 .text.write_submessage_acknack.isra.0
                0x000000001000a884       0x6c /home/ben/ros2_ws/src/spot_micro/pico/sdk/micro_ros_raspberrypi_pico_sdk/libmicroros/libmicroros.a(libmicroxrcedds_client-session.c.obj)
 .text.uxr_init_session
                0x000000001000a8f0       0x48 /home/ben/ros2_ws/src/spot_micro/pico/sdk/micro_ros_raspberrypi_pico_sdk/libmicroros/libmicroros.a(libmicroxrcedds_client-session.c.obj)
                0x000000001000a8f0                uxr_init_session
 .text.uxr_set_status_callback
                0x000000001000a938        0xc /home/ben/ros2_ws/src/spot_micro/pico/sdk/micro_ros_raspberrypi_pico_sdk/libmicroros/libmicroros.a(libmicroxrcedds_client-session.c.obj)
                0x000000001000a938                uxr_set_status_callback
 .text.uxr_set_topic_callback
                0x000000001000a944        0xc /home/ben/ros2_ws/src/spot_micro/pico/sdk/micro_ros_raspberrypi_pico_sdk/libmicroros/libmicroros.a(libmicroxrcedds_client-session.c.obj)
                0x000000001000a944                uxr_set_topic_callback
 .text.uxr_set_request_callback
                0x000000001000a950        0xc /home/ben/ros2_ws/src/spot_micro/pico/sdk/micro_ros_raspberrypi_pico_sdk/libmicroros/libmicroros.a(libmicroxrcedds_client-session.c.obj)
                0x000000001000a950                uxr_set_request_callback
 .text.uxr_set_reply_callback
                0x000000001000a95c        0xc /home/ben/ros2_ws/src/spot_micro/pico/sdk/micro_ros_raspberrypi_pico_sdk/libmicroros/libmicroros.a(libmicroxrcedds_client-session.c.obj)
                0x000000001000a95c                uxr_set_reply_callback
 .text.uxr_create_output_best_effort_stream
                0x000000001000a968       0x3c /home/ben/ros2_ws/src/spot_micro/pico/sdk/micro_ros_raspberrypi_pico_sdk/libmicroros/libmicroros.a(libmicroxrcedds_client-session.c.obj)
                0x000000001000a968                uxr_create_output_best_effort_stream
 .text.uxr_create_output_reliable_stream
                0x000000001000a9a4       0x40 /home/ben/ros2_ws/src/spot_micro/pico/sdk/micro_ros_raspberrypi_pico_sdk/libmicroros/libmicroros.a(libmicroxrcedds_client-session.c.obj)
                0x000000001000a9a4                uxr_create_output_reliable_stream
 .text.uxr_create_input_best_effort_stream
                0x000000001000a9e4       0x2c /home/ben/ros2_ws/src/spot_micro/pico/sdk/micro_ros_raspberrypi_pico_sdk/libmicroros/libmicroros.a(libmicroxrcedds_client-session.c.obj)
                0x000000001000a9e4                uxr_create_input_best_effort_stream
 .text.uxr_create_input_reliable_stream
                0x000000001000aa10       0x34 /home/ben/ros2_ws/src/spot_micro/pico/sdk/micro_ros_raspberrypi_pico_sdk/libmicroros/libmicroros.a(libmicroxrcedds_client-session.c.obj)
                0x000000001000aa10                uxr_create_input_reliable_stream
 .text.uxr_epoch_nanos
                0x000000001000aa44       0x14 /home/ben/ros2_ws/src/spot_micro/pico/sdk/micro_ros_raspberrypi_pico_sdk/libmicroros/libmicroros.a(libmicroxrcedds_client-session.c.obj)
                0x000000001000aa44                uxr_epoch_nanos
 .text.uxr_flash_output_streams
                0x000000001000aa58       0xf4 /home/ben/ros2_ws/src/spot_micro/pico/sdk/micro_ros_raspberrypi_pico_sdk/libmicroros/libmicroros.a(libmicroxrcedds_client-session.c.obj)
                0x000000001000aa58                uxr_flash_output_streams
 .text.read_submessage_info
                0x000000001000ab4c       0xa8 /home/ben/ros2_ws/src/spot_micro/pico/sdk/micro_ros_raspberrypi_pico_sdk/libmicroros/libmicroros.a(libmicroxrcedds_client-session.c.obj)
                0x000000001000ab4c                read_submessage_info
 .text.read_submessage_list
                0x000000001000abf4      0x3f8 /home/ben/ros2_ws/src/spot_micro/pico/sdk/micro_ros_raspberrypi_pico_sdk/libmicroros/libmicroros.a(libmicroxrcedds_client-session.c.obj)
 .text.listen_message_reliably
                0x000000001000afec      0x2a0 /home/ben/ros2_ws/src/spot_micro/pico/sdk/micro_ros_raspberrypi_pico_sdk/libmicroros/libmicroros.a(libmicroxrcedds_client-session.c.obj)